--------- beginning of crash
08-19 01:09:39.538   506   506 F libc    : Fatal signal 6 (SIGABRT), code -1 (SI_QUEUE) in tid 506 (init), pid 506 (init)
08-19 01:09:39.578   506   506 F libc    : crash_dump helper failed to exec
--------- beginning of system
08-19 01:09:39.694   515   551 I QISL    : QSEE Interrupt Service Listener Thread is started
08-19 01:09:39.695   515   551 I QISL    : QSEE Interrupt Service Listener was activated successfully
08-19 01:09:39.741   553   553 I vold    : Vold 3.0 (the awakening) firing up
08-19 01:09:39.745   553   553 W vold    : Failed to LOOP_GET_STATUS64 /dev/block/loop3: No such device or address
08-19 01:09:39.745   553   553 W vold    : Failed to LOOP_GET_STATUS64 /dev/block/loop2: No such device or address
08-19 01:09:39.745   553   553 W vold    : Failed to LOOP_GET_STATUS64 /dev/block/loop6: No such device or address
08-19 01:09:39.745   553   553 W vold    : Failed to LOOP_GET_STATUS64 /dev/block/loop12: No such device or address
08-19 01:09:39.745   553   553 W vold    : Failed to LOOP_GET_STATUS64 /dev/block/loop7: No such device or address
08-19 01:09:39.745   553   553 W vold    : Failed to LOOP_GET_STATUS64 /dev/block/loop11: No such device or address
08-19 01:09:39.745   553   553 W vold    : Failed to LOOP_GET_STATUS64 /dev/block/loop15: No such device or address
08-19 01:09:39.745   553   553 W vold    : Failed to LOOP_GET_STATUS64 /dev/block/loop1: No such device or address
08-19 01:09:39.745   553   553 W vold    : Failed to LOOP_GET_STATUS64 /dev/block/loop9: No such device or address
08-19 01:09:39.745   553   553 W vold    : Failed to LOOP_GET_STATUS64 /dev/block/loop5: No such device or address
08-19 01:09:39.745   553   553 W vold    : Failed to LOOP_GET_STATUS64 /dev/block/loop4: No such device or address
08-19 01:09:39.745   553   553 W vold    : Failed to LOOP_GET_STATUS64 /dev/block/loop8: No such device or address
08-19 01:09:39.745   553   553 W vold    : Failed to LOOP_GET_STATUS64 /dev/block/loop14: No such device or address
08-19 01:09:39.745   553   553 W vold    : Failed to LOOP_GET_STATUS64 /dev/block/loop10: No such device or address
08-19 01:09:39.745   553   553 W vold    : Failed to LOOP_GET_STATUS64 /dev/block/loop0: No such device or address
08-19 01:09:39.745   553   553 W vold    : Failed to LOOP_GET_STATUS64 /dev/block/loop13: No such device or address
08-19 01:09:40.776   553   553 I Checkpoint: cp_prepareCheckpoint called
08-19 01:09:40.790   553   553 I vold    : fscrypt_initialize_systemwide_keys
08-19 01:09:40.794   553   553 I vold    : List of Keymaster HALs found:
08-19 01:09:40.794   553   553 I vold    : Keymaster HAL #1: Keymaster HAL: 4 from QTI SecurityLevel: TRUSTED_ENVIRONMENT HAL: android.hardware.keymaster@4.1::IKeymasterDevice/default
08-19 01:09:40.800   553   553 I vold    : Using Keymaster HAL: 4 from QTI for encryption.  Security level: TRUSTED_ENVIRONMENT, HAL: android.hardware.keymaster@4.1::IKeymasterDevice/default
08-19 01:09:40.817   553   553 I vold    : List of Keymaster HALs found:
08-19 01:09:40.817   553   553 I vold    : Keymaster HAL #1: Keymaster HAL: 4 from QTI SecurityLevel: TRUSTED_ENVIRONMENT HAL: android.hardware.keymaster@4.1::IKeymasterDevice/default
08-19 01:09:40.817   553   553 I vold    : Using Keymaster HAL: 4 from QTI for encryption.  Security level: TRUSTED_ENVIRONMENT, HAL: android.hardware.keymaster@4.1::IKeymasterDevice/default
08-19 01:09:40.868   553   553 I vold    : Wrote system DE key reference to:/data/unencrypted/ref
08-19 01:09:40.870   553   553 I vold    : List of Keymaster HALs found:
08-19 01:09:40.870   553   553 I vold    : Keymaster HAL #1: Keymaster HAL: 4 from QTI SecurityLevel: TRUSTED_ENVIRONMENT HAL: android.hardware.keymaster@4.1::IKeymasterDevice/default
08-19 01:09:40.870   553   553 I vold    : Using Keymaster HAL: 4 from QTI for encryption.  Security level: TRUSTED_ENVIRONMENT, HAL: android.hardware.keymaster@4.1::IKeymasterDevice/default
08-19 01:09:40.876   553   553 I vold    : List of Keymaster HALs found:
08-19 01:09:40.876   553   553 I vold    : Keymaster HAL #1: Keymaster HAL: 4 from QTI SecurityLevel: TRUSTED_ENVIRONMENT HAL: android.hardware.keymaster@4.1::IKeymasterDevice/default
08-19 01:09:40.876   553   553 I vold    : Using Keymaster HAL: 4 from QTI for encryption.  Security level: TRUSTED_ENVIRONMENT, HAL: android.hardware.keymaster@4.1::IKeymasterDevice/default
08-19 01:09:40.906   553   553 I vold    : Wrote per boot key reference to:/data/unencrypted/per_boot_ref
08-19 01:09:41.187   553   553 I vold    : List of Keymaster HALs found:
08-19 01:09:41.187   553   553 I vold    : Keymaster HAL #1: Keymaster HAL: 4 from QTI SecurityLevel: TRUSTED_ENVIRONMENT HAL: android.hardware.keymaster@4.1::IKeymasterDevice/default
08-19 01:09:41.187   553   553 I vold    : Using Keymaster HAL: 4 from QTI for encryption.  Security level: TRUSTED_ENVIRONMENT, HAL: android.hardware.keymaster@4.1::IKeymasterDevice/default
08-19 01:09:41.198   553   553 I vold    : List of Keymaster HALs found:
08-19 01:09:41.198   553   553 I vold    : Keymaster HAL #1: Keymaster HAL: 4 from QTI SecurityLevel: TRUSTED_ENVIRONMENT HAL: android.hardware.keymaster@4.1::IKeymasterDevice/default
08-19 01:09:41.198   553   553 I vold    : Using Keymaster HAL: 4 from QTI for encryption.  Security level: TRUSTED_ENVIRONMENT, HAL: android.hardware.keymaster@4.1::IKeymasterDevice/default
08-19 01:09:41.206   553   553 I vold    : Verified that /data/system_de/0 has the encryption policy bef9279abb92d467 v1 modes 127/4 flags 0x0
08-19 01:09:41.206   553   553 I vold    : Verified that /data/misc_de/0 has the encryption policy bef9279abb92d467 v1 modes 127/4 flags 0x0
08-19 01:09:41.206   553   553 I vold    : Verified that /data/vendor_de/0 has the encryption policy bef9279abb92d467 v1 modes 127/4 flags 0x0
08-19 01:09:41.206   553   553 I vold    : Verified that /data/user_de/0 has the encryption policy bef9279abb92d467 v1 modes 127/4 flags 0x0
08-07 11:58:53.333   770   770 I android.hardware.wifi@1.0-service: Wifi Hal is booting up...
08-07 11:58:53.348   770   770 I HidlServiceManagement: Registered android.hardware.wifi@1.4::IWifi/default (start delay of 258ms)
08-07 11:58:53.376   819   819 I irsc_util: Starting irsc tool
08-07 11:58:53.382   819   819 I irsc_util: Num of entries:298
08-07 11:58:53.382   819   819 I irsc_util: Ending irsc tool
08-07 11:58:57.949   979   979 I gsid    : no DSU: No such file or directory
08-07 11:58:58.630  1096  1096 I installd: installd firing up
08-07 11:58:58.746  1110  1110 I wificond: wificond is starting up...
08-07 11:58:58.858  1134  1134 I imsrcsd : Uce Service HAL  is starting up...
08-07 11:58:58.862  1134  1134 I imsrcsd : Uce Service HAL  loading imsrcsbaseimpl
08-07 11:58:58.919   837   837 W BpBinder: PerfMonitor binderTransact :  time=318ms interface=android.os.IServiceManager code=2
08-07 11:58:58.926  1110  1110 I HidlServiceManagement: Registered android.system.wifi.keystore@1.0::IKeystore/default (start delay of 256ms)
08-07 11:58:59.020  1134  1134 I imsrcsd : Starting Service for First Time imsbaseimpl
08-07 11:58:59.029  1134  1134 I HidlServiceManagement: Registered com.qualcomm.qti.uceservice@2.2::IUceService/com.qualcomm.qti.uceservice (start delay of 270ms)
08-07 11:58:59.030  1134  1134 I imsrcsd : ImsRcsBaseImpl CM_IMSCONNECTIONMANAGER_CREATE_CONNECTION Before Registering Service
08-07 11:58:59.033  1134  1134 I HidlServiceManagement: Registered com.qualcomm.qti.imscmservice@2.2::IImsCmService/qti.ims.connectionmanagerservice (start delay of 274ms)
08-07 11:58:59.033  1134  1134 I imsrcsd : ImsRcsBaseImpl CM_IMSCONNECTIONMANAGER_CREATE_CONNECTION After Registering Service
08-07 11:58:59.037  1134  1134 I HidlServiceManagement: Registered vendor.qti.ims.callinfo@1.0::IService/default (start delay of 277ms)
08-07 11:58:59.037  1134  1134 I imsrcsd : ImsRcsBaseImpl ImsCallInfo After Registering Service
08-07 11:58:59.043  1134  1134 I HidlServiceManagement: Registered vendor.qti.ims.factory@1.0::IImsFactory/default (start delay of 284ms)
08-07 11:58:59.044  1134  1134 I imsrcsd : ImsRcsBaseImpl : Successfully registered ImsFactory
08-07 11:58:59.455   995  1003 W BpBinder: PerfMonitor binderTransact :  time=1296ms interface=vendor.qcom.IPeripheralManager code=5
08-07 11:59:00.278  1439  1439 I imsrcsd : Uce Service HAL  is starting up...
08-07 11:59:00.278  1439  1439 I imsrcsd : getAndroidPropValue : vendor.ims.DATA_DAEMON_STATUS[1]
08-07 11:59:00.945  1448  1448 I SystemServerTiming: InitBeforeStartServices
08-07 11:59:00.949  1448  1448 I SystemServer: Entered the Android system server!
08-07 11:59:01.290  1448  1448 I SystemServerInitThreadPool: Creating instance with 8 threads
08-07 11:59:01.290  1448  1448 I SystemServerTiming: StartServices
08-07 11:59:01.290  1448  1448 I SystemServerTiming: startBootstrapServices
08-07 11:59:01.290  1448  1448 I SystemServerTiming: StartWatchdog
08-07 11:59:01.333  1448  1448 I SystemServer: Reading configuration...
08-07 11:59:01.333  1448  1448 I SystemServerTiming: ReadingSystemConfig
08-07 11:59:01.334  1448  1448 I SystemServerTiming: PlatformCompat
08-07 11:59:01.334  1448  1600 I SystemServerTimingAsync: InitThreadPoolExec:ReadingSystemConfig
08-07 11:59:01.346  1448  1600 I SystemConfig: Reading permissions from /system/etc/sysconfig/hiddenapi-package-whitelist.xml
08-07 11:59:01.353  1448  1600 I SystemConfig: Reading permissions from /system/etc/sysconfig/com.miui.core.config.xml
08-07 11:59:01.360  1448  1600 I SystemConfig: Reading permissions from /system/etc/sysconfig/preinstalled-packages-platform-full-base.xml
08-07 11:59:01.364  1448  1600 I SystemConfig: Reading permissions from /system/etc/sysconfig/power-save-conf.xml
08-07 11:59:01.369  1448  1600 I SystemConfig: Reading permissions from /system/etc/sysconfig/framework-sysconfig.xml
08-07 11:59:01.371  1448  1600 I SystemConfig: Reading permissions from /system/etc/sysconfig/miui_whitelist.xml
08-07 11:59:01.373  1448  1600 I SystemConfig: Reading permissions from /system/etc/sysconfig/qti_whitelist.xml
08-07 11:59:01.375  1448  1600 I SystemConfig: Reading permissions from /system/etc/sysconfig/preinstalled-packages-platform.xml
08-07 11:59:01.377  1448  1600 I SystemConfig: Reading permissions from /system/etc/sysconfig/turbo-sysconfig.xml
08-07 11:59:01.381  1448  1600 I SystemConfig: Reading permissions from /system/etc/permissions/android.software.webview.xml
08-07 11:59:01.383  1448  1600 I SystemConfig: Reading permissions from /system/etc/permissions/privapp-permissions-google-system.xml
08-07 11:59:01.385  1448  1600 I SystemConfig: Reading permissions from /system/etc/permissions/facebook-hiddenapi-package-whitelist.xml
08-07 11:59:01.386  1448  1600 I SystemConfig: Reading permissions from /system/etc/permissions/GoogleDocumentsUI_permissions.xml
08-07 11:59:01.387  1448  1600 I SystemConfig: Reading permissions from /system/etc/permissions/version-seperation.xml
08-07 11:59:01.389  1448  1600 I SystemConfig: Reading permissions from /system/etc/permissions/facebook-miui.xml
08-07 11:59:01.390  1448  1600 I SystemConfig: Reading permissions from /system/etc/permissions/android.hardware.ethernet.xml
08-07 11:59:01.391  1448  1600 I SystemConfig: Reading permissions from /system/etc/permissions/privapp-permissions-miui-above-Q.xml
08-07 11:59:01.392  1448  1600 I SystemConfig: Reading permissions from /system/etc/permissions/GooglePermissionController_permissions.xml
08-07 11:59:01.394  1448  1600 I SystemConfig: Reading permissions from /system/etc/permissions/vendor.xiaomi.hardware.misys.V3_0-permission.xml
08-07 11:59:01.395  1448  1600 I SystemConfig: Reading permissions from /system/etc/permissions/android.hardware.fingerprint.xml
08-07 11:59:01.400  1448  1600 I SystemConfig: Reading permissions from /system/etc/permissions/privapp-permissions-miui.xml
08-07 11:59:01.404  1448  1448 I SystemServerTiming: StartFileIntegrityService
08-07 11:59:01.404  1448  1448 I SystemServiceManager: Starting com.android.server.security.FileIntegrityService
08-07 11:59:01.410  1448  1600 I SystemConfig: Reading permissions from /system/etc/permissions/org.apache.http.legacy.xml
08-07 11:59:01.410  1448  1448 I SystemServerTiming: StartInstaller
08-07 11:59:01.410  1448  1448 I SystemServiceManager: Starting com.android.server.pm.Installer
08-07 11:59:01.411  1448  1600 I SystemConfig: Reading permissions from /system/etc/permissions/com.android.future.usb.accessory.xml
08-07 11:59:01.412  1448  1600 I SystemConfig: Reading permissions from /system/etc/permissions/android.test.mock.xml
08-07 11:59:01.413  1448  1448 I SystemServerTiming: DeviceIdentifiersPolicyService
08-07 11:59:01.413  1448  1448 I SystemServiceManager: Starting com.android.server.os.DeviceIdentifiersPolicyService
08-07 11:59:01.413  1448  1600 I SystemConfig: Reading permissions from /system/etc/permissions/privapp-permissions-platform.xml
08-07 11:59:01.414  1448  1448 I SystemServerTiming: UriGrantsManagerService
08-07 11:59:01.414  1448  1448 I SystemServiceManager: Starting com.android.server.uri.UriGrantsManagerService$Lifecycle
08-07 11:59:01.415  1448  1448 I SystemServerTiming: StartActivityManager
08-07 11:59:01.415  1448  1448 I SystemServiceManager: Starting com.android.server.wm.ActivityTaskManagerService$Lifecycle
08-07 11:59:01.418  1448  1600 I SystemConfig: Reading permissions from /system/etc/permissions/android.test.runner.xml
08-07 11:59:01.420  1448  1448 I SystemServiceManager: Starting com.android.server.am.PeriodicCleanerService
08-07 11:59:01.424  1448  1600 I SystemConfig: Reading permissions from /system/etc/permissions/android.software.live_wallpaper.xml
08-07 11:59:01.424  1448  1448 I SystemServiceManager: Starting com.android.server.am.ActivityManagerService$Lifecycle
08-07 11:59:01.428  1448  1600 I SystemConfig: Reading permissions from /system/etc/permissions/android.test.base.xml
08-07 11:59:01.429  1448  1600 I SystemConfig: Reading permissions from /system/etc/permissions/settings-aapt2-lib-rename.xml
08-07 11:59:01.432  1448  1600 I SystemConfig: Reading permissions from /system/etc/permissions/readproc_permission.xml
08-07 11:59:01.435  1448  1600 I SystemConfig: Reading permissions from /system/etc/permissions/vendor.xiaomi.hardware.misys-V1.0-java-permission.xml
08-07 11:59:01.437  1448  1600 I SystemConfig: Reading permissions from /system/etc/permissions/com.android.mediadrm.signer.xml
08-07 11:59:01.437  1448  1448 I ActivityManager: Memory class: 128
08-07 11:59:01.445  1448  1600 I SystemConfig: Reading permissions from /system/etc/permissions/com.android.location.provider.xml
08-07 11:59:01.446  1448  1600 I SystemConfig: Reading permissions from /system/etc/permissions/com.miui.okhttp.xml
08-07 11:59:01.447  1448  1600 I SystemConfig: Reading permissions from /system/etc/permissions/GoogleExtServices_permissions.xml
08-07 11:59:01.448  1448  1600 I SystemConfig: Reading permissions from /system/etc/permissions/com.google.android.maps.xml
08-07 11:59:01.449  1448  1600 I SystemConfig: Reading permissions from /system/etc/permissions/com.google.lens.feature.CAMERA_INTEGRATION.xml
08-07 11:59:01.450  1448  1600 I SystemConfig: Reading permissions from /system/etc/permissions/vendor.xiaomi.hardware.misys-V2.0-java-permission.xml
08-07 11:59:01.455  1448  1600 I SystemConfig: Reading permissions from /system/etc/permissions/com.android.media.remotedisplay.xml
08-07 11:59:01.460  1448  1600 I SystemConfig: Reading permissions from /system/etc/permissions/platform-miui.xml
08-07 11:59:01.462  1448  1600 I SystemConfig: Reading permissions from /system/etc/permissions/GoogleNetworkStack_permissions.xml
08-07 11:59:01.463  1448  1600 I SystemConfig: Reading permissions from /system/etc/permissions/micloud-sdk.xml
08-07 11:59:01.466  1448  1600 I SystemConfig: Reading permissions from /system/etc/permissions/com.android.settingslib.search.xml
08-07 11:59:01.467  1448  1600 I SystemConfig: Reading permissions from /system/etc/permissions/privapp-permissions-qti.xml
08-07 11:59:01.470  1448  1600 I SystemConfig: Reading permissions from /system/etc/permissions/com.wapi.wapicertstore.xml
08-07 11:59:01.471  1448  1600 I SystemConfig: Reading permissions from /system/etc/permissions/javax.obex.xml
08-07 11:59:01.472  1448  1600 I SystemConfig: Reading permissions from /system/etc/permissions/platform.xml
08-07 11:59:01.476  1448  1600 I SystemConfig: Reading permissions from /vendor/etc/permissions/android.hardware.location.gps.xml
08-07 11:59:01.476  1448  1600 I SystemConfig: Reading permissions from /vendor/etc/permissions/android.hardware.camera.raw.xml
08-07 11:59:01.477  1448  1600 I SystemConfig: Reading permissions from /vendor/etc/permissions/android.hardware.touchscreen.multitouch.jazzhand.xml
08-07 11:59:01.478  1448  1600 I SystemConfig: Reading permissions from /vendor/etc/permissions/android.hardware.sensor.accelerometer.xml
08-07 11:59:01.478  1448  1600 I SystemConfig: Reading permissions from /vendor/etc/permissions/android.hardware.usb.host.xml
08-07 11:59:01.479  1448  1600 I SystemConfig: Reading permissions from /vendor/etc/permissions/android.software.vulkan.deqp.level.xml
08-07 11:59:01.480  1448  1600 I SystemConfig: Reading permissions from /vendor/etc/permissions/android.hardware.telephony.gsm.xml
08-07 11:59:01.481  1448  1600 I SystemConfig: Reading permissions from /vendor/etc/permissions/vendor-qti-hardware-sensorscalibrate.xml
08-07 11:59:01.482  1448  1600 I SystemConfig: Reading permissions from /vendor/etc/permissions/android.hardware.vulkan.level-1.xml
08-07 11:59:01.483  1448  1600 I SystemConfig: Reading permissions from /vendor/etc/permissions/android.hardware.camera.flash-autofocus.xml
08-07 11:59:01.483  1448  1600 I SystemConfig: Reading permissions from /vendor/etc/permissions/android.software.verified_boot.xml
08-07 11:59:01.484  1448  1600 I SystemConfig: Reading permissions from /vendor/etc/permissions/android.hardware.camera.front.xml
08-07 11:59:01.485  1448  1600 I SystemConfig: Reading permissions from /vendor/etc/permissions/android.hardware.audio.pro.xml
08-07 11:59:01.486  1448  1600 I SystemConfig: Reading permissions from /vendor/etc/permissions/android.hardware.camera.full.xml
08-07 11:59:01.489  1448  1600 I SystemConfig: Reading permissions from /vendor/etc/permissions/android.hardware.sensor.gyroscope.xml
08-07 11:59:01.491  1448  1600 I SystemConfig: Reading permissions from /vendor/etc/permissions/vendor.qti.hardware.factory.xml
08-07 11:59:01.493  1448  1600 I SystemConfig: Reading permissions from /vendor/etc/permissions/android.hardware.wifi.xml
08-07 11:59:01.500  1448  1600 I SystemConfig: Reading permissions from /vendor/etc/permissions/android.hardware.bluetooth_le.xml
08-07 11:59:01.501  1448  1600 I SystemConfig: Reading permissions from /vendor/etc/permissions/android.hardware.usb.accessory.xml
08-07 11:59:01.504  1448  1600 I SystemConfig: Reading permissions from /vendor/etc/permissions/android.software.sip.voip.xml
08-07 11:59:01.505  1448  1600 I SystemConfig: Reading permissions from /vendor/etc/permissions/android.hardware.sensor.proximity.xml
08-07 11:59:01.508  1448  1600 I SystemConfig: Reading permissions from /vendor/etc/permissions/android.hardware.vulkan.compute-0.xml
08-07 11:59:01.510  1448  1600 I SystemConfig: Reading permissions from /vendor/etc/permissions/android.software.midi.xml
08-07 11:59:01.511  1448  1600 I SystemConfig: Reading permissions from /vendor/etc/permissions/android.hardware.wifi.direct.xml
08-07 11:59:01.513  1448  1600 I SystemConfig: Reading permissions from /vendor/etc/permissions/android.hardware.vulkan.version-1_1.xml
08-07 11:59:01.513  1448  1600 I SystemConfig: Reading permissions from /vendor/etc/permissions/android.hardware.opengles.aep.xml
08-07 11:59:01.514  1448  1600 I SystemConfig: Reading permissions from /vendor/etc/permissions/android.hardware.sensor.compass.xml
08-07 11:59:01.515  1448  1600 I SystemConfig: Reading permissions from /vendor/etc/permissions/android.hardware.light.xml
08-07 11:59:01.515  1448  1600 I SystemConfig: Reading permissions from /vendor/etc/permissions/android.hardware.sensor.stepcounter.xml
08-07 11:59:01.516  1448  1600 I SystemConfig: Reading permissions from /vendor/etc/permissions/android.hardware.telephony.ims.xml
08-07 11:59:01.517  1448  1600 I SystemConfig: Reading permissions from /vendor/etc/permissions/android.hardware.audio.low_latency.xml
08-07 11:59:01.518  1448  1600 I SystemConfig: Reading permissions from /vendor/etc/permissions/com.fingerprints.extension.xml
08-07 11:59:01.519  1448  1600 I SystemConfig: Reading permissions from /vendor/etc/permissions/android.hardware.telephony.cdma.xml
08-07 11:59:01.521  1448  1600 I SystemConfig: Reading permissions from /vendor/etc/permissions/android.hardware.consumerir.xml
08-07 11:59:01.521  1448  1600 I SystemConfig: Reading permissions from /vendor/etc/permissions/android.software.ipsec_tunnels.xml
08-07 11:59:01.522  1448  1600 I SystemConfig: Reading permissions from /vendor/etc/permissions/android.hardware.sensor.light.xml
08-07 11:59:01.523  1448  1600 I SystemConfig: Reading permissions from /vendor/etc/permissions/handheld_core_hardware.xml
08-07 11:59:01.524  1448  1600 I SystemConfig: Reading permissions from /vendor/etc/permissions/android.hardware.wifi.passpoint.xml
08-07 11:59:01.525  1448  1600 I SystemConfig: Reading permissions from /vendor/etc/permissions/android.hardware.bluetooth.xml
08-07 11:59:01.526  1448  1600 I SystemConfig: Reading permissions from /vendor/etc/permissions/android.hardware.sensor.stepdetector.xml
08-07 11:59:01.527  1448  1600 I SystemConfig: Reading permissions from /product/etc/sysconfig/zero_touch.xml
08-07 11:59:01.528  1448  1600 I SystemConfig: Reading permissions from /product/etc/sysconfig/preinstalled-packages-platform-handheld-product.xml
08-07 11:59:01.529  1448  1600 I SystemConfig: Reading permissions from /product/etc/sysconfig/google-staged-installer-whitelist.xml
08-07 11:59:01.531  1448  1600 I SystemConfig: Reading permissions from /product/etc/sysconfig/com.google.android.mainline.patchlevel.1.xml
08-07 11:59:01.531  1448  1600 I SystemConfig: Reading permissions from /product/etc/sysconfig/preinstalled-packages-platform-overlays.xml
08-07 11:59:01.532  1448  1600 I SystemConfig: Reading permissions from /product/etc/sysconfig/google-rollback-package-whitelist.xml
08-07 11:59:01.533  1448  1600 I SystemConfig: Reading permissions from /product/etc/sysconfig/google.xml
08-07 11:59:01.534  1448  1600 I SystemConfig: Reading permissions from /product/etc/sysconfig/google-hiddenapi-package-allowlist.xml
08-07 11:59:01.535  1448  1600 I SystemConfig: Reading permissions from /product/etc/sysconfig/wellbeing.xml
08-07 11:59:01.536  1448  1600 I SystemConfig: Reading permissions from /product/etc/permissions/com.google.android.dialer.support.xml
08-07 11:59:01.536  1448  1600 I SystemConfig: Reading permissions from /product/etc/permissions/vendor.qti.hardware.data.connection-V1.0-java.xml
08-07 11:59:01.537  1448  1600 I SystemConfig: Reading permissions from /product/etc/permissions/split-permissions-google.xml
08-07 11:59:01.537  1448  1600 I SystemConfig: Reading permissions from /product/etc/permissions/vendor.qti.hardware.data.connection-V1.1-java.xml
08-07 11:59:01.538  1448  1600 I SystemConfig: Reading permissions from /product/etc/permissions/privapp-permissions-google-comms-suite.xml
08-07 11:59:01.539  1448  1600 I SystemConfig: Reading permissions from /product/etc/permissions/privapp-permissions-google-product.xml
08-07 11:59:01.544  1448  1600 I SystemConfig: Reading permissions from /product/etc/permissions/telephony_product_privapp-permissions-qti.xml
08-07 11:59:01.546  1448  1600 I SystemConfig: Reading permissions from /product/etc/permissions/com.android.settings.intelligence.xml
08-07 11:59:01.547  1448  1600 I SystemConfig: Reading permissions from /product/etc/permissions/ims_ext_common.xml
08-07 11:59:01.548  1448  1600 I SystemConfig: Reading permissions from /product/etc/permissions/com.qti.snapdragon.sdk.display.xml
08-07 11:59:01.549  1448  1600 W SystemConfig: No directory /system_ext/etc/sysconfig, skipping
08-07 11:59:01.550  1448  1600 I SystemConfig: Reading permissions from /system_ext/etc/permissions/RemoteSimlock.xml
08-07 11:59:01.551  1448  1600 I SystemConfig: Reading permissions from /system_ext/etc/permissions/com.qualcomm.qti.imscmservice.xml
08-07 11:59:01.553  1448  1600 I SystemConfig: Reading permissions from /system_ext/etc/permissions/com.android.systemui.xml
08-07 11:59:01.554  1448  1600 I SystemConfig: Reading permissions from /system_ext/etc/permissions/uimremoteclient.xml
08-07 11:59:01.555  1448  1600 I SystemConfig: Reading permissions from /system_ext/etc/permissions/qti_telephony_hidl_wrapper.xml
08-07 11:59:01.556  1448  1600 I SystemConfig: Reading permissions from /system_ext/etc/permissions/audiosphere.xml
08-07 11:59:01.557  1448  1600 I SystemConfig: Reading permissions from /system_ext/etc/permissions/com.android.carrierconfig.xml
08-07 11:59:01.557  1448  1600 I SystemConfig: Reading permissions from /system_ext/etc/permissions/qti_permissions.xml
08-07 11:59:01.558  1448  1600 I SystemConfig: Reading permissions from /system_ext/etc/permissions/com.android.emergency.xml
08-07 11:59:01.559  1448  1600 I SystemConfig: Reading permissions from /system_ext/etc/permissions/telephony_system-ext_privapp-permissions-qti.xml
08-07 11:59:01.560  1448  1600 I SystemConfig: Reading permissions from /system_ext/etc/permissions/embms.xml
08-07 11:59:01.560  1448  1600 I SystemConfig: Reading permissions from /system_ext/etc/permissions/lpa.xml
08-07 11:59:01.561  1448  1600 I SystemConfig: Reading permissions from /system_ext/etc/permissions/com.qualcomm.qti.imscmservice-V2.2-java.xml
08-07 11:59:01.562  1448  1600 I SystemConfig: Reading permissions from /system_ext/etc/permissions/RemoteSimlockManager.xml
08-07 11:59:01.563  1448  1600 I SystemConfig: Reading permissions from /system_ext/etc/permissions/qcrilhook.xml
08-07 11:59:01.563  1448  1600 I SystemConfig: Reading permissions from /system_ext/etc/permissions/uimremoteserver.xml
08-07 11:59:01.564  1448  1600 I SystemConfig: Reading permissions from /system_ext/etc/permissions/embms-noship_product_privapp_permissions_qti.xml
08-07 11:59:01.565  1448  1600 I SystemConfig: Reading permissions from /system_ext/etc/permissions/com.qualcomm.qmapbridge.xml
08-07 11:59:01.565  1448  1600 I SystemConfig: Reading permissions from /system_ext/etc/permissions/privapp-permissions-miui-settings.xml
08-07 11:59:01.567  1448  1600 I SystemConfig: Reading permissions from /system_ext/etc/permissions/com.qti.media.secureprocessor.xml
08-07 11:59:01.567  1448  1600 I SystemConfig: Reading permissions from /system_ext/etc/permissions/UimGba.xml
08-07 11:59:01.568  1448  1600 I SystemConfig: Reading permissions from /system_ext/etc/permissions/telephonyservice.xml
08-07 11:59:01.571  1448  1600 I SystemConfig: Reading permissions from /system_ext/etc/permissions/wfd-system-ext-privapp-permissions-qti.xml
08-07 11:59:01.575  1448  1600 I SystemConfig: Reading permissions from /system_ext/etc/permissions/qti_telephony_utils.xml
08-07 11:59:01.576  1448  1600 I SystemConfig: Reading permissions from /system_ext/etc/permissions/privapp-permissions-com.qualcomm.location.xml
08-07 11:59:01.577  1448  1600 I SystemConfig: Reading permissions from /system_ext/etc/permissions/com.android.cellbroadcastreceiver.xml
08-07 11:59:01.578  1448  1600 I SystemConfig: Reading permissions from /system_ext/etc/permissions/com.qualcomm.qti.izattools.xml
08-07 11:59:01.579  1448  1600 I SystemConfig: Reading permissions from /system_ext/etc/permissions/UimService.xml
08-07 11:59:01.580  1448  1600 I SystemConfig: Reading permissions from /system_ext/etc/permissions/UimGbaManager.xml
08-07 11:59:01.580  1448  1600 I SystemConfig: Reading permissions from /system_ext/etc/permissions/qti_libpermissions.xml
08-07 11:59:01.581  1448  1600 I SystemConfig: Reading permissions from /system_ext/etc/permissions/com.android.storagemanager.xml
08-07 11:59:01.582  1448  1600 I SystemConfig: Reading permissions from /system_ext/etc/permissions/dpmapi.xml
08-07 11:59:01.583  1448  1600 I SystemConfig: Reading permissions from /system_ext/etc/permissions/com.qualcomm.location.xml
08-07 11:59:01.583  1448  1600 I SystemConfig: Reading permissions from /system_ext/etc/permissions/com.qti.dpmframework.xml
08-07 11:59:01.584  1448  1600 I SystemConfig: Reading permissions from /system_ext/etc/permissions/com.android.settings.xml
08-07 11:59:01.585  1448  1600 I SystemConfig: Reading permissions from /system_ext/etc/permissions/com.qti.location.sdk.xml
08-07 11:59:01.586  1448  1600 I SystemConfig: Reading permissions from /system_ext/etc/permissions/izat.xt.srv.xml
08-07 11:59:01.586  1448  1600 I SystemConfig: Reading permissions from /system_ext/etc/permissions/com.qualcomm.qti.imscmservice-V2.0-java.xml
08-07 11:59:01.587  1448  1600 I SystemConfig: Reading permissions from /system_ext/etc/permissions/privapp-permissions-google-system-ext.xml
08-07 11:59:01.588  1448  1600 I SystemConfig: Reading permissions from /system_ext/etc/permissions/com.qualcomm.qti.imscmservice-V2.1-java.xml
08-07 11:59:01.591  1448  1600 I SystemConfig: Reading permissions from /apex/com.android.ipsec/etc/permissions/android.net.ipsec.ike.xml
08-07 11:59:01.685  1448  1703 I KernelCpuUidFreqTimeReader: mPerClusterTimesAvailable=false
08-07 11:59:01.686  1448  1703 W UidAppKernelProcStringReader: File not found. It's normal if not implemented: /proc/uid_cputime/show_sys_app_stat
08-07 11:59:01.686  1448  1703 W UidAppKernelProcStringReader: File not found. It's normal if not implemented: /proc/sys_app_time_in_state
08-07 11:59:01.686  1448  1703 W UidAppKernelProcStringReader: File not found. It's normal if not implemented: /proc/sys_app_concurrent_active_time
08-07 11:59:01.686  1448  1703 W UidAppKernelProcStringReader: File not found. It's normal if not implemented: /proc/sys_app_concurrent_policy_time
08-07 11:59:02.117  1448  1448 I IntentFirewall: Read new rules (A:0 B:0 S:0)
08-07 11:59:02.135  1448  1448 I SystemServerTiming: StartDataLoaderManagerService
08-07 11:59:02.135  1448  1448 I SystemServiceManager: Starting com.android.server.pm.DataLoaderManagerService
08-07 11:59:02.136  1448  1448 I SystemServerTiming: StartIncrementalService
08-07 11:59:02.144  1448  1448 I SystemServerTiming: StartPowerManager
08-07 11:59:02.144  1448  1448 I SystemServiceManager: Starting com.android.server.power.PowerManagerService
08-07 11:59:02.176  1448  1448 I SystemServerTiming: StartThermalManager
08-07 11:59:02.176  1448  1448 I SystemServiceManager: Starting com.android.server.power.ThermalManagerService
08-07 11:59:02.177  1448  1448 I SystemServerTiming: InitPowerManagement
08-07 11:59:02.178  1448  1448 I SystemServerTiming: StartRecoverySystemService
08-07 11:59:02.178  1448  1448 I SystemServiceManager: Starting com.android.server.recoverysystem.RecoverySystemService$Lifecycle
08-07 11:59:02.183  1448  1448 I PackageWatchdog: Syncing state, reason: added new observer
08-07 11:59:02.183  1448  1448 I PackageWatchdog: Not pruning observers, elapsed time: 0ms
08-07 11:59:02.183  1448  1448 I PackageWatchdog: Cancelling state sync, nothing to sync
08-07 11:59:02.183  1448  1607 I PackageWatchdog: Saving observer state to file
08-07 11:59:02.184  1448  1448 I SystemServerTiming: StartLightsService
08-07 11:59:02.184  1448  1448 I SystemServiceManager: Starting com.android.server.lights.MiuiLightsService
08-07 11:59:02.193  1448  1448 W LightsService: Field :lightstyle_default not found for current device 
08-07 11:59:02.193  1448  1448 W LightsService: java.lang.NoSuchFieldException: No field lightstyle_default in class Landroid/miui/R$raw; (declaration of 'android.miui.R$raw' appears in /system/framework/framework.jar!classes2.dex)
08-07 11:59:02.193  1448  1448 W LightsService: 	at java.lang.Class.getDeclaredField(Native Method)
08-07 11:59:02.193  1448  1448 W LightsService: 	at com.android.server.lights.LightStyleLoader.getIdentifierByReflect(LightStyleLoader.java:115)
08-07 11:59:02.193  1448  1448 W LightsService: 	at com.android.server.lights.LightStyleLoader.<init>(LightStyleLoader.java:42)
08-07 11:59:02.193  1448  1448 W LightsService: 	at com.android.server.lights.MiuiLightsService.<init>(MiuiLightsService.java:102)
08-07 11:59:02.193  1448  1448 W LightsService: 	at java.lang.reflect.Constructor.newInstance0(Native Method)
08-07 11:59:02.193  1448  1448 W LightsService: 	at java.lang.reflect.Constructor.newInstance(Constructor.java:343)
08-07 11:59:02.193  1448  1448 W LightsService: 	at com.android.server.SystemServiceManager.startService(SystemServiceManager.java:150)
08-07 11:59:02.193  1448  1448 W LightsService: 	at com.android.server.SystemServer.startBootstrapServices(SystemServer.java:891)
08-07 11:59:02.193  1448  1448 W LightsService: 	at com.android.server.SystemServer.run(SystemServer.java:624)
08-07 11:59:02.193  1448  1448 W LightsService: 	at com.android.server.SystemServer.main(SystemServer.java:433)
08-07 11:59:02.193  1448  1448 W LightsService: 	at java.lang.reflect.Method.invoke(Native Method)
08-07 11:59:02.193  1448  1448 W LightsService: 	at com.android.internal.os.RuntimeInit$MethodAndArgsCaller.run(RuntimeInit.java:656)
08-07 11:59:02.193  1448  1448 W LightsService: 	at com.android.internal.os.ZygoteInit.main(ZygoteInit.java:945)
08-07 11:59:02.194  1448  1448 W LightsService: Field :lightstyle_phone not found for current device 
08-07 11:59:02.194  1448  1448 W LightsService: java.lang.NoSuchFieldException: No field lightstyle_phone in class Landroid/miui/R$raw; (declaration of 'android.miui.R$raw' appears in /system/framework/framework.jar!classes2.dex)
08-07 11:59:02.194  1448  1448 W LightsService: 	at java.lang.Class.getDeclaredField(Native Method)
08-07 11:59:02.194  1448  1448 W LightsService: 	at com.android.server.lights.LightStyleLoader.getIdentifierByReflect(LightStyleLoader.java:115)
08-07 11:59:02.194  1448  1448 W LightsService: 	at com.android.server.lights.LightStyleLoader.<init>(LightStyleLoader.java:43)
08-07 11:59:02.194  1448  1448 W LightsService: 	at com.android.server.lights.MiuiLightsService.<init>(MiuiLightsService.java:102)
08-07 11:59:02.194  1448  1448 W LightsService: 	at java.lang.reflect.Constructor.newInstance0(Native Method)
08-07 11:59:02.194  1448  1448 W LightsService: 	at java.lang.reflect.Constructor.newInstance(Constructor.java:343)
08-07 11:59:02.194  1448  1448 W LightsService: 	at com.android.server.SystemServiceManager.startService(SystemServiceManager.java:150)
08-07 11:59:02.194  1448  1448 W LightsService: 	at com.android.server.SystemServer.startBootstrapServices(SystemServer.java:891)
08-07 11:59:02.194  1448  1448 W LightsService: 	at com.android.server.SystemServer.run(SystemServer.java:624)
08-07 11:59:02.194  1448  1448 W LightsService: 	at com.android.server.SystemServer.main(SystemServer.java:433)
08-07 11:59:02.194  1448  1448 W LightsService: 	at java.lang.reflect.Method.invoke(Native Method)
08-07 11:59:02.194  1448  1448 W LightsService: 	at com.android.internal.os.RuntimeInit$MethodAndArgsCaller.run(RuntimeInit.java:656)
08-07 11:59:02.194  1448  1448 W LightsService: 	at com.android.internal.os.ZygoteInit.main(ZygoteInit.java:945)
08-07 11:59:02.194  1448  1448 W LightsService: Field :lightstyle_game not found for current device 
08-07 11:59:02.194  1448  1448 W LightsService: java.lang.NoSuchFieldException: No field lightstyle_game in class Landroid/miui/R$raw; (declaration of 'android.miui.R$raw' appears in /system/framework/framework.jar!classes2.dex)
08-07 11:59:02.194  1448  1448 W LightsService: 	at java.lang.Class.getDeclaredField(Native Method)
08-07 11:59:02.194  1448  1448 W LightsService: 	at com.android.server.lights.LightStyleLoader.getIdentifierByReflect(LightStyleLoader.java:115)
08-07 11:59:02.194  1448  1448 W LightsService: 	at com.android.server.lights.LightStyleLoader.<init>(LightStyleLoader.java:44)
08-07 11:59:02.194  1448  1448 W LightsService: 	at com.android.server.lights.MiuiLightsService.<init>(MiuiLightsService.java:102)
08-07 11:59:02.194  1448  1448 W LightsService: 	at java.lang.reflect.Constructor.newInstance0(Native Method)
08-07 11:59:02.194  1448  1448 W LightsService: 	at java.lang.reflect.Constructor.newInstance(Constructor.java:343)
08-07 11:59:02.194  1448  1448 W LightsService: 	at com.android.server.SystemServiceManager.startService(SystemServiceManager.java:150)
08-07 11:59:02.194  1448  1448 W LightsService: 	at com.android.server.SystemServer.startBootstrapServices(SystemServer.java:891)
08-07 11:59:02.194  1448  1448 W LightsService: 	at com.android.server.SystemServer.run(SystemServer.java:624)
08-07 11:59:02.194  1448  1448 W LightsService: 	at com.android.server.SystemServer.main(SystemServer.java:433)
08-07 11:59:02.194  1448  1448 W LightsService: 	at java.lang.reflect.Method.invoke(Native Method)
08-07 11:59:02.194  1448  1448 W LightsService: 	at com.android.internal.os.RuntimeInit$MethodAndArgsCaller.run(RuntimeInit.java:656)
08-07 11:59:02.194  1448  1448 W LightsService: 	at com.android.internal.os.ZygoteInit.main(ZygoteInit.java:945)
08-07 11:59:02.194  1448  1448 W LightsService: Field :lightstyle_music not found for current device 
08-07 11:59:02.194  1448  1448 W LightsService: java.lang.NoSuchFieldException: No field lightstyle_music in class Landroid/miui/R$raw; (declaration of 'android.miui.R$raw' appears in /system/framework/framework.jar!classes2.dex)
08-07 11:59:02.194  1448  1448 W LightsService: 	at java.lang.Class.getDeclaredField(Native Method)
08-07 11:59:02.194  1448  1448 W LightsService: 	at com.android.server.lights.LightStyleLoader.getIdentifierByReflect(LightStyleLoader.java:115)
08-07 11:59:02.194  1448  1448 W LightsService: 	at com.android.server.lights.LightStyleLoader.<init>(LightStyleLoader.java:45)
08-07 11:59:02.194  1448  1448 W LightsService: 	at com.android.server.lights.MiuiLightsService.<init>(MiuiLightsService.java:102)
08-07 11:59:02.194  1448  1448 W LightsService: 	at java.lang.reflect.Constructor.newInstance0(Native Method)
08-07 11:59:02.194  1448  1448 W LightsService: 	at java.lang.reflect.Constructor.newInstance(Constructor.java:343)
08-07 11:59:02.194  1448  1448 W LightsService: 	at com.android.server.SystemServiceManager.startService(SystemServiceManager.java:150)
08-07 11:59:02.194  1448  1448 W LightsService: 	at com.android.server.SystemServer.startBootstrapServices(SystemServer.java:891)
08-07 11:59:02.194  1448  1448 W LightsService: 	at com.android.server.SystemServer.run(SystemServer.java:624)
08-07 11:59:02.194  1448  1448 W LightsService: 	at com.android.server.SystemServer.main(SystemServer.java:433)
08-07 11:59:02.194  1448  1448 W LightsService: 	at java.lang.reflect.Method.invoke(Native Method)
08-07 11:59:02.194  1448  1448 W LightsService: 	at com.android.internal.os.RuntimeInit$MethodAndArgsCaller.run(RuntimeInit.java:656)
08-07 11:59:02.194  1448  1448 W LightsService: 	at com.android.internal.os.ZygoteInit.main(ZygoteInit.java:945)
08-07 11:59:02.195  1448  1448 W LightsService: Field :lightstyle_alarm not found for current device 
08-07 11:59:02.195  1448  1448 W LightsService: java.lang.NoSuchFieldException: No field lightstyle_alarm in class Landroid/miui/R$raw; (declaration of 'android.miui.R$raw' appears in /system/framework/framework.jar!classes2.dex)
08-07 11:59:02.195  1448  1448 W LightsService: 	at java.lang.Class.getDeclaredField(Native Method)
08-07 11:59:02.195  1448  1448 W LightsService: 	at com.android.server.lights.LightStyleLoader.getIdentifierByReflect(LightStyleLoader.java:115)
08-07 11:59:02.195  1448  1448 W LightsService: 	at com.android.server.lights.LightStyleLoader.<init>(LightStyleLoader.java:46)
08-07 11:59:02.195  1448  1448 W LightsService: 	at com.android.server.lights.MiuiLightsService.<init>(MiuiLightsService.java:102)
08-07 11:59:02.195  1448  1448 W LightsService: 	at java.lang.reflect.Constructor.newInstance0(Native Method)
08-07 11:59:02.195  1448  1448 W LightsService: 	at java.lang.reflect.Constructor.newInstance(Constructor.java:343)
08-07 11:59:02.195  1448  1448 W LightsService: 	at com.android.server.SystemServiceManager.startService(SystemServiceManager.java:150)
08-07 11:59:02.195  1448  1448 W LightsService: 	at com.android.server.SystemServer.startBootstrapServices(SystemServer.java:891)
08-07 11:59:02.195  1448  1448 W LightsService: 	at com.android.server.SystemServer.run(SystemServer.java:624)
08-07 11:59:02.195  1448  1448 W LightsService: 	at com.android.server.SystemServer.main(SystemServer.java:433)
08-07 11:59:02.195  1448  1448 W LightsService: 	at java.lang.reflect.Method.invoke(Native Method)
08-07 11:59:02.195  1448  1448 W LightsService: 	at com.android.internal.os.RuntimeInit$MethodAndArgsCaller.run(RuntimeInit.java:656)
08-07 11:59:02.195  1448  1448 W LightsService: 	at com.android.internal.os.ZygoteInit.main(ZygoteInit.java:945)
08-07 11:59:02.195  1448  1448 W LightsService: Field :lightstyle_expand not found for current device 
08-07 11:59:02.195  1448  1448 W LightsService: java.lang.NoSuchFieldException: No field lightstyle_expand in class Landroid/miui/R$raw; (declaration of 'android.miui.R$raw' appears in /system/framework/framework.jar!classes2.dex)
08-07 11:59:02.195  1448  1448 W LightsService: 	at java.lang.Class.getDeclaredField(Native Method)
08-07 11:59:02.195  1448  1448 W LightsService: 	at com.android.server.lights.LightStyleLoader.getIdentifierByReflect(LightStyleLoader.java:115)
08-07 11:59:02.195  1448  1448 W LightsService: 	at com.android.server.lights.LightStyleLoader.<init>(LightStyleLoader.java:47)
08-07 11:59:02.195  1448  1448 W LightsService: 	at com.android.server.lights.MiuiLightsService.<init>(MiuiLightsService.java:102)
08-07 11:59:02.195  1448  1448 W LightsService: 	at java.lang.reflect.Constructor.newInstance0(Native Method)
08-07 11:59:02.195  1448  1448 W LightsService: 	at java.lang.reflect.Constructor.newInstance(Constructor.java:343)
08-07 11:59:02.195  1448  1448 W LightsService: 	at com.android.server.SystemServiceManager.startService(SystemServiceManager.java:150)
08-07 11:59:02.195  1448  1448 W LightsService: 	at com.android.server.SystemServer.startBootstrapServices(SystemServer.java:891)
08-07 11:59:02.195  1448  1448 W LightsService: 	at com.android.server.SystemServer.run(SystemServer.java:624)
08-07 11:59:02.195  1448  1448 W LightsService: 	at com.android.server.SystemServer.main(SystemServer.java:433)
08-07 11:59:02.195  1448  1448 W LightsService: 	at java.lang.reflect.Method.invoke(Native Method)
08-07 11:59:02.195  1448  1448 W LightsService: 	at com.android.internal.os.RuntimeInit$MethodAndArgsCaller.run(RuntimeInit.java:656)
08-07 11:59:02.195  1448  1448 W LightsService: 	at com.android.internal.os.ZygoteInit.main(ZygoteInit.java:945)
08-07 11:59:02.195  1448  1448 W LightsService: Field :lightstyle_luckymoney not found for current device 
08-07 11:59:02.195  1448  1448 W LightsService: java.lang.NoSuchFieldException: No field lightstyle_luckymoney in class Landroid/miui/R$raw; (declaration of 'android.miui.R$raw' appears in /system/framework/framework.jar!classes2.dex)
08-07 11:59:02.195  1448  1448 W LightsService: 	at java.lang.Class.getDeclaredField(Native Method)
08-07 11:59:02.195  1448  1448 W LightsService: 	at com.android.server.lights.LightStyleLoader.getIdentifierByReflect(LightStyleLoader.java:115)
08-07 11:59:02.195  1448  1448 W LightsService: 	at com.android.server.lights.LightStyleLoader.<init>(LightStyleLoader.java:48)
08-07 11:59:02.195  1448  1448 W LightsService: 	at com.android.server.lights.MiuiLightsService.<init>(MiuiLightsService.java:102)
08-07 11:59:02.195  1448  1448 W LightsService: 	at java.lang.reflect.Constructor.newInstance0(Native Method)
08-07 11:59:02.195  1448  1448 W LightsService: 	at java.lang.reflect.Constructor.newInstance(Constructor.java:343)
08-07 11:59:02.195  1448  1448 W LightsService: 	at com.android.server.SystemServiceManager.startService(SystemServiceManager.java:150)
08-07 11:59:02.195  1448  1448 W LightsService: 	at com.android.server.SystemServer.startBootstrapServices(SystemServer.java:891)
08-07 11:59:02.195  1448  1448 W LightsService: 	at com.android.server.SystemServer.run(SystemServer.java:624)
08-07 11:59:02.195  1448  1448 W LightsService: 	at com.android.server.SystemServer.main(SystemServer.java:433)
08-07 11:59:02.195  1448  1448 W LightsService: 	at java.lang.reflect.Method.invoke(Native Method)
08-07 11:59:02.195  1448  1448 W LightsService: 	at com.android.internal.os.RuntimeInit$MethodAndArgsCaller.run(RuntimeInit.java:656)
08-07 11:59:02.195  1448  1448 W LightsService: 	at com.android.internal.os.ZygoteInit.main(ZygoteInit.java:945)
08-07 11:59:02.197  1448  1448 I SystemServerTiming: StartSidekickService
08-07 11:59:02.197  1448  1448 I SystemServerTiming: StartDisplayManager
08-07 11:59:02.197  1448  1448 I SystemServiceManager: Starting com.android.server.display.DisplayManagerService
08-07 11:59:02.204  1448  1448 I SystemServerTiming: WaitForDisplay
08-07 11:59:02.204  1448  1448 I SystemServiceManager: Starting phase 100
08-07 11:59:02.204  1448  1448 I SystemServerTiming: OnBootPhase_100
08-07 11:59:02.204  1448  1448 I SystemServerTiming: OnBootPhase_100_com.android.server.security.FileIntegrityService
08-07 11:59:02.205  1448  1448 I SystemServerTiming: OnBootPhase_100_com.android.server.pm.Installer
08-07 11:59:02.205  1448  1448 I SystemServerTiming: OnBootPhase_100_com.android.server.os.DeviceIdentifiersPolicyService
08-07 11:59:02.205  1448  1448 I SystemServerTiming: OnBootPhase_100_com.android.server.uri.UriGrantsManagerService$Lifecycle
08-07 11:59:02.205  1448  1448 I SystemServerTiming: OnBootPhase_100_com.android.server.wm.ActivityTaskManagerService$Lifecycle
08-07 11:59:02.205  1448  1448 I SystemServerTiming: OnBootPhase_100_com.android.server.am.PeriodicCleanerService
08-07 11:59:02.205  1448  1448 I SystemServerTiming: OnBootPhase_100_com.android.server.am.ActivityManagerService$Lifecycle
08-07 11:59:02.205  1448  1448 I SystemServerTiming: OnBootPhase_100_com.android.server.pm.DataLoaderManagerService
08-07 11:59:02.205  1448  1448 I SystemServerTiming: OnBootPhase_100_com.android.server.power.PowerManagerService
08-07 11:59:02.205  1448  1448 I SystemServerTiming: OnBootPhase_100_com.android.server.power.ThermalManagerService
08-07 11:59:02.205  1448  1448 I SystemServerTiming: OnBootPhase_100_com.android.server.recoverysystem.RecoverySystemService$Lifecycle
08-07 11:59:02.205  1448  1448 I SystemServerTiming: OnBootPhase_100_com.android.server.lights.MiuiLightsService
08-07 11:59:02.205  1448  1448 I SystemServerTiming: OnBootPhase_100_com.android.server.display.DisplayManagerService
08-07 11:59:02.210  1448  1594 I DisplayManagerService: Display device added: DisplayDeviceInfo{"Built-in Screen": uniqueId="local:19260487698585473", 1080 x 2340, modeId 1, defaultModeId 1, supportedModes [{id=1, width=1080, height=2340, fps=60.000004}], colorMode 0, supportedColorModes [0], HdrCapabilities HdrCapabilities{mSupportedHdrTypes=[], mMaxLuminance=500.0, mMaxAverageLuminance=500.0, mMinLuminance=0.0}, allmSupported false, gameContentTypeSupported false, density 440, 409.432 x 409.903 dpi, appVsyncOff 1000000, presDeadline 16666666, cutout DisplayCutout{insets=Rect(0, 80 - 0, 0) waterfall=Insets{left=0, top=0, right=0, bottom=0} boundingRect={Bounds=[Rect(0, 0 - 0, 0), Rect(466, 0 - 614, 80), Rect(0, 0 - 0, 0), Rect(0, 0 - 0, 0)]}}, touch INTERNAL, rotation 0, type INTERNAL, address {port=129, model=0x446d4fbf7997}, deviceProductInfo DeviceProductInfo{name=, manufacturerPnpId=QCM, productId=1, modelYear=null, manufactureDate=ManufactureDate{week=27, year=2006}, relativeAddress=null}, state UNKNOWN, FLAG_DEFAULT_DISPLAY, FLAG_ROTATES_WITH_CONTENT, FLAG_SECURE, FLAG_SUPPORTS_PROTECTED_BUFFERS}
08-07 11:59:02.216  1448  1594 I AutomaticBrightnessControllerInjector: AUTO_BRIGHTNESS_MIN_NIT_SPLINE: MonotoneCubicSpline{[(10.0, 1.0: 0.2), (15.0, 2.0: 0.2), (20.0, 3.0: 0.2), (25.0, 4.0: 0.2)]}
08-07 11:59:02.217  1448  1594 I AutomaticBrightnessControllerInjector: HBM_AUTO_BRIGHTNESS_SPLINE: MonotoneCubicSpline{[(4500.0, 21.0: 0.03527273), (10000.0, 215.0: 0.021886364), (20000.0, 300.0: 0.0085)]}
08-07 11:59:02.217  1448  1594 I AutomaticBrightnessControllerInjector: HBM_NIT2BACKLIGHT_SPLINE: MonotoneCubicSpline{[(21.0, 0.0: 18.484535), (215.0, 3586.0: 12.236385), (300.0, 4095.0: 5.9882355)]}
08-07 11:59:02.220  1448  1448 I SystemServiceManager: Starting phase 100 done
08-07 11:59:02.221  1448  1448 I SystemServerTiming: StartPackageManagerService
08-07 11:59:02.221  1448  1448 I Watchdog: Pausing HandlerChecker: main thread for reason: packagemanagermain. Pause count: 1
