08-07 11:59:09.071  1448  1448 I SystemServerTiming: OnBootPhase_480_com.android.server.twilight.TwilightService
08-07 11:59:09.071  1448  1448 I SystemServerTiming: OnBootPhase_480_com.android.server.display.color.ColorDisplayService
08-07 11:59:09.071  1448  1448 I SystemServerTiming: OnBootPhase_480_com.android.server.job.JobSchedulerService
08-07 11:59:09.071  1448  1448 I SystemServerTiming: OnBootPhase_480_com.android.server.soundtrigger.SoundTriggerService
08-07 11:59:09.071  1448  1448 I SystemServerTiming: OnBootPhase_480_com.android.server.trust.TrustManagerService
08-07 11:59:09.071  1448  1448 I SystemServerTiming: OnBootPhase_480_com.miui.server.BackupManagerService$Lifecycle
08-07 11:59:09.071  1448  1448 I SystemServerTiming: OnBootPhase_480_com.android.server.display.ScreenEffectService
08-07 11:59:09.071  1448  1448 I SystemServerTiming: OnBootPhase_480_com.android.server.backup.BackupManagerService$Lifecycle
08-07 11:59:09.071  1448  1448 I SystemServerTiming: OnBootPhase_480_com.android.server.appwidget.AppWidgetService
08-07 11:59:09.071  1448  1448 I SystemServerTiming: OnBootPhase_480_com.android.server.role.RoleManagerService
08-07 11:59:09.071  1448  1448 I SystemServerTiming: OnBootPhase_480_com.android.server.voiceinteraction.VoiceInteractionManagerService
08-07 11:59:09.071  1448  1448 I SystemServerTiming: OnBootPhase_480_com.android.server.SensorNotificationService
08-07 11:59:09.071  1448  1448 I SystemServerTiming: OnBootPhase_480_com.android.server.emergency.EmergencyAffordanceService
08-07 11:59:09.071  1448  1448 I SystemServerTiming: OnBootPhase_480_com.android.server.dreams.DreamManagerService
08-07 11:59:09.071  1448  1448 I SystemServerTiming: OnBootPhase_480_com.android.server.print.PrintManagerService
08-07 11:59:09.071  1448  1448 I SystemServerTiming: OnBootPhase_480_com.android.server.blob.BlobStoreManagerService
08-07 11:59:09.071  1448  1448 I SystemServerTiming: OnBootPhase_480_com.android.server.companion.CompanionDeviceManagerService
08-07 11:59:09.071  1448  1448 I SystemServerTiming: OnBootPhase_480_com.android.server.restrictions.RestrictionsManagerService
08-07 11:59:09.071  1448  1448 I SystemServerTiming: OnBootPhase_480_com.android.server.media.MediaSessionService
08-07 11:59:09.071  1448  1448 I SystemServerTiming: OnBootPhase_480_com.android.server.media.MediaResourceMonitorService
08-07 11:59:09.071  1448  1448 I SystemServerTiming: OnBootPhase_480_com.android.server.biometrics.fingerprint.FingerprintService
08-07 11:59:09.071  1448  1448 I SystemServerTiming: OnBootPhase_480_com.android.server.biometrics.BiometricService
08-07 11:59:09.071  1448  1448 I SystemServerTiming: OnBootPhase_480_com.android.server.biometrics.AuthService
08-07 11:59:09.071  1448  1448 I SystemServerTiming: OnBootPhase_480_com.android.server.pm.ShortcutService$Lifecycle
08-07 11:59:09.074  1448  1448 I SystemServerTiming: OnBootPhase_480_com.android.server.pm.LauncherAppsService
08-07 11:59:09.074  1448  1448 I SystemServerTiming: OnBootPhase_480_com.android.server.pm.CrossProfileAppsService
08-07 11:59:09.074  1448  1448 I SystemServerTiming: OnBootPhase_480_com.android.server.people.PeopleService
08-07 11:59:09.074  1448  1448 I SystemServerTiming: OnBootPhase_480_com.android.server.media.projection.MediaProjectionManagerService
08-07 11:59:09.074  1448  1448 I SystemServerTiming: OnBootPhase_480_com.android.server.slice.SliceManagerService$Lifecycle
08-07 11:59:09.074  1448  1448 I SystemServerTiming: OnBootPhase_480_com.android.server.camera.CameraServiceProxy
08-07 11:59:09.074  1448  1448 I SystemServerTiming: OnBootPhase_480_com.android.server.stats.StatsCompanion$Lifecycle
08-07 11:59:09.074  1448  1448 I SystemServerTiming: OnBootPhase_480_com.android.server.stats.pull.StatsPullAtomService
08-07 11:59:09.074  1448  1448 I SystemServerTiming: OnBootPhase_480_com.android.server.incident.IncidentCompanionService
08-07 11:59:09.074  1448  1448 I SystemServerTiming: OnBootPhase_480_com.android.server.MmsServiceBroker
08-07 11:59:09.074  1448  1448 I SystemServerTiming: OnBootPhase_480_com.android.server.autofill.AutofillManagerService
08-07 11:59:09.074  1448  1448 I SystemServerTiming: OnBootPhase_480_com.android.server.clipboard.ClipboardService
08-07 11:59:09.074  1448  1448 I SystemServerTiming: OnBootPhase_480_com.android.server.appbinding.AppBindingService$Lifecycle
08-07 11:59:09.074  1448  1448 I SystemServiceManager: Starting phase 480 done
08-07 11:59:09.074  1448  1448 I SystemServerTiming: StartBootPhaseSystemServicesReady
08-07 11:59:09.075  1448  1448 I SystemServiceManager: Starting phase 500
08-07 11:59:09.075  1448  1448 I SystemServerTiming: OnBootPhase_500
08-07 11:59:09.075  1448  1448 I SystemServerTiming: OnBootPhase_500_com.android.server.security.FileIntegrityService
08-07 11:59:09.075  1448  1448 I SystemServerTiming: OnBootPhase_500_com.android.server.pm.Installer
08-07 11:59:09.075  1448  1448 I SystemServerTiming: OnBootPhase_500_com.android.server.os.DeviceIdentifiersPolicyService
08-07 11:59:09.075  1448  1448 I SystemServerTiming: OnBootPhase_500_com.android.server.uri.UriGrantsManagerService$Lifecycle
08-07 11:59:09.075  1448  1448 I SystemServerTiming: OnBootPhase_500_com.android.server.wm.ActivityTaskManagerService$Lifecycle
08-07 11:59:09.075  1448  1448 I SystemServerTiming: OnBootPhase_500_com.android.server.am.PeriodicCleanerService
08-07 11:59:09.075  1448  1448 I SystemServerTiming: OnBootPhase_500_com.android.server.am.ActivityManagerService$Lifecycle
08-07 11:59:09.077  1448  1448 I SystemServerTiming: OnBootPhase_500_com.android.server.pm.DataLoaderManagerService
08-07 11:59:09.077  1448  1448 I SystemServerTiming: OnBootPhase_500_com.android.server.power.PowerManagerService
08-07 11:59:09.077  1448  1448 I SystemServerTiming: OnBootPhase_500_com.android.server.power.ThermalManagerService
08-07 11:59:09.077  1448  1448 I SystemServerTiming: OnBootPhase_500_com.android.server.recoverysystem.RecoverySystemService$Lifecycle
08-07 11:59:09.078  1448  1448 I SystemServerTiming: OnBootPhase_500_com.android.server.lights.MiuiLightsService
08-07 11:59:09.078  1448  1448 I SystemServerTiming: OnBootPhase_500_com.android.server.display.DisplayManagerService
08-07 11:59:09.078  1448  1448 I SystemServerTiming: OnBootPhase_500_com.android.server.pm.CloudControlPreinstallService
08-07 11:59:09.078  1448  1448 I SystemServerTiming: OnBootPhase_500_com.android.server.pm.AdvancePreinstallService
08-07 11:59:09.078  1448  1448 I SystemServerTiming: OnBootPhase_500_com.android.server.pm.UserManagerService$LifeCycle
08-07 11:59:09.078  1448  1448 I SystemServerTiming: OnBootPhase_500_com.android.server.om.OverlayManagerService
08-07 11:59:09.078  1448  1448 I SystemServerTiming: OnBootPhase_500_com.android.server.SensorPrivacyService
08-07 11:59:09.078  1448  1448 I SystemServerTiming: OnBootPhase_500_com.android.server.SystemConfigService
08-07 11:59:09.078  1448  1448 I SystemServerTiming: OnBootPhase_500_com.android.server.BatteryService
08-07 11:59:09.078  1448  1448 I SystemServerTiming: OnBootPhase_500_com.android.server.usage.UsageStatsService
08-07 11:59:09.090  1448  1448 E HistoricalRegistry: Interaction before persistence initialized
08-07 11:59:09.090  1448  1448 I SystemServerTiming: OnBootPhase_500_com.android.server.webkit.WebViewUpdateService
08-07 11:59:09.090  1448  1448 I SystemServerTiming: OnBootPhase_500_com.android.server.CachedDeviceStateService
08-07 11:59:09.090  1448  1448 I SystemServerTiming: OnBootPhase_500_com.android.server.BinderCallsStatsService$LifeCycle
08-07 11:59:09.119  1448  1448 I SystemServerTiming: OnBootPhase_500_com.android.server.LooperStatsService$Lifecycle
08-07 11:59:09.120  1448  1448 I SystemServerTiming: OnBootPhase_500_com.android.server.rollback.RollbackManagerService
08-07 11:59:09.120  1448  1448 I SystemServerTiming: OnBootPhase_500_com.android.server.os.BugreportManagerService
08-07 11:59:09.120  1448  1448 I SystemServerTiming: OnBootPhase_500_com.android.server.gpu.GpuService
08-07 11:59:09.120  1448  1448 I SystemServerTiming: OnBootPhase_500_com.android.server.security.KeyChainSystemService
08-07 11:59:09.120  1448  1448 I SystemServerTiming: OnBootPhase_500_com.android.server.telecom.TelecomLoaderService
08-07 11:59:09.120  1448  1448 I SystemServerTiming: OnBootPhase_500_com.android.server.accounts.AccountManagerService$Lifecycle
08-07 11:59:09.120  1448  1448 I SystemServerTiming: OnBootPhase_500_com.android.server.content.ContentService$Lifecycle
08-07 11:59:09.120  1448  1448 I SystemServerTiming: OnBootPhase_500_com.android.server.DropBoxManagerService
08-07 11:59:09.120  1448  1448 I SystemServerTiming: OnBootPhase_500_com.android.server.AlarmManagerService
08-07 11:59:09.122  1448  1448 I SystemServerTiming: OnBootPhase_500_com.android.server.BluetoothService
08-07 11:59:09.123  1448  1448 I SystemServerTiming: OnBootPhase_500_com.android.server.connectivity.IpConnectivityMetrics
08-07 11:59:09.126  1448  1448 I SystemServerTiming: OnBootPhase_500_com.android.server.net.watchlist.NetworkWatchlistService$Lifecycle
08-07 11:59:09.126  1448  1448 I SystemServerTiming: OnBootPhase_500_com.android.server.PinnerService
08-07 11:59:09.127  1448  1448 I SystemServerTiming: OnBootPhase_500_com.google.android.startop.iorap.IorapForwardingService
08-07 11:59:09.127  1448  1448 I SystemServerTiming: OnBootPhase_500_com.android.server.ActivityTriggerService
08-07 11:59:09.127  1448  1448 I SystemServerTiming: OnBootPhase_500_com.android.server.integrity.AppIntegrityManagerService
08-07 11:59:09.127  1448  1448 I SystemServerTiming: OnBootPhase_500_com.android.server.inputmethod.InputMethodManagerService$Lifecycle
08-07 11:59:09.127  1448  1448 I SystemServerTiming: OnBootPhase_500_com.android.server.accessibility.AccessibilityManagerService$Lifecycle
08-07 11:59:09.127  1448  1448 I SystemServerTiming: OnBootPhase_500_com.android.server.StorageManagerService$Lifecycle
08-07 11:59:09.127  1448  1448 I SystemServerTiming: OnBootPhase_500_com.android.server.usage.StorageStatsService$Lifecycle
08-07 11:59:09.127  1448  1448 I SystemServerTiming: OnBootPhase_500_com.android.server.UiModeManagerService
08-07 11:59:09.133  1448  1448 I MiuiMultiWindowSplitUI: mUiMode = 0  current ui mode = 0
08-07 11:59:09.133  1448  1448 I MiuiMultiWindowSplitUI: orientation has not changed, mDisplayWidth: 1080, current height: 2340
08-07 11:59:09.133  1448  1448 I ActivityTaskManager: Config changes=200 {1.0 ?mcc?mnc [en_GB] ldltr sw392dp w392dp h774dp 440dpi nrml long port night finger -keyb/v/h -nav/h winConfig={ mBounds=Rect(0, 0 - 1080, 2340) mAppBounds=Rect(0, 80 - 1080, 2210) mWindowingMode=fullscreen mDisplayWindowingMode=fullscreen mActivityType=undefined mAlwaysOnTop=undefined mRotation=ROTATION_0} s.6 themeChanged=0 themeChangedFlags=0 extraData = Bundle[{}]}
08-07 11:59:09.150  1448  1448 I WindowManager: Override config changes=200 {1.0 ?mcc?mnc [en_GB] ldltr sw392dp w392dp h774dp 440dpi nrml long port night finger -keyb/v/h -nav/h winConfig={ mBounds=Rect(0, 0 - 1080, 2340) mAppBounds=Rect(0, 80 - 1080, 2210) mWindowingMode=fullscreen mDisplayWindowingMode=fullscreen mActivityType=undefined mAlwaysOnTop=undefined mRotation=ROTATION_0} s.6 themeChanged=0 themeChangedFlags=0 extraData = Bundle[{}]} for displayId=0
08-07 11:59:09.152  1448  1448 I MiuiMultiWindowSplitUI: mUiMode = 0  current ui mode = 32
08-07 11:59:09.152  1448  1448 I MiuiMultiWindowSplitUI: onConfigurationChanged mCoverLp null
08-07 11:59:09.153  1448  1448 I SystemServerTiming: OnBootPhase_500_com.android.server.locksettings.LockSettingsService$Lifecycle
08-07 11:59:09.153  1448  1448 I SystemServerTiming: OnBootPhase_500_com.android.server.PersistentDataBlockService
08-07 11:59:09.153  1448  1448 I SystemServerTiming: OnBootPhase_500_com.android.server.testharness.TestHarnessModeService
08-07 11:59:09.164  1448  1448 I SystemServerTiming: OnBootPhase_500_com.android.server.oemlock.OemLockService
08-07 11:59:09.164  1448  1448 I SystemServerTiming: OnBootPhase_500_com.android.server.DeviceIdleController
08-07 11:59:09.168  1448  1448 E HistoricalRegistry: Interaction before persistence initialized
08-07 11:59:09.172  1448  1448 I SystemServerTiming: OnBootPhase_500_com.android.server.devicepolicy.DevicePolicyManagerService$Lifecycle
08-07 11:59:09.172  1448  1448 I SystemServerTiming: OnBootPhase_500_com.android.server.textservices.TextServicesManagerService$Lifecycle
08-07 11:59:09.172  1448  1448 I SystemServerTiming: OnBootPhase_500_com.android.server.textclassifier.TextClassificationManagerService$Lifecycle
08-07 11:59:09.172  1448  1448 I SystemServerTiming: OnBootPhase_500_com.android.server.NetworkScoreService$Lifecycle
08-07 11:59:09.173  1448  1448 I SystemServerTiming: OnBootPhase_500_com.android.server.wifi.WifiService
08-07 11:59:09.174  1448  1448 I SystemServerTiming: OnBootPhase_500_com.android.server.wifi.scanner.WifiScanningService
08-07 11:59:09.174  1448  1448 I SystemServerTiming: OnBootPhase_500_com.android.server.wifi.p2p.WifiP2pService
08-07 11:59:09.182  1448  1448 I SystemServerTiming: OnBootPhase_500_com.android.server.ethernet.EthernetService
08-07 11:59:09.188  1448  1448 I SystemServerTiming: OnBootPhase_500_com.android.server.notification.NotificationManagerService
08-07 11:59:09.198  1448  1448 I SystemServerTiming: OnBootPhase_500_com.android.server.storage.DeviceStorageMonitorService
08-07 11:59:09.198  1448  1448 I SystemServerTiming: OnBootPhase_500_com.android.server.location.LocationManagerService$Lifecycle
08-07 11:59:09.203  1448  1448 E HistoricalRegistry: Interaction before persistence initialized
08-07 11:59:09.210  1448  1448 I MiuiGpsProvider: register provider status
08-07 11:59:09.210  1448  1448 I MiuiGpsProvider: create miui gps provider
08-07 11:59:09.210  1448  1448 I SystemServerTiming: OnBootPhase_500_com.android.server.timedetector.TimeDetectorService$Lifecycle
08-07 11:59:09.210  1448  1448 I SystemServerTiming: OnBootPhase_500_com.android.server.timezonedetector.TimeZoneDetectorService$Lifecycle
08-07 11:59:09.210  1448  1448 I SystemServerTiming: OnBootPhase_500_com.android.server.search.SearchManagerService$Lifecycle
08-07 11:59:09.210  1448  1448 I SystemServerTiming: OnBootPhase_500_com.android.server.wallpaper.WallpaperManagerService$Lifecycle
08-07 11:59:09.210  1448  1448 I SystemServerTiming: OnBootPhase_500_com.android.server.audio.AudioService$Lifecycle
08-07 11:59:09.210  1448  1448 I SystemServerTiming: OnBootPhase_500_com.android.server.soundtrigger_middleware.SoundTriggerMiddlewareService$Lifecycle
08-07 11:59:09.210  1448  1448 I SystemServerTiming: OnBootPhase_500_com.android.server.DockObserver
08-07 11:59:09.210  1448  1448 I SystemServerTiming: OnBootPhase_500_com.android.server.midi.MidiService$Lifecycle
08-07 11:59:09.210  1448  1448 I SystemServerTiming: OnBootPhase_500_com.android.server.adb.AdbService$Lifecycle
08-07 11:59:09.210  1448  1448 I SystemServerTiming: OnBootPhase_500_com.android.server.usb.UsbService$Lifecycle
08-07 11:59:09.210  1448  1448 I SystemServerTiming: OnBootPhase_500_com.android.server.twilight.TwilightService
08-07 11:59:09.210  1448  1448 I SystemServerTiming: OnBootPhase_500_com.android.server.display.color.ColorDisplayService
08-07 11:59:09.210  1448  1448 I SystemServerTiming: OnBootPhase_500_com.android.server.job.JobSchedulerService
08-07 11:59:09.213  1448  1448 E HistoricalRegistry: Interaction before persistence initialized
08-07 11:59:09.214  1448  1448 I SystemServerTiming: OnBootPhase_500_com.android.server.soundtrigger.SoundTriggerService
08-07 11:59:09.214  1448  1448 I SystemServerTiming: OnBootPhase_500_com.android.server.trust.TrustManagerService
08-07 11:59:09.215  1448  1448 I SystemServerTiming: OnBootPhase_500_com.miui.server.BackupManagerService$Lifecycle
08-07 11:59:09.215  1448  1448 I SystemServerTiming: OnBootPhase_500_com.android.server.display.ScreenEffectService
08-07 11:59:09.225  1448  1448 I SystemServerTiming: OnBootPhase_500_com.android.server.backup.BackupManagerService$Lifecycle
08-07 11:59:09.225  1448  1448 I SystemServerTiming: OnBootPhase_500_com.android.server.appwidget.AppWidgetService
08-07 11:59:09.225  1448  1448 I SystemServerTiming: OnBootPhase_500_com.android.server.role.RoleManagerService
08-07 11:59:09.225  1448  1448 I SystemServerTiming: OnBootPhase_500_com.android.server.voiceinteraction.VoiceInteractionManagerService
08-07 11:59:09.225  1448  1448 I SystemServerTiming: OnBootPhase_500_com.android.server.SensorNotificationService
08-07 11:59:09.225  1448  1448 I SystemServerTiming: OnBootPhase_500_com.android.server.emergency.EmergencyAffordanceService
08-07 11:59:09.225  1448  1448 I SystemServerTiming: OnBootPhase_500_com.android.server.dreams.DreamManagerService
08-07 11:59:09.225  1448  1448 I SystemServerTiming: OnBootPhase_500_com.android.server.print.PrintManagerService
08-07 11:59:09.225  1448  1448 I SystemServerTiming: OnBootPhase_500_com.android.server.blob.BlobStoreManagerService
08-07 11:59:09.225  1448  1448 I SystemServerTiming: OnBootPhase_500_com.android.server.companion.CompanionDeviceManagerService
08-07 11:59:09.225  1448  1448 I SystemServerTiming: OnBootPhase_500_com.android.server.restrictions.RestrictionsManagerService
08-07 11:59:09.225  1448  1448 I SystemServerTiming: OnBootPhase_500_com.android.server.media.MediaSessionService
08-07 11:59:09.225  1448  1448 I SystemServerTiming: OnBootPhase_500_com.android.server.media.MediaResourceMonitorService
08-07 11:59:09.225  1448  1448 I SystemServerTiming: OnBootPhase_500_com.android.server.biometrics.fingerprint.FingerprintService
08-07 11:59:09.225  1448  1448 I SystemServerTiming: OnBootPhase_500_com.android.server.biometrics.BiometricService
08-07 11:59:09.225  1448  1448 I SystemServerTiming: OnBootPhase_500_com.android.server.biometrics.AuthService
08-07 11:59:09.225  1448  1448 I SystemServerTiming: OnBootPhase_500_com.android.server.pm.ShortcutService$Lifecycle
08-07 11:59:09.225  1448  1448 I SystemServerTiming: OnBootPhase_500_com.android.server.pm.LauncherAppsService
08-07 11:59:09.225  1448  1448 I SystemServerTiming: OnBootPhase_500_com.android.server.pm.CrossProfileAppsService
08-07 11:59:09.225  1448  1448 I SystemServerTiming: OnBootPhase_500_com.android.server.people.PeopleService
08-07 11:59:09.226  1448  1448 I SystemServerTiming: OnBootPhase_500_com.android.server.media.projection.MediaProjectionManagerService
08-07 11:59:09.226  1448  1448 I SystemServerTiming: OnBootPhase_500_com.android.server.slice.SliceManagerService$Lifecycle
08-07 11:59:09.226  1448  1448 I SystemServerTiming: OnBootPhase_500_com.android.server.camera.CameraServiceProxy
08-07 11:59:09.226  1448  1448 I SystemServerTiming: OnBootPhase_500_com.android.server.stats.StatsCompanion$Lifecycle
08-07 11:59:09.226  1448  1448 I SystemServerTiming: OnBootPhase_500_com.android.server.stats.pull.StatsPullAtomService
08-07 11:59:09.226  1448  1448 I SystemServerTiming: OnBootPhase_500_com.android.server.incident.IncidentCompanionService
08-07 11:59:09.226  1448  1448 I SystemServerTiming: OnBootPhase_500_com.android.server.MmsServiceBroker
08-07 11:59:09.226  1448  1448 I SystemServerTiming: OnBootPhase_500_com.android.server.autofill.AutofillManagerService
08-07 11:59:09.226  1448  1448 I SystemServerTiming: OnBootPhase_500_com.android.server.clipboard.ClipboardService
08-07 11:59:09.226  1448  1448 I SystemServerTiming: OnBootPhase_500_com.android.server.appbinding.AppBindingService$Lifecycle
08-07 11:59:09.226  1448  1448 I SystemServiceManager: Starting phase 500 done
08-07 11:59:09.226  1448  1448 I SystemServerTiming: MakeWindowManagerServiceReady
08-07 11:59:09.254  1448  1607 I HealthServiceWrapper: health: HealthServiceWrapper listening to instance default
08-07 11:59:09.267  1448  1607 I StatsPullAtomService: register thermal listener successfully
08-07 11:59:09.272  1448  1448 I SystemServerTiming: MakePowerManagerServiceReady
08-07 11:59:09.275  1448  2464 I DropBoxManagerService: add tag=system_server_wtf isTagEnabled=true flags=0x2
08-07 11:59:09.279  1448  2465 I DropBoxManagerService: add tag=system_server_wtf isTagEnabled=true flags=0x2
08-07 11:59:09.295  1448  1448 E DisplayPowerController: failed to set up display white-balance: java.lang.IllegalStateException: cannot find sensor com.google.sensor.color
08-07 11:59:09.327  1448  1448 I SystemServerTiming: StartPermissionPolicyService
08-07 11:59:09.327  1448  1448 I SystemServiceManager: Starting com.android.server.policy.PermissionPolicyService
08-07 11:59:09.337  1448  1448 I SystemServerTiming: MakePackageManagerServiceReady
08-07 11:59:09.341  1448  1448 E GreenKidManagerService: Disable greenGuard agent : [ com.miui.greenguard] failed , package not install
08-07 11:59:09.341  1448  1448 E GreenKidManagerService: android.content.pm.PackageManager$NameNotFoundException: com.miui.greenguard
08-07 11:59:09.341  1448  1448 E GreenKidManagerService: 	at android.app.ApplicationPackageManager.getApplicationInfoAsUser(ApplicationPackageManager.java:434)
08-07 11:59:09.341  1448  1448 E GreenKidManagerService: 	at android.app.ApplicationPackageManager.getApplicationInfo(ApplicationPackageManager.java:423)
08-07 11:59:09.341  1448  1448 E GreenKidManagerService: 	at com.miui.server.GreenGuardManagerService.disableAgentProcess(GreenGuardManagerService.java:36)
08-07 11:59:09.341  1448  1448 E GreenKidManagerService: 	at com.miui.server.GreenGuardManagerService.init(GreenGuardManagerService.java:29)
08-07 11:59:09.341  1448  1448 E GreenKidManagerService: 	at com.android.server.pm.PackageManagerServiceInjector.beforeSystemReady(PackageManagerServiceInjector.java:1438)
08-07 11:59:09.341  1448  1448 E GreenKidManagerService: 	at com.android.server.pm.PackageManagerService.systemReady(PackageManagerService.java:21950)
08-07 11:59:09.341  1448  1448 E GreenKidManagerService: 	at com.android.server.SystemServer.startOtherServices(SystemServer.java:2372)
08-07 11:59:09.341  1448  1448 E GreenKidManagerService: 	at com.android.server.SystemServer.run(SystemServer.java:626)
08-07 11:59:09.341  1448  1448 E GreenKidManagerService: 	at com.android.server.SystemServer.main(SystemServer.java:433)
08-07 11:59:09.341  1448  1448 E GreenKidManagerService: 	at java.lang.reflect.Method.invoke(Native Method)
08-07 11:59:09.341  1448  1448 E GreenKidManagerService: 	at com.android.internal.os.RuntimeInit$MethodAndArgsCaller.run(RuntimeInit.java:656)
08-07 11:59:09.341  1448  1448 E GreenKidManagerService: 	at com.android.internal.os.ZygoteInit.main(ZygoteInit.java:945)
08-07 11:59:09.348  1448  1703 W UidAppKernelProcStringReader: File not found. It's normal if not implemented: /proc/uid_cputime/show_sys_app_stat
08-07 11:59:09.348  1448  1703 W UidAppKernelProcStringReader: File not found. It's normal if not implemented: /proc/sys_app_time_in_state
08-07 11:59:09.348  1448  1703 W UidAppKernelProcStringReader: File not found. It's normal if not implemented: /proc/sys_app_concurrent_active_time
08-07 11:59:09.349  1448  1703 W UidAppKernelProcStringReader: File not found. It's normal if not implemented: /proc/sys_app_concurrent_policy_time
08-07 11:59:09.639   837  2169 W BpBinder: PerfMonitor binderTransact :  time=289ms interface=com.android.internal.app.IAppOpsService code=8
08-07 11:59:09.640  1448  1448 I PackageManager: Permission ownership changed. Updating all permissions.
08-07 11:59:09.645  1448  1888 I WindowManager: Screen turning on...
08-07 11:59:09.645  1448  1888 W KeyguardServiceDelegate: onScreenTurningOn(): no keyguard service!
08-07 11:59:09.697  1448  1448 I InstallationStatistic: beginInstallSession: 163200679
08-07 11:59:09.697  1448  1448 I InstallationStatistic: beginInstallSession: 828977241
08-07 11:59:09.698  1448  1448 I InstallationStatistic: beginInstallSession: 1073692344
08-07 11:59:09.698  1448  1448 I InstallationStatistic: beginInstallSession: 1209348949
08-07 11:59:09.699  1448  1448 W PackageInstaller: Abandoning old session created at 1754070217006
08-07 11:59:09.699  1448  1448 I InstallationStatistic: beginInstallSession: 1300947290
08-07 11:59:09.699  1448  1448 I InstallationStatistic: beginInstallSession: 1980909977
08-07 11:59:09.730  1448  1925 E DefaultPermGrantPolicy: Package not found: com.google.android.apps.assistant
08-07 11:59:09.730  1448  1925 E DefaultPermGrantPolicy: Package not found: com.google.android.apps.actionsservice
08-07 11:59:09.733  1448  1448 I SystemServerTiming: MakeDisplayManagerServiceReady
08-07 11:59:09.736  1448  1594 E DisplayModeDirector: Asked about unknown display, returning empty display mode specs!(id=0)
08-07 11:59:09.736  1448  1594 E DisplayModeDirector: Asked about unknown display, returning empty display mode specs!(id=0)
08-07 11:59:09.738  1448  1595 W DisplayManagerService: Arvind :configureDisplayLocked info state  2
08-07 11:59:09.739  1448  1448 I SystemServerTiming: StartDeviceSpecificServices
08-07 11:59:09.739  1448  1448 I SystemServerTiming: StartBootPhaseDeviceSpecificServicesReady
08-07 11:59:09.739  1448  1448 I SystemServiceManager: Starting phase 520
08-07 11:59:09.739  1448  1448 I SystemServerTiming: OnBootPhase_520
08-07 11:59:09.739  1448  1448 I SystemServerTiming: OnBootPhase_520_com.android.server.security.FileIntegrityService
08-07 11:59:09.739  1448  1448 I SystemServerTiming: OnBootPhase_520_com.android.server.pm.Installer
08-07 11:59:09.739  1448  1448 I SystemServerTiming: OnBootPhase_520_com.android.server.os.DeviceIdentifiersPolicyService
08-07 11:59:09.739  1448  1448 I SystemServerTiming: OnBootPhase_520_com.android.server.uri.UriGrantsManagerService$Lifecycle
08-07 11:59:09.739  1448  1448 I SystemServerTiming: OnBootPhase_520_com.android.server.wm.ActivityTaskManagerService$Lifecycle
08-07 11:59:09.739  1448  1448 I SystemServerTiming: OnBootPhase_520_com.android.server.am.PeriodicCleanerService
08-07 11:59:09.739  1448  1448 I SystemServerTiming: OnBootPhase_520_com.android.server.am.ActivityManagerService$Lifecycle
08-07 11:59:09.739  1448  1448 I SystemServerTiming: OnBootPhase_520_com.android.server.pm.DataLoaderManagerService
08-07 11:59:09.739  1448  1448 I SystemServerTiming: OnBootPhase_520_com.android.server.power.PowerManagerService
08-07 11:59:09.739  1448  1448 I SystemServerTiming: OnBootPhase_520_com.android.server.power.ThermalManagerService
08-07 11:59:09.739  1448  1448 I SystemServerTiming: OnBootPhase_520_com.android.server.recoverysystem.RecoverySystemService$Lifecycle
08-07 11:59:09.739  1448  1448 I SystemServerTiming: OnBootPhase_520_com.android.server.lights.MiuiLightsService
08-07 11:59:09.739  1448  1448 I SystemServerTiming: OnBootPhase_520_com.android.server.display.DisplayManagerService
08-07 11:59:09.739  1448  1448 I SystemServerTiming: OnBootPhase_520_com.android.server.pm.CloudControlPreinstallService
08-07 11:59:09.739  1448  1448 I SystemServerTiming: OnBootPhase_520_com.android.server.pm.AdvancePreinstallService
08-07 11:59:09.739  1448  1448 I SystemServerTiming: OnBootPhase_520_com.android.server.pm.UserManagerService$LifeCycle
08-07 11:59:09.739  1448  1448 I SystemServerTiming: OnBootPhase_520_com.android.server.om.OverlayManagerService
08-07 11:59:09.739  1448  1448 I SystemServerTiming: OnBootPhase_520_com.android.server.SensorPrivacyService
08-07 11:59:09.739  1448  1448 I SystemServerTiming: OnBootPhase_520_com.android.server.SystemConfigService
08-07 11:59:09.739  1448  1448 I SystemServerTiming: OnBootPhase_520_com.android.server.BatteryService
08-07 11:59:09.739  1448  1448 I SystemServerTiming: OnBootPhase_520_com.android.server.usage.UsageStatsService
08-07 11:59:09.739  1448  1448 I SystemServerTiming: OnBootPhase_520_com.android.server.webkit.WebViewUpdateService
08-07 11:59:09.739  1448  1448 I SystemServerTiming: OnBootPhase_520_com.android.server.CachedDeviceStateService
08-07 11:59:09.739  1448  1448 I SystemServerTiming: OnBootPhase_520_com.android.server.BinderCallsStatsService$LifeCycle
08-07 11:59:09.739  1448  1448 I SystemServerTiming: OnBootPhase_520_com.android.server.LooperStatsService$Lifecycle
08-07 11:59:09.739  1448  1448 I SystemServerTiming: OnBootPhase_520_com.android.server.rollback.RollbackManagerService
08-07 11:59:09.739  1448  1448 I SystemServerTiming: OnBootPhase_520_com.android.server.os.BugreportManagerService
08-07 11:59:09.739  1448  1448 I SystemServerTiming: OnBootPhase_520_com.android.server.gpu.GpuService
08-07 11:59:09.739  1448  1448 I SystemServerTiming: OnBootPhase_520_com.android.server.security.KeyChainSystemService
08-07 11:59:09.739  1448  1448 I SystemServerTiming: OnBootPhase_520_com.android.server.telecom.TelecomLoaderService
08-07 11:59:09.739  1448  1448 I SystemServerTiming: OnBootPhase_520_com.android.server.accounts.AccountManagerService$Lifecycle
08-07 11:59:09.739  1448  1448 I SystemServerTiming: OnBootPhase_520_com.android.server.content.ContentService$Lifecycle
08-07 11:59:09.739  1448  1448 I SystemServerTiming: OnBootPhase_520_com.android.server.DropBoxManagerService
08-07 11:59:09.739  1448  1448 I SystemServerTiming: OnBootPhase_520_com.android.server.AlarmManagerService
08-07 11:59:09.739  1448  1448 I SystemServerTiming: OnBootPhase_520_com.android.server.BluetoothService
08-07 11:59:09.739  1448  1448 I SystemServerTiming: OnBootPhase_520_com.android.server.connectivity.IpConnectivityMetrics
08-07 11:59:09.739  1448  1448 I SystemServerTiming: OnBootPhase_520_com.android.server.net.watchlist.NetworkWatchlistService$Lifecycle
08-07 11:59:09.739  1448  1448 I SystemServerTiming: OnBootPhase_520_com.android.server.PinnerService
08-07 11:59:09.739  1448  1448 I SystemServerTiming: OnBootPhase_520_com.google.android.startop.iorap.IorapForwardingService
08-07 11:59:09.739  1448  1448 I SystemServerTiming: OnBootPhase_520_com.android.server.ActivityTriggerService
08-07 11:59:09.739  1448  1448 I SystemServerTiming: OnBootPhase_520_com.android.server.integrity.AppIntegrityManagerService
08-07 11:59:09.739  1448  1448 I SystemServerTiming: OnBootPhase_520_com.android.server.inputmethod.InputMethodManagerService$Lifecycle
08-07 11:59:09.739  1448  1448 I SystemServerTiming: OnBootPhase_520_com.android.server.accessibility.AccessibilityManagerService$Lifecycle
08-07 11:59:09.739  1448  1448 I SystemServerTiming: OnBootPhase_520_com.android.server.StorageManagerService$Lifecycle
08-07 11:59:09.739  1448  1448 I SystemServerTiming: OnBootPhase_520_com.android.server.usage.StorageStatsService$Lifecycle
08-07 11:59:09.739  1448  1448 I SystemServerTiming: OnBootPhase_520_com.android.server.UiModeManagerService
08-07 11:59:09.739  1448  1448 I SystemServerTiming: OnBootPhase_520_com.android.server.locksettings.LockSettingsService$Lifecycle
08-07 11:59:09.739  1448  1448 I SystemServerTiming: OnBootPhase_520_com.android.server.PersistentDataBlockService
08-07 11:59:09.739  1448  1448 I SystemServerTiming: OnBootPhase_520_com.android.server.testharness.TestHarnessModeService
08-07 11:59:09.739  1448  1448 I SystemServerTiming: OnBootPhase_520_com.android.server.oemlock.OemLockService
08-07 11:59:09.740  1448  1448 I SystemServerTiming: OnBootPhase_520_com.android.server.DeviceIdleController
08-07 11:59:09.740  1448  1448 I SystemServerTiming: OnBootPhase_520_com.android.server.devicepolicy.DevicePolicyManagerService$Lifecycle
08-07 11:59:09.740  1448  1448 I SystemServerTiming: OnBootPhase_520_com.android.server.textservices.TextServicesManagerService$Lifecycle
08-07 11:59:09.740  1448  1448 I SystemServerTiming: OnBootPhase_520_com.android.server.textclassifier.TextClassificationManagerService$Lifecycle
08-07 11:59:09.740  1448  1448 I SystemServerTiming: OnBootPhase_520_com.android.server.NetworkScoreService$Lifecycle
08-07 11:59:09.740  1448  1448 I SystemServerTiming: OnBootPhase_520_com.android.server.wifi.WifiService
08-07 11:59:09.740  1448  1448 I SystemServerTiming: OnBootPhase_520_com.android.server.wifi.scanner.WifiScanningService
08-07 11:59:09.740  1448  1448 I SystemServerTiming: OnBootPhase_520_com.android.server.wifi.p2p.WifiP2pService
08-07 11:59:09.740  1448  1448 I SystemServerTiming: OnBootPhase_520_com.android.server.ethernet.EthernetService
08-07 11:59:09.740  1448  1448 I SystemServerTiming: OnBootPhase_520_com.android.server.notification.NotificationManagerService
08-07 11:59:09.740  1448  1448 I SystemServerTiming: OnBootPhase_520_com.android.server.storage.DeviceStorageMonitorService
08-07 11:59:09.740  1448  1448 I SystemServerTiming: OnBootPhase_520_com.android.server.location.LocationManagerService$Lifecycle
08-07 11:59:09.740  1448  1448 I SystemServerTiming: OnBootPhase_520_com.android.server.timedetector.TimeDetectorService$Lifecycle
08-07 11:59:09.740  1448  1448 I SystemServerTiming: OnBootPhase_520_com.android.server.timezonedetector.TimeZoneDetectorService$Lifecycle
08-07 11:59:09.740  1448  1448 I SystemServerTiming: OnBootPhase_520_com.android.server.search.SearchManagerService$Lifecycle
08-07 11:59:09.740  1448  1448 I SystemServerTiming: OnBootPhase_520_com.android.server.wallpaper.WallpaperManagerService$Lifecycle
08-07 11:59:09.740  1448  1448 I SystemServerTiming: OnBootPhase_520_com.android.server.audio.AudioService$Lifecycle
08-07 11:59:09.740  1448  1448 I SystemServerTiming: OnBootPhase_520_com.android.server.soundtrigger_middleware.SoundTriggerMiddlewareService$Lifecycle
08-07 11:59:09.740  1448  1448 I SystemServerTiming: OnBootPhase_520_com.android.server.DockObserver
08-07 11:59:09.740  1448  1448 I SystemServerTiming: OnBootPhase_520_com.android.server.midi.MidiService$Lifecycle
08-07 11:59:09.740  1448  1448 I SystemServerTiming: OnBootPhase_520_com.android.server.adb.AdbService$Lifecycle
08-07 11:59:09.740  1448  1448 I SystemServerTiming: OnBootPhase_520_com.android.server.usb.UsbService$Lifecycle
08-07 11:59:09.740  1448  1448 I SystemServerTiming: OnBootPhase_520_com.android.server.twilight.TwilightService
08-07 11:59:09.740  1448  1448 I SystemServerTiming: OnBootPhase_520_com.android.server.display.color.ColorDisplayService
08-07 11:59:09.740  1448  1448 I SystemServerTiming: OnBootPhase_520_com.android.server.job.JobSchedulerService
08-07 11:59:09.740  1448  1448 I SystemServerTiming: OnBootPhase_520_com.android.server.soundtrigger.SoundTriggerService
08-07 11:59:09.747  1448  1448 W SoundTriggerHelper: listModules status=0, # of modules=0
08-07 11:59:09.747  1448  1448 I SystemServerTiming: OnBootPhase_520_com.android.server.trust.TrustManagerService
08-07 11:59:09.747  1448  1448 I SystemServerTiming: OnBootPhase_520_com.miui.server.BackupManagerService$Lifecycle
08-07 11:59:09.747  1448  1448 I SystemServerTiming: OnBootPhase_520_com.android.server.display.ScreenEffectService
08-07 11:59:09.747  1448  1448 I SystemServerTiming: OnBootPhase_520_com.android.server.backup.BackupManagerService$Lifecycle
08-07 11:59:09.747  1448  1448 I SystemServerTiming: OnBootPhase_520_com.android.server.appwidget.AppWidgetService
08-07 11:59:09.747  1448  1448 I SystemServerTiming: OnBootPhase_520_com.android.server.role.RoleManagerService
08-07 11:59:09.747  1448  1448 I SystemServerTiming: OnBootPhase_520_com.android.server.voiceinteraction.VoiceInteractionManagerService
08-07 11:59:09.747  1448  1448 I SystemServerTiming: OnBootPhase_520_com.android.server.SensorNotificationService
08-07 11:59:09.747  1448  1448 I SystemServerTiming: OnBootPhase_520_com.android.server.emergency.EmergencyAffordanceService
08-07 11:59:09.747  1448  1448 I SystemServerTiming: OnBootPhase_520_com.android.server.dreams.DreamManagerService
08-07 11:59:09.747  1448  1448 I SystemServerTiming: OnBootPhase_520_com.android.server.print.PrintManagerService
08-07 11:59:09.747  1448  1448 I SystemServerTiming: OnBootPhase_520_com.android.server.blob.BlobStoreManagerService
08-07 11:59:09.747  1448  1448 I SystemServerTiming: OnBootPhase_520_com.android.server.companion.CompanionDeviceManagerService
08-07 11:59:09.747  1448  1448 I SystemServerTiming: OnBootPhase_520_com.android.server.restrictions.RestrictionsManagerService
08-07 11:59:09.747  1448  1448 I SystemServerTiming: OnBootPhase_520_com.android.server.media.MediaSessionService
08-07 11:59:09.747  1448  1448 I SystemServerTiming: OnBootPhase_520_com.android.server.media.MediaResourceMonitorService
08-07 11:59:09.747  1448  1448 I SystemServerTiming: OnBootPhase_520_com.android.server.biometrics.fingerprint.FingerprintService
08-07 11:59:09.748  1448  1448 I SystemServerTiming: OnBootPhase_520_com.android.server.biometrics.BiometricService
08-07 11:59:09.748  1448  1448 I SystemServerTiming: OnBootPhase_520_com.android.server.biometrics.AuthService
08-07 11:59:09.748  1448  1448 I SystemServerTiming: OnBootPhase_520_com.android.server.pm.ShortcutService$Lifecycle
08-07 11:59:09.748  1448  1448 I SystemServerTiming: OnBootPhase_520_com.android.server.pm.LauncherAppsService
08-07 11:59:09.748  1448  1448 I SystemServerTiming: OnBootPhase_520_com.android.server.pm.CrossProfileAppsService
08-07 11:59:09.748  1448  1448 I SystemServerTiming: OnBootPhase_520_com.android.server.people.PeopleService
08-07 11:59:09.748  1448  1448 I SystemServerTiming: OnBootPhase_520_com.android.server.media.projection.MediaProjectionManagerService
08-07 11:59:09.748  1448  1448 I SystemServerTiming: OnBootPhase_520_com.android.server.slice.SliceManagerService$Lifecycle
08-07 11:59:09.748  1448  1448 I SystemServerTiming: OnBootPhase_520_com.android.server.camera.CameraServiceProxy
08-07 11:59:09.748  1448  1448 I SystemServerTiming: OnBootPhase_520_com.android.server.stats.StatsCompanion$Lifecycle
08-07 11:59:09.748  1448  1448 I SystemServerTiming: OnBootPhase_520_com.android.server.stats.pull.StatsPullAtomService
08-07 11:59:09.748  1448  1448 I SystemServerTiming: OnBootPhase_520_com.android.server.incident.IncidentCompanionService
08-07 11:59:09.748  1448  1448 I SystemServerTiming: OnBootPhase_520_com.android.server.MmsServiceBroker
08-07 11:59:09.748  1448  1448 I SystemServerTiming: OnBootPhase_520_com.android.server.autofill.AutofillManagerService
08-07 11:59:09.748  1448  1448 I SystemServerTiming: OnBootPhase_520_com.android.server.clipboard.ClipboardService
08-07 11:59:09.748  1448  1448 I SystemServerTiming: OnBootPhase_520_com.android.server.appbinding.AppBindingService$Lifecycle
08-07 11:59:09.748  1448  1448 I SystemServerTiming: OnBootPhase_520_com.android.server.policy.PermissionPolicyService
08-07 11:59:09.748  1448  1448 I SystemServerTiming: OnBootPhase_520_com.android.server.pm.StagingManager$Lifecycle
08-07 11:59:09.748  1448  1448 I SystemServiceManager: Starting phase 520 done
08-07 11:59:09.748  1448  1448 I SystemServerTiming: PhaseActivityManagerReady
08-07 11:59:09.748  1448  1448 I SystemServerTiming: controllersReady
08-07 11:59:09.749  1448  1594 W ContextImpl: Calling a method in the system process without a qualified user: android.app.ContextImpl.sendBroadcastMultiplePermissions:1153 android.content.Context.sendBroadcastWithMultiplePermissions:2159 com.android.server.display.WifiDisplayAdapter.handleSendStatusChangeBroadcast:440 com.android.server.display.WifiDisplayAdapter.access$1700:63 com.android.server.display.WifiDisplayAdapter$WifiDisplayHandler.handleMessage:677 
08-07 11:59:09.749  1448  1448 I SplashScreenServiceDelegate: Register BOOT_COMPLETED receiver
08-07 11:59:09.750  1448  1448 I SplashScreenServiceDelegate: Register debugger receiver
08-07 11:59:09.790  1448  2286 I SystemServerTimingAsync: InitThreadPoolExec:Update app-ops uidState in case package com.bee2025.prepgpt.preview changed
08-07 11:59:09.790  1448  2299 I SystemServerTimingAsync: InitThreadPoolExec:Update app-ops uidState in case package com.bee2025.prepgpt changed
08-07 11:59:09.791  1448  2162 I SystemServerTimingAsync: InitThreadPoolExec:Update app-ops uidState in case package com.google.android.apps.authenticator2 changed
08-07 11:59:09.791  1448  2258 I SystemServerTimingAsync: InitThreadPoolExec:Update app-ops uidState in case package ee.mtakso.client changed
08-07 11:59:09.791  1448  2184 I SystemServerTimingAsync: InitThreadPoolExec:Update app-ops uidState in case package com.flyersoft.moonreaderp changed
08-07 11:59:09.791  1448  1600 I SystemServerTimingAsync: InitThreadPoolExec:Update app-ops uidState in case package com.windscribe.vpn changed
08-07 11:59:09.792  1448  2174 I SystemServerTimingAsync: InitThreadPoolExec:Update app-ops uidState in case package com.truecaller changed
08-07 11:59:09.792  1448  2185 I SystemServerTimingAsync: InitThreadPoolExec:Update app-ops uidState in case package devdnua.clipboard changed
08-07 11:59:09.797  1448  2286 I SystemServerTimingAsync: InitThreadPoolExec:Update app-ops uidState in case package com.twitter.android changed
08-07 11:59:09.797  1448  2286 I SystemServerTimingAsync: InitThreadPoolExec:Update app-ops uidState in case package livio.pack.lang.en_US changed
08-07 11:59:09.798  1448  2286 I SystemServerTimingAsync: InitThreadPoolExec:Update app-ops uidState in case package com.google.android.contactkeys changed
08-07 11:59:09.798  1448  2162 I SystemServerTimingAsync: InitThreadPoolExec:Update app-ops uidState in case package com.whatsapp changed
08-07 11:59:09.798  1448  2286 I SystemServerTimingAsync: InitThreadPoolExec:Update app-ops uidState in case package com.upwork.android.apps.main changed
08-07 11:59:09.798  1448  2258 I SystemServerTimingAsync: InitThreadPoolExec:Update app-ops uidState in case package team.opay.pay changed
08-07 11:59:09.798  1448  2162 I SystemServerTimingAsync: InitThreadPoolExec:Update app-ops uidState in case package com.fiverr.fiverr changed
08-07 11:59:09.798  1448  2174 I SystemServerTimingAsync: InitThreadPoolExec:Update app-ops uidState in case package com.google.android.apps.bard changed
08-07 11:59:09.798  1448  2162 I SystemServerTimingAsync: InitThreadPoolExec:Update app-ops uidState in case package app.studiapp.co changed
08-07 11:59:09.798  1448  2174 I SystemServerTimingAsync: InitThreadPoolExec:Update app-ops uidState in case package com.google.android.permissioncontroller changed
08-07 11:59:09.798  1448  2162 I SystemServerTimingAsync: InitThreadPoolExec:Update app-ops uidState in case package com.android.providers.media.module changed
08-07 11:59:09.798  1448  2174 I SystemServerTimingAsync: InitThreadPoolExec:Update app-ops uidState in case package com.android.hotspot2.osulogin changed
08-07 11:59:09.798  1448  2162 I SystemServerTimingAsync: InitThreadPoolExec:Update app-ops uidState in case package com.android.wifi.resources changed
08-07 11:59:09.798  1448  2174 I SystemServerTimingAsync: InitThreadPoolExec:Update app-ops uidState in case package com.google.android.ext.services changed
08-07 11:59:09.798  1448  1600 I SystemServerTimingAsync: InitThreadPoolExec:Update app-ops uidState in case package com.miui.fmservice changed
08-07 11:59:09.798  1448  1600 I SystemServerTimingAsync: InitThreadPoolExec:Update app-ops uidState in case package com.qualcomm.qti.qccauthmgr changed
08-07 11:59:09.798  1448  2174 I SystemServerTimingAsync: InitThreadPoolExec:Update app-ops uidState in case package com.qualcomm.qti.performancemode changed
08-07 11:59:09.798  1448  2174 I SystemServerTimingAsync: InitThreadPoolExec:Update app-ops uidState in case package com.qualcomm.qti.qcolor changed
08-07 11:59:09.798  1448  2299 I SystemServerTimingAsync: InitThreadPoolExec:Update app-ops uidState in case package com.qualcomm.qti.simcontacts changed
08-07 11:59:09.798  1448  2185 I SystemServerTimingAsync: InitThreadPoolExec:Update app-ops uidState in case package com.android.smspush changed
08-07 11:59:09.798  1448  2174 I SystemServerTimingAsync: InitThreadPoolExec:Update app-ops uidState in case package com.qti.confuridialer changed
08-07 11:59:09.798  1448  2185 I SystemServerTimingAsync: InitThreadPoolExec:Update app-ops uidState in case package com.qualcomm.qti.ims changed
08-07 11:59:09.798  1448  2174 I SystemServerTimingAsync: InitThreadPoolExec:Update app-ops uidState in case package com.qti.service.colorservice changed
08-07 11:59:09.798  1448  2299 I SystemServerTimingAsync: InitThreadPoolExec:Update app-ops uidState in case package com.qualcomm.atfwd changed
08-07 11:59:09.798  1448  2174 I SystemServerTimingAsync: InitThreadPoolExec:Update app-ops uidState in case package com.qualcomm.qti.remoteSimlockAuth changed
08-07 11:59:09.798  1448  2174 I SystemServerTimingAsync: InitThreadPoolExec:Update app-ops uidState in case package com.qualcomm.embms changed
08-07 11:59:09.798  1448  2299 I SystemServerTimingAsync: InitThreadPoolExec:Update app-ops uidState in case package com.qualcomm.qti.server.wigig.tethering.rro changed
08-07 11:59:09.798  1448  2299 I SystemServerTimingAsync: InitThreadPoolExec:Update app-ops uidState in case package com.caf.fmradio changed
08-07 11:59:09.798  1448  2299 I SystemServerTimingAsync: InitThreadPoolExec:Update app-ops uidState in case package com.qualcomm.qti.devicestatisticsservice changed
08-07 11:59:09.798  1448  2184 I SystemServerTimingAsync: InitThreadPoolExec:Update app-ops uidState in case package com.android.wallpapercropper changed
08-07 11:59:09.799  1448  2299 I SystemServerTimingAsync: InitThreadPoolExec:Update app-ops uidState in case package org.codeaurora.ims changed
08-07 11:59:09.799  1448  2184 I SystemServerTimingAsync: InitThreadPoolExec:Update app-ops uidState in case package com.google.android.feedback changed
08-07 11:59:09.799  1448  2299 I SystemServerTimingAsync: InitThreadPoolExec:Update app-ops uidState in case package com.android.cellbroadcastreceiver changed
08-07 11:59:09.799  1448  1448 I SystemServerTiming: killProcesses
08-07 11:59:09.799  1448  2184 I SystemServerTimingAsync: InitThreadPoolExec:Update app-ops uidState in case package com.google.android.setupwizard changed
08-07 11:59:09.799  1448  2299 I SystemServerTimingAsync: InitThreadPoolExec:Update app-ops uidState in case package com.android.storagemanager changed
08-07 11:59:09.799  1448  1448 I ActivityManager: System now ready
08-07 11:59:09.799  1448  2184 I SystemServerTimingAsync: InitThreadPoolExec:Update app-ops uidState in case package com.android.emergency changed
08-07 11:59:09.799  1448  2299 I SystemServerTimingAsync: InitThreadPoolExec:Update app-ops uidState in case package com.android.carrierconfig changed
08-07 11:59:09.799  1448  1448 I SystemServerTiming: updateTopComponentForFactoryTest
08-07 11:59:09.799  1448  2299 I SystemServerTimingAsync: InitThreadPoolExec:Update app-ops uidState in case package com.qualcomm.location changed
08-07 11:59:09.799  1448  2299 I SystemServerTimingAsync: InitThreadPoolExec:Update app-ops uidState in case package com.qti.ltebc changed
08-07 11:59:09.799  1448  2184 I SystemServerTimingAsync: InitThreadPoolExec:Update app-ops uidState in case package com.qualcomm.wfd.service changed
08-07 11:59:09.799  1448  2299 I SystemServerTimingAsync: InitThreadPoolExec:Update app-ops uidState in case package com.qualcomm.qti.seccamservice changed
08-07 11:59:09.799  1448  2174 I SystemServerTimingAsync: InitThreadPoolExec:Update app-ops uidState in case package com.google.android.onetimeinitializer changed
08-07 11:59:09.799  1448  2185 I SystemServerTimingAsync: InitThreadPoolExec:Update app-ops uidState in case package com.qualcomm.qti.workloadclassifier changed
08-07 11:59:09.799  1448  2258 I SystemServerTimingAsync: InitThreadPoolExec:Update app-ops uidState in case package com.google.android.keep changed
08-07 11:59:09.799  1448  1448 I SystemServerTiming: registerActivityLaunchObserver
08-07 11:59:09.799  1448  2162 I SystemServerTimingAsync: InitThreadPoolExec:Update app-ops uidState in case package com.qualcomm.qti.services.systemhelper changed
08-07 11:59:09.799  1448  2299 I SystemServerTimingAsync: InitThreadPoolExec:Update app-ops uidState in case package com.google.android.apps.maps changed
08-07 11:59:09.800  1448  2162 I SystemServerTimingAsync: InitThreadPoolExec:Update app-ops uidState in case package com.qualcomm.qti.poweroffalarm changed
08-07 11:59:09.800  1448  2299 I SystemServerTimingAsync: InitThreadPoolExec:Update app-ops uidState in case package com.google.android.inputmethod.latin changed
08-07 11:59:09.800  1448  2286 I SystemServerTimingAsync: InitThreadPoolExec:Update app-ops uidState in case package com.google.android.modulemetadata changed
08-07 11:59:09.800  1448  2258 I SystemServerTimingAsync: InitThreadPoolExec:Update app-ops uidState in case package com.android.chrome changed
08-07 11:59:09.800  1448  2299 I SystemServerTimingAsync: InitThreadPoolExec:Update app-ops uidState in case package com.google.android.gm changed
08-07 11:59:09.800  1448  1448 I SystemServerTiming: watchDeviceProvisioning
08-07 11:59:09.800  1448  2286 I SystemServerTimingAsync: InitThreadPoolExec:Update app-ops uidState in case package com.google.android.contacts changed
08-07 11:59:09.800  1448  2185 I SystemServerTimingAsync: InitThreadPoolExec:Update app-ops uidState in case package com.google.android.youtube changed
08-07 11:59:09.800  1448  2299 I SystemServerTimingAsync: InitThreadPoolExec:Update app-ops uidState in case package com.google.android.webview changed
08-07 11:59:09.800  1448  2286 I SystemServerTimingAsync: InitThreadPoolExec:Update app-ops uidState in case package com.google.android.syncadapters.contacts changed
08-07 11:59:09.800  1448  2185 I SystemServerTimingAsync: InitThreadPoolExec:Update app-ops uidState in case package com.google.mainline.telemetry changed
08-07 11:59:09.800  1448  2299 I SystemServerTimingAsync: InitThreadPoolExec:Update app-ops uidState in case package com.google.android.tts changed
08-07 11:59:09.800  1448  1600 I SystemServerTimingAsync: InitThreadPoolExec:Update app-ops uidState in case package com.android.dreams.phototable changed
08-07 11:59:09.800  1448  2174 I SystemServerTimingAsync: InitThreadPoolExec:Update app-ops uidState in case package com.google.android.gms.location.history changed
