08-07 11:59:21.443  1448  3433 I Telecom : PhoneAccountRegistrar: New phone account registered: [[ ] PhoneAccount: ComponentInfo{com.android.phone/com.android.services.telephony.TelephonyConnectionService}, ***, UserHandle{0} Capabilities: CallProvider MultiUser PlaceEmerg SimSub  Audio Routes: BESW Schemes: tel voicemail  Extras: Bundle[{android.telecom.extra.SUPPORTS_VIDEO_CALLING_FALLBACK=true, android.telecom.extra.SORT_ORDER=1}] GroupId: ***]: TSI.rPA@APg
08-07 11:59:21.452  1448  3433 I Telecom : MiuiCallsManager: Sending phone-account ComponentInfo{com.android.phone/com.android.services.telephony.TelephonyConnectionService}, ***, UserHandle{0} registered intent as user: TSI.rPA@APg
08-07 11:59:21.452  1448  3433 I Telecom : MiuiCallsManager: Sending phone-account registered intent to default dialer: TSI.rPA@APg
08-07 11:59:21.521  1448  1448 W BiometricStats: found a negative latency : -1
08-07 11:59:21.524  1448  1448 E MQSEventManagerDelegate: failed to get MQSService.
08-07 11:59:21.536  1448  1611 I ActivityManager: Start proc 3532:com.android.settings/1000 for broadcast {com.android.settings/com.android.settings.MiuiSettingsReceiver} caller=com.android.phone
08-07 11:59:21.627  1448  1611 I ActivityManager: Start proc 3551:com.google.android.dialer/u0a185 for broadcast {com.google.android.dialer/com.android.dialer.app.calllog.LegacyVoicemailNotificationReceiver_Receiver} caller=com.android.phone
08-07 11:59:21.720  1448  1448 W FingerprintService: client com.android.systemui is authenticating...
08-07 11:59:21.835  1448  3483 I Telecom : PhoneAccountRegistrar: Modify account: [ComponentInfo{com.android.phone/com.android.services.telephony.TelephonyConnectionService}, ***, UserHandle{0}]: TSI.rPA@APw
08-07 11:59:21.838  1448  3483 I Telecom : MiuiCallsManager: handlePhoneAccountChanged: phoneAccount=[[X] PhoneAccount: ComponentInfo{com.android.phone/com.android.services.telephony.TelephonyConnectionService}, ***, UserHandle{0} Capabilities: CallProvider MultiUser PlaceEmerg SimSub  Audio Routes: BESW Schemes: tel voicemail  Extras: Bundle[{android.telecom.extra.SUPPORTS_VIDEO_CALLING_FALLBACK=true, android.telecom.extra.SORT_ORDER=0}] GroupId: ***]: TSI.rPA@APw
08-07 11:59:21.852  1448  3480 W ActivityManager: Unable to start service Intent { act=com.google.android.gms.phenotype.service.START pkg=com.google.android.gms } U=0: not found
08-07 11:59:21.853  1448  2409 W ActivityManager: Unbind failed: could not find connection for android.os.BinderProxy@3b9b8ce
08-07 11:59:21.887  1448  3480 I Telecom : PhoneAccountRegistrar: Modify account: [ComponentInfo{com.android.phone/com.android.services.telephony.TelephonyConnectionService}, ***, UserHandle{0}]: TSI.rPA@AQA
08-07 11:59:21.890  1448  3306 W ActivityManager: Unable to start service Intent { act=com.google.android.gms.phenotype.service.START pkg=com.google.android.gms } U=0: not found
08-07 11:59:21.891  1448  3306 W ActivityManager: Unbind failed: could not find connection for android.os.BinderProxy@a99dee8
08-07 11:59:21.891  1448  3480 I Telecom : MiuiCallsManager: handlePhoneAccountChanged: phoneAccount=[[X] PhoneAccount: ComponentInfo{com.android.phone/com.android.services.telephony.TelephonyConnectionService}, ***, UserHandle{0} Capabilities: CallProvider MultiUser PlaceEmerg SimSub  Audio Routes: BESW Schemes: tel voicemail  Extras: Bundle[{android.telecom.extra.SUPPORTS_VIDEO_CALLING_FALLBACK=true, android.telecom.extra.SORT_ORDER=1}] GroupId: ***]: TSI.rPA@AQA
08-07 11:59:21.950  3551  3588 W ActivityThread: Failed to find provider info for com.google.android.gsf.gservices (user not unlocked)
08-07 11:59:21.973  3551  3588 W ActivityThread: Failed to find provider info for com.google.android.gsf.gservices (user not unlocked)
08-07 11:59:21.982  1448  3483 W ActivityManager: Unable to start service Intent { act=com.google.android.chimera.BoundService.START dat=chimera-action:com.google.android.gms.clearcut.bootcount.service.START cmp=com.google.android.gms/.chimera.PersistentBoundBrokerService } U=0: not found
08-07 11:59:21.982  1448  3483 W ActivityManager: Unbind failed: could not find connection for android.os.BinderProxy@42ab256
08-07 11:59:22.008  3267  3287 W ActivityThread: Failed to find provider info for com.google.android.gsf.gservices (user not unlocked)
08-07 11:59:22.060  1448  3483 W StorageManagerService: No primary storage defined yet; hacking together a stub
08-07 11:59:22.069  3267  3389 W ActivityThread: Failed to find provider info for com.google.android.gsf.gservices (user not unlocked)
08-07 11:59:22.078  3267  3389 I chatty  : uid=10190 com.google.android.gms.persistent identical 1 line
08-07 11:59:22.080  3267  3389 W ActivityThread: Failed to find provider info for com.google.android.gsf.gservices (user not unlocked)
08-07 11:59:22.095  1448  3306 W ActivityManager: Unable to start service Intent { act=com.google.android.chimera.BoundService.START dat=chimera-action:com.google.android.gms.auth.aang.events.services.START cmp=com.google.android.gms/.chimera.PersistentApiService } U=0: not found
08-07 11:59:22.096  1448  3306 W ActivityManager: Unbind failed: could not find connection for android.os.BinderProxy@520a160
08-07 11:59:22.130  3532  3603 W ActivityThread: Failed to find provider info for com.xiaomi.providers.appindex (user not unlocked)
08-07 11:59:22.130  1448  1611 I ActivityManager: Start proc 3611:com.android.cellbroadcastreceiver/u0a221 for broadcast {com.android.cellbroadcastreceiver/com.android.cellbroadcastreceiver.CellBroadcastReceiver} caller=android
08-07 11:59:22.137  3532  3603 W ActivityThread: Failed to find provider info for com.xiaomi.providers.appindex (user not unlocked)
08-07 11:59:22.200  3532  3603 I chatty  : uid=1000(system) com.android.settings identical 3 lines
08-07 11:59:22.204  3532  3603 W ActivityThread: Failed to find provider info for com.xiaomi.providers.appindex (user not unlocked)
08-07 11:59:22.239  1448  2409 E PackageDexUsage: Unsupported context?
08-07 11:59:22.302  1448  1448 I Telecom : PhoneAccountRegistrar: getSimCallManager: SimCallManager for subId 1 queried, returning: null: TSI.gSCMFU@AQU
08-07 11:59:22.356  1448  1611 I ActivityManager: Start proc 3642:android.process.acore/u0a83 for content provider {com.android.providers.blockednumber/com.android.providers.blockednumber.BlockedNumberProvider} caller=android
08-07 11:59:22.386  1448  1590 W Looper  : Slow dispatch took 139ms android.fg h=com.android.server.location.gnss.GnssLocationProvider$ProviderHandler c=android.app.-$$Lambda$LoadedApk$ReceiverDispatcher$Args$_BumDX2UKsnxLVrE6UJsJZkotuA@cf7fc6 m=0
08-07 11:59:22.519  1448  1611 I ActivityManager: Start proc 3665:com.android.deskclock/u0a137 for broadcast {com.android.deskclock/com.android.deskclock.AlarmInitReceiver} caller=android
08-07 11:59:22.801  1448  1448 W Looper  : Slow dispatch took 498ms main h=android.app.ActivityThread$H c=android.app.-$$Lambda$LoadedApk$ReceiverDispatcher$Args$_BumDX2UKsnxLVrE6UJsJZkotuA@a6728db m=0
08-07 11:59:22.810  1448  1448 W Looper  : Slow delivery took 555ms main h=android.app.ActivityThread$H c=android.app.-$$Lambda$LoadedApk$ReceiverDispatcher$Args$_BumDX2UKsnxLVrE6UJsJZkotuA@43ffecb m=0
08-07 11:59:22.838  1448  1448 I Telecom : PhoneAccountRegistrar: getSimCallManager: SimCallManager for subId 1 queried, returning: null: TSI.gSCMFU@AQc
08-07 11:59:22.857  1448  1448 W Looper  : Drained
08-07 11:59:22.864  3390  3390 W Looper  : PerfMonitor longMsg : seq=2 plan=11:59:20.272 late=10ms wall=2580ms running=279ms runnable=57ms io=2002ms h=android.app.ActivityThread$H w=110 procState=5
08-07 11:59:22.922  1448  2435 I ProcessStarter: process: com.android.settings already exits, just protect
08-07 11:59:22.923  1448  2435 W PreloadController: Will start to Check ...
08-07 11:59:23.068  1448  2416 W ActivityThread: Failed to find provider info for com.miui.misound.AppVolumeProvider (user not unlocked)
08-07 11:59:23.095  1448  3480 W ActivityManager: Unable to start service Intent { act=com.google.android.gms.measurement.START pkg=com.google.android.gms } U=0: not found
08-07 11:59:23.096  1448  3480 W ActivityManager: Unbind failed: could not find connection for android.os.BinderProxy@7e46f4c
08-07 11:59:23.103  1448  1481 W ActivityManager: Unable to start service Intent { act=com.google.android.gms.measurement.START pkg=com.google.android.gms } U=0: not found
08-07 11:59:23.105  1448  1481 W ActivityManager: Unbind failed: could not find connection for android.os.BinderProxy@71f5be4
08-07 11:59:23.113  1448  3480 W ActivityManager: Unable to start service Intent { act=com.google.android.gms.measurement.START pkg=com.google.android.gms } U=0: not found
08-07 11:59:23.114  1448  3433 W ActivityManager: Unbind failed: could not find connection for android.os.BinderProxy@cb1c84d
08-07 11:59:23.192  1448  2428 W ContextImpl: Calling a method in the system process without a qualified user: android.app.ContextImpl.sendBroadcast:1121 miui.security.SecurityManagerCompat.sendCancelBootAlarm:139 miui.security.SecurityManagerCompat.writeQcomBootTime:106 miui.security.SecurityManagerCompat.writeBootTime:69 com.miui.server.SecurityManagerService$SecurityWriteHandler.handleMessage:363 
08-07 11:59:23.195  1448  2428 W ContextImpl: Calling a method in the system process without a qualified user: android.app.ContextImpl.sendBroadcast:1121 miui.security.SecurityManagerCompat.sendSetBootAlarm:148 miui.security.SecurityManagerCompat.writeQcomBootTime:107 miui.security.SecurityManagerCompat.writeBootTime:69 com.miui.server.SecurityManagerService$SecurityWriteHandler.handleMessage:363 
08-07 11:59:23.195  1448  1611 I ActivityManager: Start proc 3715:com.google.android.ims/u0a180 for service {com.google.android.ims/com.google.android.ims.services.CarrierServicesImsService} caller=com.android.phone
08-07 11:59:23.196  1448  2428 W ContextImpl: Calling a method in the system process without a qualified user: android.app.ContextImpl.sendBroadcast:1121 miui.security.SecurityManagerCompat.sendCancelBootAlarm:139 miui.security.SecurityManagerCompat.writeQcomBootTime:109 miui.security.SecurityManagerCompat.writeBootTime:69 com.miui.server.SecurityManagerService$SecurityWriteHandler.handleMessage:363 
08-07 11:59:23.197  3611  3658 W BpBinder: PerfMonitor binderTransact :  time=709ms interface=com.android.internal.telephony.ISms code=12
08-07 11:59:23.248  1448  3306 W ActivityManager: Receiver with filter android.content.IntentFilter@7a8db6a already registered for pid 3532, callerPackage is com.android.settings
08-07 11:59:23.312  1448  1611 I ActivityManager: Start proc 3745:com.qualcomm.qti.poweroffalarm/u0a208 for broadcast {com.qualcomm.qti.poweroffalarm/com.qualcomm.qti.poweroffalarm.PowerOffAlarmBroadcastReceiver} caller=android
08-07 11:59:23.313  1448  2428 W ContextImpl: Calling a method in the system process without a qualified user: android.app.ContextImpl.sendBroadcast:1121 miui.security.SecurityManagerCompat.sendCancelBootAlarm:139 miui.security.SecurityManagerCompat.writeQcomBootTime:106 miui.security.SecurityManagerCompat.writeBootTime:69 com.miui.server.SecurityManagerService$SecurityWriteHandler.handleMessage:363 
08-07 11:59:23.316  1448  2428 W ContextImpl: Calling a method in the system process without a qualified user: android.app.ContextImpl.sendBroadcast:1121 miui.security.SecurityManagerCompat.sendSetBootAlarm:148 miui.security.SecurityManagerCompat.writeQcomBootTime:107 miui.security.SecurityManagerCompat.writeBootTime:69 com.miui.server.SecurityManagerService$SecurityWriteHandler.handleMessage:363 
08-07 11:59:23.318  1448  2428 W ContextImpl: Calling a method in the system process without a qualified user: android.app.ContextImpl.sendBroadcast:1121 miui.security.SecurityManagerCompat.sendCancelBootAlarm:139 miui.security.SecurityManagerCompat.writeQcomBootTime:109 miui.security.SecurityManagerCompat.writeBootTime:69 com.miui.server.SecurityManagerService$SecurityWriteHandler.handleMessage:363 
08-07 11:59:23.349  1448  1611 I ActivityManager: Start proc 3752:com.android.settings:remote/1000 for broadcast {com.android.settings/com.android.settings.dndmode.DoNotDisturbModeReceiver} caller=android
08-07 11:59:23.453  1448  3306 W OverlayManager: service 'idmap' died
08-07 11:59:23.486  1448  2436 W SchedBoost: SchedBoost begin: proc: 2833/2976, mode: 2 aff:null
08-07 11:59:23.487  3611  3658 W BpBinder: PerfMonitor binderTransact :  time=239ms interface=com.android.internal.telephony.ISms code=12
08-07 11:59:23.675  1448  3306 E DefaultPermGrantPolicy: Permission not found: android.permission.ADD_VOICEMAIL
08-07 11:59:23.676  1448  3306 E DefaultPermGrantPolicy: Permission not found: com.google.android.apps.messaging.services.ACCESS_JIBESERVICE
08-07 11:59:23.678  1448  3306 E DefaultPermGrantPolicy: Permission not found: android.permission.ADD_VOICEMAIL
08-07 11:59:23.678  1448  3306 E DefaultPermGrantPolicy: Permission not found: com.google.android.apps.messaging.services.ACCESS_JIBESERVICE
08-07 11:59:23.679  1448  3306 E DefaultPermGrantPolicy: Permission not found: android.permission.ADD_VOICEMAIL
08-07 11:59:23.679  1448  3306 E DefaultPermGrantPolicy: Permission not found: com.google.android.apps.messaging.services.ACCESS_JIBESERVICE
08-07 11:59:23.680  1448  3306 E DefaultPermGrantPolicy: Permission not found: android.permission.ADD_VOICEMAIL
08-07 11:59:23.680  1448  3306 E DefaultPermGrantPolicy: Permission not found: com.google.android.apps.messaging.services.ACCESS_JIBESERVICE
08-07 11:59:23.680  1448  3306 E DefaultPermGrantPolicy: Permission not found: android.permission.ADD_VOICEMAIL
08-07 11:59:23.680  1448  3306 E DefaultPermGrantPolicy: Permission not found: com.google.android.apps.messaging.services.ACCESS_JIBESERVICE
08-07 11:59:23.814  1448  3483 I Telecom : MiuiCallsManager: Sending phone-account ComponentInfo{com.android.phone/com.android.services.telephony.TelephonyConnectionService}, ***, UserHandle{0} unregistered intent as user: TSI.uPA@ARI
08-07 11:59:23.816  1448  3483 I Telecom : MiuiCallsManager: Sending phone-account unregistered intent to default dialer: TSI.uPA@ARI
08-07 11:59:23.818  1448  3483 I Telecom : MiuiCallsManager: Sending phone-account ComponentInfo{com.android.phone/com.android.services.telephony.TelephonyConnectionService}, ***, UserHandle{0} unregistered intent as user: TSI.uPA@ARM
08-07 11:59:23.819  1448  3483 I Telecom : MiuiCallsManager: Sending phone-account unregistered intent to default dialer: TSI.uPA@ARM
08-07 11:59:23.834  1448  3483 W ActivityManager: Unable to start service Intent { act=com.google.android.contextmanager.service.ContextManagerService.START pkg=com.google.android.gms } U=0: not found
08-07 11:59:23.835  1448  1481 W ActivityManager: Unbind failed: could not find connection for android.os.BinderProxy@cda8ffb
08-07 11:59:23.848  1448  2390 W DnsManager: updatePrivateDns(100, PrivateDnsConfig{false:/[]})
08-07 11:59:23.873  1448  3205 I Telecom : PhoneAccountRegistrar: New phone account registered: [[ ] PhoneAccount: ComponentInfo{com.android.phone/com.android.services.telephony.TelephonyConnectionService}, ***, UserHandle{0} Capabilities: CallProvider MultiUser PlaceEmerg SimSub  Audio Routes: BESW Schemes: tel voicemail  Extras: Bundle[{android.telecom.extra.SUPPORTS_VIDEO_CALLING_FALLBACK=true, android.telecom.extra.SORT_ORDER=0}] GroupId: ***]: TSI.rPA@ARQ
08-07 11:59:23.875  1448  3205 I Telecom : MiuiCallsManager: Sending phone-account ComponentInfo{com.android.phone/com.android.services.telephony.TelephonyConnectionService}, ***, UserHandle{0} registered intent as user: TSI.rPA@ARQ
08-07 11:59:23.876  1448  3205 I Telecom : MiuiCallsManager: Sending phone-account registered intent to default dialer: TSI.rPA@ARQ
08-07 11:59:23.884  1448  2390 I Nat464Xlat: Android Xlat is disabled
08-07 11:59:23.884  1448  2390 I Nat464Xlat: Android Xlat is disabled
08-07 11:59:23.902   617   700 E NetlinkEvent: NetlinkEvent::FindParam(): Parameter 'INTERFACE' not found
08-07 11:59:23.903   617   700 E NetlinkEvent: NetlinkEvent::FindParam(): Parameter 'STATE' not found
08-07 11:59:23.903   617   700 E NetlinkEvent: NetlinkEvent::FindParam(): Parameter 'TIME_NS' not found
08-07 11:59:23.903   617   700 E NetlinkEvent: NetlinkEvent::FindParam(): Parameter 'UID' not found
08-07 11:59:23.923  1448  3306 I Telecom : PhoneAccountRegistrar: New phone account registered: [[ ] PhoneAccount: ComponentInfo{com.android.phone/com.android.services.telephony.TelephonyConnectionService}, ***, UserHandle{0} Capabilities: CallProvider MultiUser PlaceEmerg SimSub  Audio Routes: BESW Schemes: tel voicemail  Extras: Bundle[{android.telecom.extra.SUPPORTS_VIDEO_CALLING_FALLBACK=true, android.telecom.extra.SORT_ORDER=1}] GroupId: ***]: TSI.rPA@ARU
08-07 11:59:23.927  1448  3306 I Telecom : MiuiCallsManager: Sending phone-account ComponentInfo{com.android.phone/com.android.services.telephony.TelephonyConnectionService}, ***, UserHandle{0} registered intent as user: TSI.rPA@ARU
08-07 11:59:23.927  1448  3306 I Telecom : MiuiCallsManager: Sending phone-account registered intent to default dialer: TSI.rPA@ARU
08-07 11:59:23.961  1448  1448 I SyncManager: Loaded persisted syncs: 51 periodic syncs, 0 oneshot syncs, 73 total system server jobs, JobStats: FirstLoad: 143/62/51 LastSave: -1/-1/-1
08-07 11:59:23.987  3611  3658 W BpBinder: PerfMonitor binderTransact :  time=497ms interface=com.android.internal.telephony.ISms code=12
08-07 11:59:24.004  1448  2406 W ActivityManager: Unable to start service Intent { cmp=com.xiaomi.xmsf/.push.service.HttpService } U=0: not found
08-07 11:59:24.037  3412  3497 W ActivityThread: Failed to find provider info for com.google.android.gsf.gservices (user not unlocked)
08-07 11:59:24.073  1448  1611 I ActivityManager: Start proc 3841:com.qualcomm.timeservice/u0a177 for broadcast {com.qualcomm.timeservice/com.qualcomm.timeservice.TimeServiceBroadcastReceiver} caller=android
08-07 11:59:24.079  1448  3306 I Telecom : PhoneAccountRegistrar: Modify account: [ComponentInfo{com.android.phone/com.android.services.telephony.TelephonyConnectionService}, ***, UserHandle{0}]: TSI.rPA@AR0
08-07 11:59:24.085  1448  3306 I Telecom : MiuiCallsManager: handlePhoneAccountChanged: phoneAccount=[[X] PhoneAccount: ComponentInfo{com.android.phone/com.android.services.telephony.TelephonyConnectionService}, ***, UserHandle{0} Capabilities: CallProvider MultiUser PlaceEmerg SimSub  Audio Routes: BESW Schemes: tel voicemail  Extras: Bundle[{android.telecom.extra.SUPPORTS_VIDEO_CALLING_FALLBACK=true, android.telecom.extra.SORT_ORDER=0}] GroupId: ***]: TSI.rPA@AR0
08-07 11:59:24.138  1448  3483 I Telecom : PhoneAccountRegistrar: Modify account: [ComponentInfo{com.android.phone/com.android.services.telephony.TelephonyConnectionService}, ***, UserHandle{0}]: TSI.rPA@AR4
08-07 11:59:24.142  1448  3483 I Telecom : MiuiCallsManager: handlePhoneAccountChanged: phoneAccount=[[X] PhoneAccount: ComponentInfo{com.android.phone/com.android.services.telephony.TelephonyConnectionService}, ***, UserHandle{0} Capabilities: CallProvider MultiUser PlaceEmerg SimSub  Audio Routes: BESW Schemes: tel voicemail  Extras: Bundle[{android.telecom.extra.SUPPORTS_VIDEO_CALLING_FALLBACK=true, android.telecom.extra.SORT_ORDER=1}] GroupId: ***]: TSI.rPA@AR4
08-07 11:59:24.264  1448  2409 I Telecom : MiuiCallsManager: Sending phone-account ComponentInfo{com.android.phone/com.android.services.telephony.TelephonyConnectionService}, ***, UserHandle{0} unregistered intent as user: TSI.uPA@ASA
08-07 11:59:24.265  1448  2409 I Telecom : MiuiCallsManager: Sending phone-account unregistered intent to default dialer: TSI.uPA@ASA
08-07 11:59:24.267  1448  1481 I Telecom : MiuiCallsManager: Sending phone-account ComponentInfo{com.android.phone/com.android.services.telephony.TelephonyConnectionService}, ***, UserHandle{0} unregistered intent as user: TSI.uPA@ASE
08-07 11:59:24.267  1448  1481 I Telecom : MiuiCallsManager: Sending phone-account unregistered intent to default dialer: TSI.uPA@ASE
08-07 11:59:24.312  1448  1611 I ActivityManager: Start proc 3876:com.xiaomi.misettings/1000 for broadcast {com.xiaomi.misettings/com.xiaomi.misettings.usagestats.AppTimerReceiver} caller=android
08-07 11:59:24.314  1448  1481 I Telecom : PhoneAccountRegistrar: New phone account registered: [[ ] PhoneAccount: ComponentInfo{com.android.phone/com.android.services.telephony.TelephonyConnectionService}, ***, UserHandle{0} Capabilities: CallProvider MultiUser PlaceEmerg SimSub  Audio Routes: BESW Schemes: tel voicemail  Extras: Bundle[{android.telecom.extra.SUPPORTS_VIDEO_CALLING_FALLBACK=true, android.telecom.extra.SORT_ORDER=0}] GroupId: ***]: TSI.rPA@ASI
08-07 11:59:24.316  1448  1481 I Telecom : MiuiCallsManager: Sending phone-account ComponentInfo{com.android.phone/com.android.services.telephony.TelephonyConnectionService}, ***, UserHandle{0} registered intent as user: TSI.rPA@ASI
08-07 11:59:24.317  1448  1481 I Telecom : MiuiCallsManager: Sending phone-account registered intent to default dialer: TSI.rPA@ASI
08-07 11:59:24.356  1448  2406 I Telecom : PhoneAccountRegistrar: New phone account registered: [[ ] PhoneAccount: ComponentInfo{com.android.phone/com.android.services.telephony.TelephonyConnectionService}, ***, UserHandle{0} Capabilities: CallProvider MultiUser PlaceEmerg SimSub  Audio Routes: BESW Schemes: tel voicemail  Extras: Bundle[{android.telecom.extra.SUPPORTS_VIDEO_CALLING_FALLBACK=true, android.telecom.extra.SORT_ORDER=1}] GroupId: ***]: TSI.rPA@ASM
08-07 11:59:24.360  1448  2406 I Telecom : MiuiCallsManager: Sending phone-account ComponentInfo{com.android.phone/com.android.services.telephony.TelephonyConnectionService}, ***, UserHandle{0} registered intent as user: TSI.rPA@ASM
08-07 11:59:24.360  1448  2406 I Telecom : MiuiCallsManager: Sending phone-account registered intent to default dialer: TSI.rPA@ASM
08-07 11:59:24.402  1448  2390 I Nat464Xlat: Android Xlat is disabled
08-07 11:59:24.402  1448  2390 I Nat464Xlat: Android Xlat is disabled
08-07 11:59:24.438  1448  2406 I Telecom : PhoneAccountRegistrar: Modify account: [ComponentInfo{com.android.phone/com.android.services.telephony.TelephonyConnectionService}, ***, UserHandle{0}]: TSI.rPA@ASs
08-07 11:59:24.442  1448  2406 I Telecom : MiuiCallsManager: handlePhoneAccountChanged: phoneAccount=[[X] PhoneAccount: ComponentInfo{com.android.phone/com.android.services.telephony.TelephonyConnectionService}, ***, UserHandle{0} Capabilities: CallProvider MultiUser PlaceEmerg SimSub  Audio Routes: BESW Schemes: tel voicemail  Extras: Bundle[{android.telecom.extra.SUPPORTS_VIDEO_CALLING_FALLBACK=true, android.telecom.extra.SORT_ORDER=0}] GroupId: ***]: TSI.rPA@ASs
08-07 11:59:24.471  1448  2406 I Telecom : PhoneAccountRegistrar: Modify account: [ComponentInfo{com.android.phone/com.android.services.telephony.TelephonyConnectionService}, ***, UserHandle{0}]: TSI.rPA@ASw
08-07 11:59:24.474  1448  2406 I Telecom : MiuiCallsManager: handlePhoneAccountChanged: phoneAccount=[[X] PhoneAccount: ComponentInfo{com.android.phone/com.android.services.telephony.TelephonyConnectionService}, ***, UserHandle{0} Capabilities: CallProvider MultiUser PlaceEmerg SimSub  Audio Routes: BESW Schemes: tel voicemail  Extras: Bundle[{android.telecom.extra.SUPPORTS_VIDEO_CALLING_FALLBACK=true, android.telecom.extra.SORT_ORDER=1}] GroupId: ***]: TSI.rPA@ASw
08-07 11:59:24.511  3611  3658 W BpBinder: PerfMonitor binderTransact :  time=358ms interface=com.android.internal.telephony.ISms code=12
08-07 11:59:24.615  1448  2436 W SchedBoost: SchedBoost continue: proc: 2833/2976
08-07 11:59:24.756  3611  3658 W BpBinder: PerfMonitor binderTransact :  time=244ms interface=com.android.internal.telephony.ISms code=12
08-07 11:59:24.808  1448  3903 I DropBoxManagerService: add tag=system_app_wtf isTagEnabled=true flags=0x2
08-07 11:59:24.877  1448  3910 I DropBoxManagerService: add tag=system_app_wtf isTagEnabled=true flags=0x2
08-07 11:59:24.878  1448  2406 W ActivityManager: Unable to start service Intent { cmp=com.xiaomi.xmsf/.push.service.HttpService } U=0: not found
08-07 11:59:24.889  3532  3603 W ActivityThread: Failed to find provider info for com.xiaomi.providers.appindex (user not unlocked)
08-07 11:59:24.922  3532  3603 I chatty  : uid=1000(system) com.android.settings identical 5 lines
08-07 11:59:24.925  3532  3603 W ActivityThread: Failed to find provider info for com.xiaomi.providers.appindex (user not unlocked)
08-07 11:59:24.927  1448  1611 I ActivityManager: Start proc 3912:com.qualcomm.qti.smq/u0a175 for broadcast {com.qualcomm.qti.smq/com.qualcomm.qti.smq.receiver.EnablementReceiver} caller=com.qualcomm.qti.qdma
08-07 11:59:25.011  3611  3658 W BpBinder: PerfMonitor binderTransact :  time=246ms interface=com.android.internal.telephony.ISms code=12
08-07 11:59:25.088  3532  3603 W ActivityThread: Failed to find provider info for com.xiaomi.providers.appindex (user not unlocked)
08-07 11:59:25.113  3532  3603 I chatty  : uid=1000(system) com.android.settings identical 5 lines
08-07 11:59:25.114  3532  3603 W ActivityThread: Failed to find provider info for com.xiaomi.providers.appindex (user not unlocked)
08-07 11:59:25.168  1448  1611 I ActivityManager: Start proc 3934:com.google.android.marvin.talkback/u0a206 for broadcast {com.google.android.marvin.talkback/com.google.android.accessibility.talkback.BootReceiver} caller=null
08-07 11:59:25.258  3611  3658 W BpBinder: PerfMonitor binderTransact :  time=246ms interface=com.android.internal.telephony.ISms code=12
08-07 11:59:25.601  1448  2436 W SchedBoost: SchedBoost continue: proc: 2833/2976
08-07 11:59:25.615  1448  2390 I Nat464Xlat: Android Xlat is disabled
08-07 11:59:25.616  1448  2390 I Nat464Xlat: Android Xlat is disabled
08-07 11:59:25.741  1448  1611 I ActivityManager: Start proc 3973:com.google.android.gms/u0a190 for service {com.google.android.gms/com.google.android.gms.chimera.GmsIntentOperationService} caller=com.google.android.gms
08-07 11:59:25.775  1448  1611 I ActivityManager: Start proc 3983:com.qualcomm.location/u0a215 for broadcast {com.qualcomm.location/com.qualcomm.location.LocationServiceReceiver} caller=null
08-07 11:59:25.883  3611  3658 W BpBinder: PerfMonitor binderTransact :  time=617ms interface=com.android.internal.telephony.ISms code=12
08-07 11:59:25.957  3973  3973 W ActivityThread: Failed to find provider info for com.google.android.gsf.gservices (user not unlocked)
08-07 11:59:26.038  1448  2409 W ActivityManager: Unable to start service Intent { act=com.google.android.chimera.BoundService.START dat=chimera-action:com.google.android.gms.phenotype.service.START cmp=com.google.android.gms/.chimera.PersistentApiService } U=0: not found
08-07 11:59:26.039  1448  2409 W ActivityManager: Unbind failed: could not find connection for android.os.BinderProxy@70d7afd
08-07 11:59:26.149  1448  1611 I ActivityManager: Start proc 4039:com.qualcomm.qti.performancemode/u0a238 for broadcast {com.qualcomm.qti.performancemode/com.qualcomm.qti.performancemode.SystemEventReceiver} caller=null
08-07 11:59:26.152  3611  3658 W BpBinder: PerfMonitor binderTransact :  time=253ms interface=com.android.internal.telephony.ISms code=12
08-07 11:59:26.408  3611  3658 W BpBinder: PerfMonitor binderTransact :  time=256ms interface=com.android.internal.telephony.ISms code=12
08-07 11:59:26.597  1448  2436 W SchedBoost: SchedBoost continue: proc: 2833/2976
08-07 11:59:26.658  3611  3658 W BpBinder: PerfMonitor binderTransact :  time=239ms interface=com.android.internal.telephony.ISms code=12
08-07 11:59:26.680   850   850 W SurfaceFlingerInspector: Slow frame composition:  prepareFrame took 54 ms
08-07 11:59:26.895  3611  3658 W BpBinder: PerfMonitor binderTransact :  time=224ms interface=com.android.internal.telephony.ISms code=12
08-07 11:59:27.127  3611  3658 W BpBinder: PerfMonitor binderTransact :  time=231ms interface=com.android.internal.telephony.ISms code=12
08-07 11:59:27.224  1448  2436 W SchedBoost: SchedBoost continue: proc: 2833/2976
08-07 11:59:27.372  3611  3658 W BpBinder: PerfMonitor binderTransact :  time=235ms interface=com.android.internal.telephony.ISms code=12
08-07 11:59:27.422  2534  2534 I miui_keyguard_password: password unlock duration 125
08-07 11:59:27.430  2534  2534 W miui_keyguard: unlock keyguard by pw
08-07 11:59:27.594  1448  3483 I LockSettingsService: Unlocking user 0 with secret only, length 32
08-07 11:59:27.625  3611  3658 W BpBinder: PerfMonitor binderTransact :  time=252ms interface=com.android.internal.telephony.ISms code=12
08-07 11:59:27.651   553   553 I vold    : List of Keymaster HALs found:
08-07 11:59:27.652   553   553 I vold    : Keymaster HAL #1: Keymaster HAL: 4 from QTI SecurityLevel: TRUSTED_ENVIRONMENT HAL: android.hardware.keymaster@4.1::IKeymasterDevice/default
08-07 11:59:27.652   553   553 I vold    : Using Keymaster HAL: 4 from QTI for encryption.  Security level: TRUSTED_ENVIRONMENT, HAL: android.hardware.keymaster@4.1::IKeymasterDevice/default
08-07 11:59:27.674  1448  1448 W Looper  : Slow dispatch took 250ms main h=com.android.server.trust.TrustManagerService$2 c=null m=3
08-07 11:59:27.676  1448  1448 W Looper  : Slow delivery took 245ms main h=com.android.server.biometrics.BiometricServiceBase$1 c=com.android.server.biometrics.fingerprint.FingerprintService$ResetFailedAttemptsForUserRunnable@4be30f3 m=0
08-07 11:59:27.678  1448  1448 W Looper  : Drained
08-07 11:59:27.685  1448  3483 W ActivityManager: UserLifecycleEvent 5 received without an active userJourneySession.
08-07 11:59:27.693  1448  2434 W UsageStatsService: Failed to query usage stats for locked user 0
08-07 11:59:27.700   553   553 I vold    : Verified that /data/system_ce/0 has the encryption policy 1cb7e558340bebba v1 modes 127/4 flags 0x0
08-07 11:59:27.700   553   553 I vold    : Verified that /data/misc_ce/0 has the encryption policy 1cb7e558340bebba v1 modes 127/4 flags 0x0
08-07 11:59:27.700   553   553 I vold    : Verified that /data/vendor_ce/0 has the encryption policy 1cb7e558340bebba v1 modes 127/4 flags 0x0
08-07 11:59:27.700   553   553 I vold    : Verified that /data/media/0 has the encryption policy 1cb7e558340bebba v1 modes 127/4 flags 0x0
08-07 11:59:27.701   553   553 I vold    : Verified that /data/data has the encryption policy 1cb7e558340bebba v1 modes 127/4 flags 0x0
08-07 11:59:27.725  1448  2409 I ActivityManager: Process com.android.deskclock (pid 3665) has died: cch+85 CEM 
08-07 11:59:27.726  1448  1664 I Process : PerfMonitor : current process killing process group. PID: 3665
08-07 11:59:27.727  2534  2534 W KeyguardViewMediator: fw call password view onAnimationEnd timeout
08-07 11:59:27.728  1448  2434 I ActivityManager: Killing 3665:com.android.deskclock/u0a137 (adj 985): MiuiMemoryService(cch-empty)
08-07 11:59:27.728  2534  2534 I KeyguardViewMediator: keyguardGoingAway
08-07 11:59:27.740  1448  2434 W PreloadController: notify...pkgName=com.android.deskclock, userId=0, processName=com.android.deskclock, pid=3665, reason=MiuiMemoryService(cch-empty)
08-07 11:59:27.741  1448  1664 I Process : PerfMonitor : current process killing process group. PID: 0
08-07 11:59:27.741  1448  2435 W PreloadManager: checkMemory()...... free=1385012, total=2697520, threshold=614400
08-07 11:59:27.758  1448  2434 I ActivityManager: Killing 3745:com.qualcomm.qti.poweroffalarm/u0a208 (adj 975): MiuiMemoryService(cch-empty)
08-07 11:59:27.793  2534  2534 I KeyguardViewMediator: keyguardGoingAway
08-07 11:59:27.808  1448  3205 I Timeline: Timeline: App_transition_ready time:45978
08-07 11:59:27.809  2534  4092 I KeyguardViewMediator: call fw keyguardGoingAway: flags = 2
08-07 11:59:27.811  1448  2409 I Timeline: Timeline: App_transition_ready time:45982
08-07 11:59:27.819  1448  3205 I Timeline: Timeline: App_transition_ready time:45989
08-07 11:59:27.820  2534  4092 I KeyguardViewMediator: call fw keyguardGoingAway: flags = 2
08-07 11:59:27.822  1448  2434 W PreloadController: notify...pkgName=com.qualcomm.qti.poweroffalarm, userId=0, processName=com.qualcomm.qti.poweroffalarm, pid=3745, reason=MiuiMemoryService(cch-empty)
08-07 11:59:27.823  1448  2434 W UsageStatsService: Failed to query usage stats for locked user 0
08-07 11:59:27.823  1448  2435 W PreloadManager: checkMemory()...... free=1371652, total=2697520, threshold=614400
08-07 11:59:27.823  1448  2434 I Process : PerfMonitor : current process sending signal quiet. PID: 3745 SIG: 9
08-07 11:59:27.823  1448  2435 W UsageStatsService: Failed to query usage stats for locked user 0
08-07 11:59:27.823  1448  2435 W PreloadManager: Failed : usage, pkg=com.qualcomm.qti.poweroffalarm
08-07 11:59:27.823  1448  2435 W PreloadController: Will not preload com.qualcomm.qti.poweroffalarm, decision = false, mMonitor.size()=1
08-07 11:59:27.823  1448  1664 I Process : PerfMonitor : current process killing process group. PID: 3745
08-07 11:59:27.836  1448  2434 I ActivityManager: Killing 3752:com.android.settings:remote/1000 (adj 965): MiuiMemoryService(cch-empty)
08-07 11:59:27.837  1448  2434 I Process : PerfMonitor : current process sending signal quiet. PID: 3752 SIG: 9
08-07 11:59:27.847  1448  2434 I ActivityManager: Killing 3841:com.qualcomm.timeservice/u0a177 (adj 955): MiuiMemoryService(cch-empty)
08-07 11:59:27.847  1448  2434 W PreloadController: notify...pkgName=com.qualcomm.timeservice, userId=0, processName=com.qualcomm.timeservice, pid=3841, reason=MiuiMemoryService(cch-empty)
08-07 11:59:27.847  1448  2434 W UsageStatsService: Failed to query usage stats for locked user 0
08-07 11:59:27.848  1448  2434 I Process : PerfMonitor : current process sending signal quiet. PID: 3841 SIG: 9
08-07 11:59:27.848  1448  2435 W PreloadManager: checkMemory()...... free=1378972, total=2697520, threshold=614400
08-07 11:59:27.848  1448  2435 W UsageStatsService: Failed to query usage stats for locked user 0
08-07 11:59:27.848  1448  2435 W PreloadManager: Failed : usage, pkg=com.qualcomm.timeservice
08-07 11:59:27.848  1448  2435 W PreloadController: Will not preload com.qualcomm.timeservice, decision = false, mMonitor.size()=1
08-07 11:59:27.855  1448  1664 I Process : PerfMonitor : current process killing process group. PID: 3752
08-07 11:59:27.862  1448  2434 I ActivityManager: Killing 3876:com.xiaomi.misettings/1000 (adj 935): MiuiMemoryService(cch-empty)
08-07 11:59:27.863  1448  1481 W ActivityManager: Unable to start service Intent { act=com.android.launcher3.WINDOW_OVERLAY dat=app://com.miui.home:10103?v=10&cv=17 pkg=com.mi.android.globalminusscreen } U=0: not found
08-07 11:59:27.864  1448  2434 W PreloadController: notify...pkgName=com.xiaomi.misettings, userId=0, processName=com.xiaomi.misettings, pid=3876, reason=MiuiMemoryService(cch-empty)
08-07 11:59:27.864  1448  2434 W UsageStatsService: Failed to query usage stats for locked user 0
08-07 11:59:27.864  1448  2434 I Process : PerfMonitor : current process sending signal quiet. PID: 3876 SIG: 9
08-07 11:59:27.864  1448  2435 W PreloadManager: checkMemory()...... free=1383340, total=2697520, threshold=614400
08-07 11:59:27.864  1448  2435 W UsageStatsService: Failed to query usage stats for locked user 0
08-07 11:59:27.864  1448  2435 W PreloadManager: Failed : usage, pkg=com.xiaomi.misettings
08-07 11:59:27.864  1448  2435 W PreloadController: Will not preload com.xiaomi.misettings, decision = false, mMonitor.size()=1
08-07 11:59:27.869  3611  3658 W BpBinder: PerfMonitor binderTransact :  time=234ms interface=com.android.internal.telephony.ISms code=12
08-07 11:59:27.873  1448  3306 W UsageStatsService: Failed to query usage stats for locked user 0
08-07 11:59:27.903  1448  1664 I Process : PerfMonitor : current process killing process group. PID: 3841
08-07 11:59:27.915  1448  1664 I Process : PerfMonitor : current process killing process group. PID: 3876
08-07 11:59:27.967  1448  3306 W ActivityManager: Unable to start service Intent { flg=0x89000010 pkg=com.google.android.gms cmp=com.google.android.gms/.gcm.nts.SchedulerService (has extras) } U=0: not found
08-07 11:59:27.984  1448  3306 I Timeline: Timeline: App_transition_ready time:46155
08-07 11:59:28.002  1448  1595 I Timeline: Timeline: App_transition_ready time:46172
08-07 11:59:28.028  1448  3306 W ActivityManager: Unable to start service Intent { act=com.google.android.chimera.BoundService.START dat=chimera-action:com.google.android.gms.auth.aang.events.services.START cmp=com.google.android.gms/.chimera.PersistentApiService } U=0: not found
08-07 11:59:28.028  1448  3306 W ActivityManager: Unbind failed: could not find connection for android.os.BinderProxy@4080d12
08-07 11:59:28.031  1448  1590 W BpBinder: PerfMonitor binderTransact :  time=344ms interface=android.os.IVold code=61
08-07 11:59:28.069  1448  2416 W ActivityThread: Failed to find provider info for com.miui.misound.AppVolumeProvider (user not unlocked)
08-07 11:59:28.110  3611  3658 W BpBinder: PerfMonitor binderTransact :  time=240ms interface=com.android.internal.telephony.ISms code=12
08-07 11:59:28.194  1448  1595 I Timeline: Timeline: App_transition_ready time:46364
08-07 11:59:28.196  1448  1595 I Timeline: Timeline: Activity_windows_visible id: ActivityRecord{903f64d u0 com.miui.home/.launcher.Launcher t2} time:46366
08-07 11:59:28.196  1448  1595 I Timeline: Timeline: App_transition_stopped time:46366
08-07 11:59:28.198  2534  2908 I KeyguardSensorInjector: unregister pickup sensor
08-07 11:59:28.223  1448  1481 W ActivityManager: Unable to start service Intent { act=com.google.android.chimera.BoundService.START dat=chimera-action:com.google.android.gms.time.trustedtime.service.START cmp=com.google.android.gms/.chimera.PersistentApiService } U=0: not found
08-07 11:59:28.223  1448  1594 I WindowManager: updateContrastOverlay, darkmode: true isContrastEnabled: true alpha: 0.2270432
08-07 11:59:28.223  1448  1594 I WindowManager:  getinstance showContrastOverlay
08-07 11:59:28.225  1448  1481 W ActivityManager: Unbind failed: could not find connection for android.os.BinderProxy@8646fd4
08-07 11:59:28.242  1448  1594 I WindowManager: updateTextureEyeCareLevel, texture eyecare enable : true, level : 13
08-07 11:59:28.267  1448  1608 W BroadcastQueue: Background execution not allowed: receiving Intent { act=android.intent.action.USER_PRESENT flg=0x24200010 } to com.google.android.gms/.chimera.GmsIntentOperationService$PersistentTrustedReceiver
08-07 11:59:28.279  1448  2434 W UsageStatsService: Failed to query usage stats for locked user 0
08-07 11:59:28.294  1448  2434 I ActivityManager: Killing 4039:com.qualcomm.qti.performancemode/u0a238 (adj 915): MiuiMemoryService(cch-empty)
08-07 11:59:28.303  1448  2434 W PreloadController: notify...pkgName=com.qualcomm.qti.performancemode, userId=0, processName=com.qualcomm.qti.performancemode, pid=4039, reason=MiuiMemoryService(cch-empty)
08-07 11:59:28.303  1448  2434 W UsageStatsService: Failed to query usage stats for locked user 0
08-07 11:59:28.303  1448  2434 I Process : PerfMonitor : current process sending signal quiet. PID: 4039 SIG: 9
08-07 11:59:28.303  1448  2435 W PreloadManager: checkMemory()...... free=1356072, total=2697520, threshold=614400
08-07 11:59:28.304  1448  2435 W UsageStatsService: Failed to query usage stats for locked user 0
08-07 11:59:28.304  1448  2435 W PreloadManager: Failed : usage, pkg=com.qualcomm.qti.performancemode
08-07 11:59:28.304  1448  2435 W PreloadController: Will not preload com.qualcomm.qti.performancemode, decision = false, mMonitor.size()=1
08-07 11:59:28.304  1448  1664 I Process : PerfMonitor : current process killing process group. PID: 4039
08-07 11:59:28.306  1448  1480 W ActivityManager: Unable to start service Intent { act=com.google.android.gms.phenotype.service.START pkg=com.google.android.gms } U=0: not found
08-07 11:59:28.310  1448  2408 I ActivityManager: Process com.google.android.dialer (pid 3551) has died: cch+35 CEM 
08-07 11:59:28.316  1448  1448 W FingerprintService: client com.android.systemui is no longer authenticating
08-07 11:59:28.325  1448  4110 W ActivityManager: Unbind failed: could not find connection for android.os.BinderProxy@68d1b88
08-07 11:59:28.327  1448  2434 I ActivityManager: Killing 3912:com.qualcomm.qti.smq/u0a175 (adj 905): MiuiMemoryService(cch-empty)
08-07 11:59:28.327  1448  2434 W PreloadController: notify...pkgName=com.qualcomm.qti.smq, userId=0, processName=com.qualcomm.qti.smq, pid=3912, reason=MiuiMemoryService(cch-empty)
08-07 11:59:28.327  1448  2434 W UsageStatsService: Failed to query usage stats for locked user 0
08-07 11:59:28.327  1448  2434 I Process : PerfMonitor : current process sending signal quiet. PID: 3912 SIG: 9
08-07 11:59:28.328  3412  3497 W ActivityThread: Failed to find provider info for com.google.android.gsf.gservices (user not unlocked)
08-07 11:59:28.331  1448  2435 W PreloadManager: checkMemory()...... free=1357868, total=2697520, threshold=614400
08-07 11:59:28.331  1448  2435 W UsageStatsService: Failed to query usage stats for locked user 0
08-07 11:59:28.331  3412  3497 W ActivityThread: Failed to find provider info for com.google.android.gsf.gservices (user not unlocked)
08-07 11:59:28.331  1448  2435 W PreloadManager: Failed : usage, pkg=com.qualcomm.qti.smq
08-07 11:59:28.331  1448  2435 W PreloadController: Will not preload com.qualcomm.qti.smq, decision = false, mMonitor.size()=1
08-07 11:59:28.341  1448  2434 I ActivityManager: Killing 3983:com.qualcomm.location/u0a215 (adj 800): MiuiMemoryService(started-services)
08-07 11:59:28.345  1448  2434 W PreloadController: notify...pkgName=com.qualcomm.location, userId=0, processName=com.qualcomm.location, pid=3983, reason=MiuiMemoryService(started-services)
08-07 11:59:28.345  1448  2434 W UsageStatsService: Failed to query usage stats for locked user 0
08-07 11:59:28.345  1448  2434 I Process : PerfMonitor : current process sending signal quiet. PID: 3983 SIG: 9
08-07 11:59:28.357  1448  2434 I ActivityManager: Killing 3611:com.android.cellbroadcastreceiver/u0a221 (adj 500): MiuiMemoryService(started-services)
08-07 11:59:28.357  1448  2434 W PreloadController: notify...pkgName=com.android.cellbroadcastreceiver, userId=0, processName=com.android.cellbroadcastreceiver, pid=3611, reason=MiuiMemoryService(started-services)
08-07 11:59:28.357  1448  2434 W UsageStatsService: Failed to query usage stats for locked user 0
08-07 11:59:28.357  1448  2434 I Process : PerfMonitor : current process sending signal quiet. PID: 3611 SIG: 9
08-07 11:59:28.361  1448  1664 I Process : PerfMonitor : current process killing process group. PID: 3551
08-07 11:59:28.362  1448  1664 I Process : PerfMonitor : current process killing process group. PID: 3912
08-07 11:59:28.379  1448  2434 I ActivityManager: Killing 3642:android.process.acore/u0a83 (adj 700): MiuiMemoryService(recent-provider)
08-07 11:59:28.379  1448  2434 I Process : PerfMonitor : current process sending signal quiet. PID: 3642 SIG: 9
08-07 11:59:28.428  1448  1664 I Process : PerfMonitor : current process killing process group. PID: 3983
08-07 11:59:28.428  1448  1664 I Process : PerfMonitor : current process killing process group. PID: 3611
08-07 11:59:28.434  1448  1664 I Process : PerfMonitor : current process killing process group. PID: 3642
08-07 11:59:28.442  1448  2408 W ActivityManager: Scheduling restart of crashed service com.qualcomm.location/.izat.IzatService in 0ms for persistent
08-07 11:59:28.443  1448  2408 W ActivityManager: Scheduling restart of crashed service com.qualcomm.location/.LocationService in 0ms for persistent
08-07 11:59:28.458  1448  1448 W Looper  : Slow dispatch took 142ms main h=android.app.ActivityThread$H c=android.app.-$$Lambda$LoadedApk$ReceiverDispatcher$Args$_BumDX2UKsnxLVrE6UJsJZkotuA@d3977f6 m=0
08-07 11:59:28.489  1448  1611 I ActivityManager: Start proc 4116:com.qualcomm.location/u0a215 for service {com.qualcomm.location/com.qualcomm.location.izat.IzatService} caller=com.qualcomm.location
08-07 11:59:28.489  1448  1448 W Looper  : Slow delivery took 210ms main h=android.app.ActivityThread$H c=android.app.-$$Lambda$LoadedApk$ReceiverDispatcher$Args$_BumDX2UKsnxLVrE6UJsJZkotuA@1cf5c93 m=0
08-07 11:59:28.491  1448  1448 W BiometricStats: found a negative latency : -1
08-07 11:59:28.492  1448  1448 W Looper  : Drained
08-07 11:59:28.720  2833  2833 W Looper  : PerfMonitor doFrame : time=317ms vsyncFrame=0 latency=121ms procState=2 historyMsgCount=8 (msgIndex=1 wall=203ms seq=271 running=131ms io=55ms late=226ms h=android.os.Handler c=androidx.fragment.app.FragmentManager$5)
08-07 11:59:29.225  1448  2436 W SchedBoost: has reset SchedAffinity ui thread: 2833
08-07 11:59:29.226  1448  2436 W SchedBoost: has reset SchedAffinity render thread: 2976
08-07 11:59:29.226  1448  2436 W SchedBoost: SchedBoost end: proc: 2833/2976 5739 aff:[0, 1, 2, 3, 4, 5, 6, 7]
08-07 11:59:29.460  1448  1611 I ActivityManager: Start proc 4148:com.android.cellbroadcastreceiver/u0a221 for broadcast {com.android.cellbroadcastreceiver/com.android.cellbroadcastreceiver.CellBroadcastReceiver} caller=android
08-07 11:59:29.776  1448  1611 I ActivityManager: Start proc 4173:com.android.deskclock/u0a137 for AI com.android.deskclock caller=system
08-07 11:59:30.032  1448  2436 W SchedBoost: SchedBoost begin: proc: 2833/2976, mode: 2 aff:null
08-07 11:59:30.083  1448  2436 W SchedBoost: SchedBoost continue: proc: 2833/2976
08-07 11:59:30.149  1448  4110 W TurboSchedManagerService: Failed to write path : /sys/module/migt/parameters/mi_viptask  value : 2833:2976-200
08-07 11:59:30.149  1448  4110 W TurboSchedManagerService: java.io.FileNotFoundException: /sys/module/migt/parameters/mi_viptask: open failed: ENOENT (No such file or directory)
08-07 11:59:30.149  1448  4110 W TurboSchedManagerService: 	at libcore.io.IoBridge.open(IoBridge.java:492)
08-07 11:59:30.149  1448  4110 W TurboSchedManagerService: 	at java.io.FileOutputStream.<init>(FileOutputStream.java:236)
08-07 11:59:30.149  1448  4110 W TurboSchedManagerService: 	at java.io.FileOutputStream.<init>(FileOutputStream.java:125)
08-07 11:59:30.149  1448  4110 W TurboSchedManagerService: 	at java.io.PrintWriter.<init>(PrintWriter.java:184)
08-07 11:59:30.149  1448  4110 W TurboSchedManagerService: 	at com.miui.server.turbosched.TurboSchedManagerService.writeTurboSchedNode(TurboSchedManagerService.java:85)
08-07 11:59:30.149  1448  4110 W TurboSchedManagerService: 	at com.miui.server.turbosched.TurboSchedManagerService.setTurboSchedActionInternal(TurboSchedManagerService.java:79)
08-07 11:59:30.149  1448  4110 W TurboSchedManagerService: 	at com.miui.server.turbosched.TurboSchedManagerService.setTurboSchedAction(TurboSchedManagerService.java:170)
08-07 11:59:30.149  1448  4110 W TurboSchedManagerService: 	at miui.turbosched.ITurboSchedManager$Stub.onTransact(ITurboSchedManager.java:94)
08-07 11:59:30.149  1448  4110 W TurboSchedManagerService: 	at android.os.Binder.execTransactInternal(Binder.java:1154)
08-07 11:59:30.149  1448  4110 W TurboSchedManagerService: 	at android.os.Binder.execTransact(Binder.java:1123)
08-07 11:59:30.149  1448  4110 W TurboSchedManagerService: Caused by: android.system.ErrnoException: open failed: ENOENT (No such file or directory)
08-07 11:59:30.149  1448  4110 W TurboSchedManagerService: 	at libcore.io.Linux.open(Native Method)
08-07 11:59:30.149  1448  4110 W TurboSchedManagerService: 	at libcore.io.ForwardingOs.open(ForwardingOs.java:166)
08-07 11:59:30.149  1448  4110 W TurboSchedManagerService: 	at libcore.io.BlockGuardOs.open(BlockGuardOs.java:254)
08-07 11:59:30.149  1448  4110 W TurboSchedManagerService: 	at libcore.io.IoBridge.open(IoBridge.java:478)
08-07 11:59:30.149  1448  4110 W TurboSchedManagerService: 	... 9 more
08-07 11:59:30.151  1448  4110 W TurboSchedManagerService: Failed to write path : /sys/module/migt/parameters/mi_viptask  value : 2833:2976-200
08-07 11:59:30.151  1448  4110 W TurboSchedManagerService: java.io.FileNotFoundException: /sys/module/migt/parameters/mi_viptask: open failed: ENOENT (No such file or directory)
08-07 11:59:30.151  1448  4110 W TurboSchedManagerService: 	at libcore.io.IoBridge.open(IoBridge.java:492)
08-07 11:59:30.151  1448  4110 W TurboSchedManagerService: 	at java.io.FileOutputStream.<init>(FileOutputStream.java:236)
08-07 11:59:30.151  1448  4110 W TurboSchedManagerService: 	at java.io.FileOutputStream.<init>(FileOutputStream.java:125)
08-07 11:59:30.151  1448  4110 W TurboSchedManagerService: 	at java.io.PrintWriter.<init>(PrintWriter.java:184)
08-07 11:59:30.151  1448  4110 W TurboSchedManagerService: 	at com.miui.server.turbosched.TurboSchedManagerService.writeTurboSchedNode(TurboSchedManagerService.java:85)
08-07 11:59:30.151  1448  4110 W TurboSchedManagerService: 	at com.miui.server.turbosched.TurboSchedManagerService.setTurboSchedActionInternal(TurboSchedManagerService.java:79)
08-07 11:59:30.151  1448  4110 W TurboSchedManagerService: 	at com.miui.server.turbosched.TurboSchedManagerService.setTurboSchedAction(TurboSchedManagerService.java:170)
08-07 11:59:30.151  1448  4110 W TurboSchedManagerService: 	at miui.turbosched.ITurboSchedManager$Stub.onTransact(ITurboSchedManager.java:94)
08-07 11:59:30.151  1448  4110 W TurboSchedManagerService: 	at android.os.Binder.execTransactInternal(Binder.java:1154)
08-07 11:59:30.151  1448  4110 W TurboSchedManagerService: 	at android.os.Binder.execTransact(Binder.java:1123)
08-07 11:59:30.151  1448  4110 W TurboSchedManagerService: Caused by: android.system.ErrnoException: open failed: ENOENT (No such file or directory)
08-07 11:59:30.151  1448  4110 W TurboSchedManagerService: 	at libcore.io.Linux.open(Native Method)
08-07 11:59:30.151  1448  4110 W TurboSchedManagerService: 	at libcore.io.ForwardingOs.open(ForwardingOs.java:166)
08-07 11:59:30.151  1448  4110 W TurboSchedManagerService: 	at libcore.io.BlockGuardOs.open(BlockGuardOs.java:254)
