08-07 11:59:06.411  1448  1607 E PinnerService: Could not pin file /system/framework/arm64/boot.oat
08-07 11:59:06.411  1448  1607 E PinnerService: android.system.ErrnoException: open failed: ENOENT (No such file or directory)
08-07 11:59:06.411  1448  1607 E PinnerService: 	at libcore.io.Linux.open(Native Method)
08-07 11:59:06.411  1448  1607 E PinnerService: 	at libcore.io.ForwardingOs.open(ForwardingOs.java:166)
08-07 11:59:06.411  1448  1607 E PinnerService: 	at libcore.io.BlockGuardOs.open(BlockGuardOs.java:254)
08-07 11:59:06.411  1448  1607 E PinnerService: 	at android.system.Os.open(Os.java:412)
08-07 11:59:06.411  1448  1607 E PinnerService: 	at com.android.server.PinnerService.pinFileRanges(PinnerService.java:841)
08-07 11:59:06.411  1448  1607 E PinnerService: 	at com.android.server.PinnerService.pinFile(PinnerService.java:714)
08-07 11:59:06.411  1448  1607 E PinnerService: 	at com.android.server.PinnerService.handlePinOnStart(PinnerService.java:287)
08-07 11:59:06.411  1448  1607 E PinnerService: 	at com.android.server.PinnerService.access$1400(PinnerService.java:87)
08-07 11:59:06.411  1448  1607 E PinnerService: 	at com.android.server.PinnerService$PinnerHandler.handleMessage(PinnerService.java:1049)
08-07 11:59:06.411  1448  1607 E PinnerService: 	at android.os.Handler.dispatchMessage(Handler.java:106)
08-07 11:59:06.411  1448  1607 E PinnerService: 	at android.os.Looper.loop(Looper.java:236)
08-07 11:59:06.411  1448  1607 E PinnerService: 	at android.os.HandlerThread.run(HandlerThread.java:67)
08-07 11:59:06.411  1448  1607 E PinnerService: Failed to pin file = /system/framework/arm64/boot.oat
08-07 11:59:06.412  1448  1607 E PinnerService: Could not pin file /system/framework/arm/boot.oat
08-07 11:59:06.412  1448  1607 E PinnerService: android.system.ErrnoException: open failed: ENOENT (No such file or directory)
08-07 11:59:06.412  1448  1607 E PinnerService: 	at libcore.io.Linux.open(Native Method)
08-07 11:59:06.412  1448  1607 E PinnerService: 	at libcore.io.ForwardingOs.open(ForwardingOs.java:166)
08-07 11:59:06.412  1448  1607 E PinnerService: 	at libcore.io.BlockGuardOs.open(BlockGuardOs.java:254)
08-07 11:59:06.412  1448  1607 E PinnerService: 	at android.system.Os.open(Os.java:412)
08-07 11:59:06.412  1448  1607 E PinnerService: 	at com.android.server.PinnerService.pinFileRanges(PinnerService.java:841)
08-07 11:59:06.412  1448  1607 E PinnerService: 	at com.android.server.PinnerService.pinFile(PinnerService.java:714)
08-07 11:59:06.412  1448  1607 E PinnerService: 	at com.android.server.PinnerService.handlePinOnStart(PinnerService.java:287)
08-07 11:59:06.412  1448  1607 E PinnerService: 	at com.android.server.PinnerService.access$1400(PinnerService.java:87)
08-07 11:59:06.412  1448  1607 E PinnerService: 	at com.android.server.PinnerService$PinnerHandler.handleMessage(PinnerService.java:1049)
08-07 11:59:06.412  1448  1607 E PinnerService: 	at android.os.Handler.dispatchMessage(Handler.java:106)
08-07 11:59:06.412  1448  1607 E PinnerService: 	at android.os.Looper.loop(Looper.java:236)
08-07 11:59:06.412  1448  1607 E PinnerService: 	at android.os.HandlerThread.run(HandlerThread.java:67)
08-07 11:59:06.412  1448  1607 E PinnerService: Failed to pin file = /system/framework/arm/boot.oat
08-07 11:59:06.413  1448  1448 E IntegrityFileManager: Error creating staging and rules directory
08-07 11:59:06.443  1448  1448 I WindowManager: SAFE MODE not enabled
08-07 11:59:06.443  1448  1448 I SystemServerTiming: StartInputMethodManagerLifecycle
08-07 11:59:06.444  1448  1448 I SystemServiceManager: Starting com.android.server.inputmethod.InputMethodManagerService$Lifecycle
08-07 11:59:06.444  1448  1607 E PinnerService: Could not pin file /system/framework/oat/arm/services.odex
08-07 11:59:06.444  1448  1607 E PinnerService: android.system.ErrnoException: open failed: ENOENT (No such file or directory)
08-07 11:59:06.444  1448  1607 E PinnerService: 	at libcore.io.Linux.open(Native Method)
08-07 11:59:06.444  1448  1607 E PinnerService: 	at libcore.io.ForwardingOs.open(ForwardingOs.java:166)
08-07 11:59:06.444  1448  1607 E PinnerService: 	at libcore.io.BlockGuardOs.open(BlockGuardOs.java:254)
08-07 11:59:06.444  1448  1607 E PinnerService: 	at android.system.Os.open(Os.java:412)
08-07 11:59:06.444  1448  1607 E PinnerService: 	at com.android.server.PinnerService.pinFileRanges(PinnerService.java:841)
08-07 11:59:06.444  1448  1607 E PinnerService: 	at com.android.server.PinnerService.pinFile(PinnerService.java:714)
08-07 11:59:06.444  1448  1607 E PinnerService: 	at com.android.server.PinnerService.handlePinOnStart(PinnerService.java:287)
08-07 11:59:06.444  1448  1607 E PinnerService: 	at com.android.server.PinnerService.access$1400(PinnerService.java:87)
08-07 11:59:06.444  1448  1607 E PinnerService: 	at com.android.server.PinnerService$PinnerHandler.handleMessage(PinnerService.java:1049)
08-07 11:59:06.444  1448  1607 E PinnerService: 	at android.os.Handler.dispatchMessage(Handler.java:106)
08-07 11:59:06.444  1448  1607 E PinnerService: 	at android.os.Looper.loop(Looper.java:236)
08-07 11:59:06.444  1448  1607 E PinnerService: 	at android.os.HandlerThread.run(HandlerThread.java:67)
08-07 11:59:06.444  1448  1607 E PinnerService: Failed to pin file = /system/framework/oat/arm/services.odex
08-07 11:59:06.449  1448  1448 I SystemServerTiming: StartAccessibilityManagerService
08-07 11:59:06.449  1448  1448 I SystemServiceManager: Starting com.android.server.accessibility.AccessibilityManagerService$Lifecycle
08-07 11:59:06.457  1448  1607 E PinnerService: Could not pin file /system/framework/arm64/boot-core-libart.oat
08-07 11:59:06.457  1448  1607 E PinnerService: android.system.ErrnoException: open failed: ENOENT (No such file or directory)
08-07 11:59:06.457  1448  1607 E PinnerService: 	at libcore.io.Linux.open(Native Method)
08-07 11:59:06.457  1448  1607 E PinnerService: 	at libcore.io.ForwardingOs.open(ForwardingOs.java:166)
08-07 11:59:06.457  1448  1607 E PinnerService: 	at libcore.io.BlockGuardOs.open(BlockGuardOs.java:254)
08-07 11:59:06.457  1448  1607 E PinnerService: 	at android.system.Os.open(Os.java:412)
08-07 11:59:06.457  1448  1607 E PinnerService: 	at com.android.server.PinnerService.pinFileRanges(PinnerService.java:841)
08-07 11:59:06.457  1448  1607 E PinnerService: 	at com.android.server.PinnerService.pinFile(PinnerService.java:714)
08-07 11:59:06.457  1448  1607 E PinnerService: 	at com.android.server.PinnerService.handlePinOnStart(PinnerService.java:287)
08-07 11:59:06.457  1448  1607 E PinnerService: 	at com.android.server.PinnerService.access$1400(PinnerService.java:87)
08-07 11:59:06.457  1448  1607 E PinnerService: 	at com.android.server.PinnerService$PinnerHandler.handleMessage(PinnerService.java:1049)
08-07 11:59:06.457  1448  1607 E PinnerService: 	at android.os.Handler.dispatchMessage(Handler.java:106)
08-07 11:59:06.457  1448  1607 E PinnerService: 	at android.os.Looper.loop(Looper.java:236)
08-07 11:59:06.457  1448  1607 E PinnerService: 	at android.os.HandlerThread.run(HandlerThread.java:67)
08-07 11:59:06.457  1448  1607 E PinnerService: Failed to pin file = /system/framework/arm64/boot-core-libart.oat
08-07 11:59:06.459  1448  1448 I SystemServerTiming: MakeDisplayReady
08-07 11:59:06.460  1448  1607 E PinnerService: Could not pin file /system/framework/arm/boot-core-libart.oat
08-07 11:59:06.460  1448  1607 E PinnerService: android.system.ErrnoException: open failed: ENOENT (No such file or directory)
08-07 11:59:06.460  1448  1607 E PinnerService: 	at libcore.io.Linux.open(Native Method)
08-07 11:59:06.460  1448  1607 E PinnerService: 	at libcore.io.ForwardingOs.open(ForwardingOs.java:166)
08-07 11:59:06.460  1448  1607 E PinnerService: 	at libcore.io.BlockGuardOs.open(BlockGuardOs.java:254)
08-07 11:59:06.460  1448  1607 E PinnerService: 	at android.system.Os.open(Os.java:412)
08-07 11:59:06.460  1448  1607 E PinnerService: 	at com.android.server.PinnerService.pinFileRanges(PinnerService.java:841)
08-07 11:59:06.460  1448  1607 E PinnerService: 	at com.android.server.PinnerService.pinFile(PinnerService.java:714)
08-07 11:59:06.460  1448  1607 E PinnerService: 	at com.android.server.PinnerService.handlePinOnStart(PinnerService.java:287)
08-07 11:59:06.460  1448  1607 E PinnerService: 	at com.android.server.PinnerService.access$1400(PinnerService.java:87)
08-07 11:59:06.460  1448  1607 E PinnerService: 	at com.android.server.PinnerService$PinnerHandler.handleMessage(PinnerService.java:1049)
08-07 11:59:06.460  1448  1607 E PinnerService: 	at android.os.Handler.dispatchMessage(Handler.java:106)
08-07 11:59:06.460  1448  1607 E PinnerService: 	at android.os.Looper.loop(Looper.java:236)
08-07 11:59:06.460  1448  1607 E PinnerService: 	at android.os.HandlerThread.run(HandlerThread.java:67)
08-07 11:59:06.460  1448  1607 E PinnerService: Failed to pin file = /system/framework/arm/boot-core-libart.oat
08-07 11:59:06.467  1448  1448 I MiuiMultiWindowSplitUI: mUiMode = 0  current ui mode = 0
08-07 11:59:06.467  1448  1448 I MiuiMultiWindowSplitUI: orientation has not changed, mDisplayWidth: 1080, current height: 2340
08-07 11:59:06.467  1448  1448 I ActivityTaskManager: Config changes=20005df8 {1.0 ?mcc?mnc [en_GB] ldltr sw392dp w392dp h774dp 440dpi nrml long port ?uimode ?night -touch -keyb/v/h -nav/h winConfig={ mBounds=Rect(0, 0 - 1080, 2340) mAppBounds=Rect(0, 80 - 1080, 2210) mWindowingMode=fullscreen mDisplayWindowingMode=fullscreen mActivityType=undefined mAlwaysOnTop=undefined mRotation=ROTATION_0} s.2 themeChanged=0 themeChangedFlags=0 extraData = Bundle[{}]}
08-07 11:59:06.484  1448  1448 I WindowManager: Override config changes=60007dfc {1.0 ?mcc?mnc [en_GB] ldltr sw392dp w392dp h774dp 440dpi nrml long port ?uimode ?night -touch -keyb/v/h -nav/h winConfig={ mBounds=Rect(0, 0 - 1080, 2340) mAppBounds=Rect(0, 80 - 1080, 2210) mWindowingMode=fullscreen mDisplayWindowingMode=fullscreen mActivityType=undefined mAlwaysOnTop=undefined mRotation=ROTATION_0} s.2 themeChanged=0 themeChangedFlags=0 extraData = Bundle[{}]} for displayId=0
08-07 11:59:06.486  1448  1448 I MiuiMultiWindowSplitUI: mUiMode = 0  current ui mode = 0
08-07 11:59:06.486  1448  1448 I MiuiMultiWindowSplitUI: orientation has not changed, mDisplayWidth: 1080, current height: 2340
08-07 11:59:06.489  1448  1448 W DisplayManagerService: Arvind :configureDisplayLocked info state  2
08-07 11:59:06.501  1448  1448 I MiuiMultiWindowSplitUI: mUiMode = 0  current ui mode = 0
08-07 11:59:06.501  1448  1448 I MiuiMultiWindowSplitUI: orientation has not changed, mDisplayWidth: 1080, current height: 2340
08-07 11:59:06.502  1448  1448 I ActivityTaskManager: Config changes=8 {1.0 ?mcc?mnc [en_GB] ldltr sw392dp w392dp h774dp 440dpi nrml long port ?uimode ?night finger -keyb/v/h -nav/h winConfig={ mBounds=Rect(0, 0 - 1080, 2340) mAppBounds=Rect(0, 80 - 1080, 2210) mWindowingMode=fullscreen mDisplayWindowingMode=fullscreen mActivityType=undefined mAlwaysOnTop=undefined mRotation=ROTATION_0} s.4 themeChanged=0 themeChangedFlags=0 extraData = Bundle[{}]}
08-07 11:59:06.508  1448  1448 I WindowManager: Override config changes=8 {1.0 ?mcc?mnc [en_GB] ldltr sw392dp w392dp h774dp 440dpi nrml long port ?uimode ?night finger -keyb/v/h -nav/h winConfig={ mBounds=Rect(0, 0 - 1080, 2340) mAppBounds=Rect(0, 80 - 1080, 2210) mWindowingMode=fullscreen mDisplayWindowingMode=fullscreen mActivityType=undefined mAlwaysOnTop=undefined mRotation=ROTATION_0} s.4 themeChanged=0 themeChangedFlags=0 extraData = Bundle[{}]} for displayId=0
08-07 11:59:06.510  1448  1448 I MiuiMultiWindowSplitUI: mUiMode = 0  current ui mode = 0
08-07 11:59:06.510  1448  1448 I MiuiMultiWindowSplitUI: orientation has not changed, mDisplayWidth: 1080, current height: 2340
08-07 11:59:06.511  1448  1448 I SystemServerTiming: StartStorageManagerService
08-07 11:59:06.511  1448  1448 I SystemServiceManager: Starting com.android.server.StorageManagerService$Lifecycle
08-07 11:59:06.531  1448  1448 I SystemServerTiming: StartStorageStatsService
08-07 11:59:06.531  1448  1448 I SystemServiceManager: Starting com.android.server.usage.StorageStatsService$Lifecycle
08-07 11:59:06.541  1448  1448 I SystemServerTiming: StartUiModeManager
08-07 11:59:06.541  1448  1448 I SystemServiceManager: Starting com.android.server.UiModeManagerService
08-07 11:59:06.548  1448  2286 I SystemServerTimingAsync: InitThreadPoolExec:UiModeManager.onStart
08-07 11:59:06.581  1448  1448 I SystemServerTiming: UpdatePackagesIfNeeded
08-07 11:59:06.581  1448  1448 I Watchdog: Pausing HandlerChecker: main thread for reason: dexopt. Pause count: 1
08-07 11:59:06.582  1448  1448 I Watchdog: Resuming HandlerChecker: main thread for reason: dexopt. Pause count: 0
08-07 11:59:06.583  1448  1448 I SystemServerTiming: StartLockSettingsService
08-07 11:59:06.583  1448  1448 I SystemServiceManager: Starting com.android.server.locksettings.LockSettingsService$Lifecycle
08-07 11:59:06.616  1448  1448 I SystemServerTiming: StartPersistentDataBlock
08-07 11:59:06.616  1448  1448 I SystemServiceManager: Starting com.android.server.PersistentDataBlockService
08-07 11:59:06.617  1448  1448 I SystemServerTiming: StartTestHarnessMode
08-07 11:59:06.617  1448  1448 I SystemServiceManager: Starting com.android.server.testharness.TestHarnessModeService
08-07 11:59:06.618  1448  2299 I SystemServerTimingAsync: InitThreadPoolExec:PersistentDataBlockService.onStart
08-07 11:59:06.619  1448  1448 I SystemServerTiming: StartOemLockService
08-07 11:59:06.619  1448  1448 I SystemServiceManager: Starting com.android.server.oemlock.OemLockService
08-07 11:59:06.621  1448  1448 I OemLock : OemLock HAL not present on device
08-07 11:59:06.621  1448  1448 I OemLock : Using persistent data block based lock
08-07 11:59:06.622  1448  1448 I SystemServerTiming: StartDeviceIdleController
08-07 11:59:06.623  1448  1448 I SystemServiceManager: Starting com.android.server.DeviceIdleController
08-07 11:59:06.646  1448  1448 I SystemServerTiming: StartDevicePolicyManager
08-07 11:59:06.646  1448  1448 I SystemServiceManager: Starting com.android.server.devicepolicy.DevicePolicyManagerService$Lifecycle
08-07 11:59:06.746  1448  1448 I DevicePolicyManager: Set ro.organization_owned property to false
08-07 11:59:06.750  1448  1448 I SystemServerTiming: StartStatusBarManagerService
08-07 11:59:06.754  1448  1448 I SystemServerTiming: InitConnectivityModuleConnector
08-07 11:59:06.767  1448  1448 I SystemServerTiming: InitNetworkStackClient
08-07 11:59:06.771  1448  1448 I SystemServerTiming: StartNetworkManagementService
08-07 11:59:06.815  1448  1448 I SystemServerTiming: StartIpSecService
08-07 11:59:06.818  1448  1448 I SystemServerTiming: StartTextServicesManager
08-07 11:59:06.819  1448  1448 I SystemServiceManager: Starting com.android.server.textservices.TextServicesManagerService$Lifecycle
08-07 11:59:06.820  1448  1448 I SystemServerTiming: StartTextClassificationManagerService
08-07 11:59:06.820  1448  1448 I SystemServiceManager: Starting com.android.server.textclassifier.TextClassificationManagerService$Lifecycle
08-07 11:59:06.822  1448  1448 I SystemServerTiming: StartNetworkScoreService
08-07 11:59:06.822  1448  1448 I SystemServiceManager: Starting com.android.server.NetworkScoreService$Lifecycle
08-07 11:59:06.824  1448  1448 I SystemServerTiming: StartNetworkStatsService
08-07 11:59:06.832  1448  1448 I SystemServerTiming: StartNetworkPolicyManagerService
08-07 11:59:06.845  1448  1448 I SystemServerTiming: StartWifi
08-07 11:59:06.872  1448  1448 I SystemServiceManager: Starting com.android.server.wifi.WifiService
08-07 11:59:07.356  1448  1448 E HistoricalRegistry: Interaction before persistence initialized
08-07 11:59:07.437  1448  1448 I SystemServerTiming: StartWifiScanning
08-07 11:59:07.438  1448  1448 I SystemServiceManager: Starting com.android.server.wifi.scanner.WifiScanningService
08-07 11:59:07.442  1448  1448 I SystemServerTiming: StartWifiP2P
08-07 11:59:07.442  1448  1448 I SystemServiceManager: Starting com.android.server.wifi.p2p.WifiP2pService
08-07 11:59:07.469  1448  1448 I SystemServerTiming: StartEthernet
08-07 11:59:07.469  1448  1448 I SystemServiceManager: Starting com.android.server.ethernet.EthernetService
08-07 11:59:07.471  1448  1448 I SystemServerTiming: StartConnectivityService
08-07 11:59:07.571  1448  1448 E ConnectivityService: Ignoring protectedNetwork 14
08-07 11:59:07.594  1448  1448 I SystemServerTiming: StartNsdService
08-07 11:59:07.599  1448  1448 I SystemServerTiming: StartSystemUpdateManagerService
08-07 11:59:07.600  1448  1448 I SystemUpdateManagerService: No existing info file /data/system/system-update-info.xml
08-07 11:59:07.602  1448  1448 I SystemServerTiming: StartUpdateLockService
08-07 11:59:07.603  1448  1448 I SystemServerTiming: StartNotificationManager
08-07 11:59:07.604  1448  1448 I SystemServiceManager: Starting com.android.server.notification.NotificationManagerService
08-07 11:59:07.673  1448  1448 I NotificationListeners: Read notification listener permissions from xml
08-07 11:59:07.673  1448  1448 I NotificationAssistants: Read notification assistant permissions from xml
08-07 11:59:07.674  1448  1448 I ConditionProviders: Read condition provider permissions from xml
08-07 11:59:07.674  1448  1448 I ConditionProviders: Read condition provider permissions from xml
08-07 11:59:07.675  1448  1448 I ConditionProviders:  Allowing condition provider com.google.android.ext.services/android.ext.services.notification.Assistant
08-07 11:59:07.692  1448  1448 W SystemServiceManager: Service com.android.server.notification.NotificationManagerService took 67 ms in onStart
08-07 11:59:07.706  1448  1448 I SystemServerTiming: StartDeviceMonitor
08-07 11:59:07.706  1448  1448 I SystemServiceManager: Starting com.android.server.storage.DeviceStorageMonitorService
08-07 11:59:07.714  1448  1448 I SystemServerTiming: StartLocationManagerService
08-07 11:59:07.714  1448  1448 I SystemServiceManager: Starting com.android.server.location.LocationManagerService$Lifecycle
08-07 11:59:07.726  1448  1448 I SystemServerTiming: StartCountryDetectorService
08-07 11:59:07.727  1448  1448 I SystemServerTiming: StartTimeDetectorService
08-07 11:59:07.727  1448  1448 I SystemServiceManager: Starting com.android.server.timedetector.TimeDetectorService$Lifecycle
08-07 11:59:07.728  1448  1448 I SystemServerTiming: StartTimeZoneDetectorService
08-07 11:59:07.728  1448  1448 I SystemServiceManager: Starting com.android.server.timezonedetector.TimeZoneDetectorService$Lifecycle
08-07 11:59:07.730  1448  1448 I SystemServerTiming: StartDisplayFeatureService
08-07 11:59:07.818  1448  1448 I SystemServerTiming: StartSearchManagerService
08-07 11:59:07.818  1448  1448 I SystemServiceManager: Starting com.android.server.search.SearchManagerService$Lifecycle
08-07 11:59:07.821  1448  1448 I SystemServerTiming: StartWallpaperManagerService
08-07 11:59:07.822  1448  1448 I SystemServiceManager: Starting com.android.server.wallpaper.WallpaperManagerService$Lifecycle
08-07 11:59:07.827  1448  1448 I SystemServerTiming: StartAudioService
08-07 11:59:07.827  1448  1448 I SystemServiceManager: Starting com.android.server.audio.AudioService$Lifecycle
08-07 11:59:08.175  1448  2162 I PackageManager: Deferred reconcileAppsData finished 303 packages
08-07 11:59:08.197  1448  1448 I SystemServerTiming: StartSoundTriggerMiddlewareService
08-07 11:59:08.197  1448  1448 I SystemServiceManager: Starting com.android.server.soundtrigger_middleware.SoundTriggerMiddlewareService$Lifecycle
08-07 11:59:08.201  1448  1448 I SystemServerTiming: StartDockObserver
08-07 11:59:08.202  1448  1448 I SystemServiceManager: Starting com.android.server.DockObserver
08-07 11:59:08.202  1448  1448 W DockObserver: This kernel does not have dock station support
08-07 11:59:08.203  1448  1448 I SystemServerTiming: StartWiredAccessoryManager
08-07 11:59:08.203  1448  1448 W WiredAccessoryManager: This kernel does not have usb audio support
08-07 11:59:08.204  1448  1448 W WiredAccessoryManager: This kernel does not have HDMI audio support
08-07 11:59:08.205  1448  1448 E WiredAccessoryManager: set dev_index 1
08-07 11:59:08.205  1448  1448 W WiredAccessoryManager: checkCableIndex set cable 0
08-07 11:59:08.205  1448  1448 E WiredAccessoryManager: set dev_index 0
08-07 11:59:08.205  1448  1448 W WiredAccessoryManager: checkCableIndex set cable 0
08-07 11:59:08.206  1448  1448 I SystemServerTiming: StartMidiManager
08-07 11:59:08.206  1448  1448 I SystemServiceManager: Starting com.android.server.midi.MidiService$Lifecycle
08-07 11:59:08.206  1448  1448 I SystemServerTiming: StartAdbService
08-07 11:59:08.207  1448  1448 I SystemServiceManager: Starting com.android.server.adb.AdbService$Lifecycle
08-07 11:59:08.208  1448  1448 I SystemServerTiming: StartUsbService
08-07 11:59:08.208  1448  1448 I SystemServiceManager: Starting com.android.server.usb.UsbService$Lifecycle
08-07 11:59:08.208  1448  1448 I SystemServerTiming: StartSerialService
08-07 11:59:08.208  1448  1600 I SystemServerTimingAsync: InitThreadPoolExec:UsbService$Lifecycle#onStart
08-07 11:59:08.209  1448  1448 I SystemServerTiming: StartHardwarePropertiesManagerService
08-07 11:59:08.210  1448  1600 E UsbDeviceManager: failed to write to /sys/class/android_usb/android0/f_rndis/ethaddr
08-07 11:59:08.211  1448  1448 I SystemServerTiming: StartTwilightService
08-07 11:59:08.211  1448  1448 I SystemServiceManager: Starting com.android.server.twilight.TwilightService
08-07 11:59:08.211  1448  1448 I SystemServerTiming: StartColorDisplay
08-07 11:59:08.211  1448  1448 I SystemServiceManager: Starting com.android.server.display.color.ColorDisplayService
08-07 11:59:08.212  1448  1448 I SystemServerTiming: StartJobScheduler
08-07 11:59:08.213  1448  1448 I SystemServiceManager: Starting com.android.server.job.JobSchedulerService
08-07 11:59:08.216  1448  1600 I UsbDeviceManager: USB GADGET HAL not present in the device
08-07 11:59:08.216  1448  1600 I UsbDeviceManager: java.util.NoSuchElementException
08-07 11:59:08.216  1448  1600 I UsbDeviceManager: 	at android.os.HwBinder.getService(Native Method)
08-07 11:59:08.216  1448  1600 I UsbDeviceManager: 	at android.hardware.usb.gadget.V1_0.IUsbGadget.getService(IUsbGadget.java:55)
08-07 11:59:08.216  1448  1600 I UsbDeviceManager: 	at android.hardware.usb.gadget.V1_0.IUsbGadget.getService(IUsbGadget.java:62)
08-07 11:59:08.216  1448  1600 I UsbDeviceManager: 	at com.android.server.usb.UsbDeviceManager.<init>(UsbDeviceManager.java:273)
08-07 11:59:08.216  1448  1600 I UsbDeviceManager: 	at com.android.server.usb.UsbService.<init>(UsbService.java:178)
08-07 11:59:08.216  1448  1600 I UsbDeviceManager: 	at com.android.server.usb.UsbService$Lifecycle.lambda$onStart$0$UsbService$Lifecycle(UsbService.java:92)
08-07 11:59:08.216  1448  1600 I UsbDeviceManager: 	at com.android.server.usb.-$$Lambda$UsbService$Lifecycle$KjOG0MXO3C0J-L5Ymrj6FnSwXwQ.run(Unknown Source:2)
08-07 11:59:08.216  1448  1600 I UsbDeviceManager: 	at com.android.server.SystemServerInitThreadPool.lambda$submitTask$0$SystemServerInitThreadPool(SystemServerInitThreadPool.java:103)
08-07 11:59:08.216  1448  1600 I UsbDeviceManager: 	at com.android.server.-$$Lambda$SystemServerInitThreadPool$o2_GLo0lnkotYmRdTfg66UETEwQ.run(Unknown Source:6)
08-07 11:59:08.216  1448  1600 I UsbDeviceManager: 	at java.util.concurrent.Executors$RunnableAdapter.call(Executors.java:462)
08-07 11:59:08.216  1448  1600 I UsbDeviceManager: 	at java.util.concurrent.FutureTask.run(FutureTask.java:266)
08-07 11:59:08.216  1448  1600 I UsbDeviceManager: 	at java.util.concurrent.ThreadPoolExecutor.runWorker(ThreadPoolExecutor.java:1167)
08-07 11:59:08.216  1448  1600 I UsbDeviceManager: 	at java.util.concurrent.ThreadPoolExecutor$Worker.run(ThreadPoolExecutor.java:641)
08-07 11:59:08.216  1448  1600 I UsbDeviceManager: 	at com.android.internal.util.ConcurrentUtils$1$1.run(ConcurrentUtils.java:65)
08-07 11:59:08.216  1448  1600 E UsbDeviceManager: Failed to open control for mtp
08-07 11:59:08.216  1448  1600 E UsbDeviceManager: Failed to open control for ptp
08-07 11:59:08.225  1448  1600 W StorageManagerService: No primary storage defined yet; hacking together a stub
08-07 11:59:08.229  1448  2265 I UsbPortManager: Usb hal service started android.hardware.usb@1.0::IUsb default
08-07 11:59:08.230  1448  1448 W JobStore: Periodic job for uid='10185' persisted run-time is too big [00:23, 2562047788015:12:55]. Clamping to [24:00:23,48:00:23]
08-07 11:59:08.252  1448  1448 W JobStore: Periodic job for uid='1000' persisted run-time is too big [41:59:09, 43:11:09]. Clamping to [24:00:23,25:12:23]
08-07 11:59:08.255  1448  1448 I JobStore: Read 143 jobs
08-07 11:59:08.264  1448  1448 E HistoricalRegistry: Interaction before persistence initialized
08-07 11:59:08.266  1448  1448 I SystemServerTiming: StartSoundTrigger
08-07 11:59:08.266  1448  1448 I SystemServiceManager: Starting com.android.server.soundtrigger.SoundTriggerService
08-07 11:59:08.266  1448  1448 I SystemServerTiming: StartTrustManager
08-07 11:59:08.267  1448  1448 I SystemServiceManager: Starting com.android.server.trust.TrustManagerService
08-07 11:59:08.302  1448  1448 I WakePathChecker: updateLauncherPackageNames =com.miui.home
08-07 11:59:08.302  1448  1448 I WakePathChecker: updateLauncherPackageNames =com.android.settings
08-07 11:59:08.401  1448  1448 I SystemServiceManager: Starting com.miui.server.BackupManagerService$Lifecycle
08-07 11:59:08.403  1448  1448 I Backup:BackupManagerService: init, onStart
08-07 11:59:08.403  1448  2432 W MiuiCompatModePackages: Error reading compat-packages
08-07 11:59:08.403  1448  2432 W MiuiCompatModePackages: java.io.FileNotFoundException: /data/system/cutout-mode.xml: open failed: ENOENT (No such file or directory)
08-07 11:59:08.403  1448  2432 W MiuiCompatModePackages: 	at libcore.io.IoBridge.open(IoBridge.java:492)
08-07 11:59:08.403  1448  2432 W MiuiCompatModePackages: 	at java.io.FileInputStream.<init>(FileInputStream.java:160)
08-07 11:59:08.403  1448  2432 W MiuiCompatModePackages: 	at android.util.AtomicFile.openRead(AtomicFile.java:234)
08-07 11:59:08.403  1448  2432 W MiuiCompatModePackages: 	at com.miui.server.MiuiCompatModePackages.readCutoutModeConfig(MiuiCompatModePackages.java:319)
08-07 11:59:08.403  1448  2432 W MiuiCompatModePackages: 	at com.miui.server.MiuiCompatModePackages.access$000(MiuiCompatModePackages.java:60)
08-07 11:59:08.403  1448  2432 W MiuiCompatModePackages: 	at com.miui.server.MiuiCompatModePackages$CompatHandler.handleMessage(MiuiCompatModePackages.java:125)
08-07 11:59:08.403  1448  2432 W MiuiCompatModePackages: 	at android.os.Handler.dispatchMessage(Handler.java:106)
08-07 11:59:08.403  1448  2432 W MiuiCompatModePackages: 	at android.os.Looper.loop(Looper.java:236)
08-07 11:59:08.403  1448  2432 W MiuiCompatModePackages: 	at android.os.HandlerThread.run(HandlerThread.java:67)
08-07 11:59:08.403  1448  2432 W MiuiCompatModePackages: 	at com.android.server.ServiceThread.run(ServiceThread.java:45)
08-07 11:59:08.403  1448  2432 W MiuiCompatModePackages: Caused by: android.system.ErrnoException: open failed: ENOENT (No such file or directory)
08-07 11:59:08.403  1448  2432 W MiuiCompatModePackages: 	at libcore.io.Linux.open(Native Method)
08-07 11:59:08.403  1448  2432 W MiuiCompatModePackages: 	at libcore.io.ForwardingOs.open(ForwardingOs.java:166)
08-07 11:59:08.403  1448  2432 W MiuiCompatModePackages: 	at libcore.io.BlockGuardOs.open(BlockGuardOs.java:254)
08-07 11:59:08.403  1448  2432 W MiuiCompatModePackages: 	at libcore.io.IoBridge.open(IoBridge.java:478)
08-07 11:59:08.403  1448  2432 W MiuiCompatModePackages: 	... 9 more
08-07 11:59:08.404  1448  2432 W MiuiCompatModePackages: Error reading compat-packages
08-07 11:59:08.404  1448  2432 W MiuiCompatModePackages: java.io.FileNotFoundException: /data/system/miui-specail-mode-v2.xml: open failed: ENOENT (No such file or directory)
08-07 11:59:08.404  1448  2432 W MiuiCompatModePackages: 	at libcore.io.IoBridge.open(IoBridge.java:492)
08-07 11:59:08.404  1448  2432 W MiuiCompatModePackages: 	at java.io.FileInputStream.<init>(FileInputStream.java:160)
08-07 11:59:08.404  1448  2432 W MiuiCompatModePackages: 	at android.util.AtomicFile.openRead(AtomicFile.java:234)
08-07 11:59:08.404  1448  2432 W MiuiCompatModePackages: 	at com.miui.server.MiuiCompatModePackages.readSpecialModeConfig(MiuiCompatModePackages.java:262)
08-07 11:59:08.404  1448  2432 W MiuiCompatModePackages: 	at com.miui.server.MiuiCompatModePackages.access$100(MiuiCompatModePackages.java:60)
08-07 11:59:08.404  1448  2432 W MiuiCompatModePackages: 	at com.miui.server.MiuiCompatModePackages$CompatHandler.handleMessage(MiuiCompatModePackages.java:126)
08-07 11:59:08.404  1448  2432 W MiuiCompatModePackages: 	at android.os.Handler.dispatchMessage(Handler.java:106)
08-07 11:59:08.404  1448  2432 W MiuiCompatModePackages: 	at android.os.Looper.loop(Looper.java:236)
08-07 11:59:08.404  1448  2432 W MiuiCompatModePackages: 	at android.os.HandlerThread.run(HandlerThread.java:67)
08-07 11:59:08.404  1448  2432 W MiuiCompatModePackages: 	at com.android.server.ServiceThread.run(ServiceThread.java:45)
08-07 11:59:08.404  1448  2432 W MiuiCompatModePackages: Caused by: android.system.ErrnoException: open failed: ENOENT (No such file or directory)
08-07 11:59:08.404  1448  2432 W MiuiCompatModePackages: 	at libcore.io.Linux.open(Native Method)
08-07 11:59:08.404  1448  2432 W MiuiCompatModePackages: 	at libcore.io.ForwardingOs.open(ForwardingOs.java:166)
08-07 11:59:08.404  1448  2432 W MiuiCompatModePackages: 	at libcore.io.BlockGuardOs.open(BlockGuardOs.java:254)
08-07 11:59:08.404  1448  2432 W MiuiCompatModePackages: 	at libcore.io.IoBridge.open(IoBridge.java:478)
08-07 11:59:08.404  1448  2432 W MiuiCompatModePackages: 	... 9 more
08-07 11:59:08.404  1448  2432 W MiuiCompatModePackages: Error reading compat-packages
08-07 11:59:08.404  1448  2432 W MiuiCompatModePackages: java.io.FileNotFoundException: /data/system/miui-packages-compat.xml: open failed: ENOENT (No such file or directory)
08-07 11:59:08.404  1448  2432 W MiuiCompatModePackages: 	at libcore.io.IoBridge.open(IoBridge.java:492)
08-07 11:59:08.404  1448  2432 W MiuiCompatModePackages: 	at java.io.FileInputStream.<init>(FileInputStream.java:160)
08-07 11:59:08.404  1448  2432 W MiuiCompatModePackages: 	at android.util.AtomicFile.openRead(AtomicFile.java:234)
08-07 11:59:08.404  1448  2432 W MiuiCompatModePackages: 	at com.miui.server.MiuiCompatModePackages.readPackagesConfig(MiuiCompatModePackages.java:376)
08-07 11:59:08.404  1448  2432 W MiuiCompatModePackages: 	at com.miui.server.MiuiCompatModePackages.access$200(MiuiCompatModePackages.java:60)
08-07 11:59:08.404  1448  2432 W MiuiCompatModePackages: 	at com.miui.server.MiuiCompatModePackages$CompatHandler.handleMessage(MiuiCompatModePackages.java:127)
08-07 11:59:08.404  1448  2432 W MiuiCompatModePackages: 	at android.os.Handler.dispatchMessage(Handler.java:106)
08-07 11:59:08.404  1448  2432 W MiuiCompatModePackages: 	at android.os.Looper.loop(Looper.java:236)
08-07 11:59:08.404  1448  2432 W MiuiCompatModePackages: 	at android.os.HandlerThread.run(HandlerThread.java:67)
08-07 11:59:08.404  1448  2432 W MiuiCompatModePackages: 	at com.android.server.ServiceThread.run(ServiceThread.java:45)
08-07 11:59:08.404  1448  2432 W MiuiCompatModePackages: Caused by: android.system.ErrnoException: open failed: ENOENT (No such file or directory)
08-07 11:59:08.404  1448  2432 W MiuiCompatModePackages: 	at libcore.io.Linux.open(Native Method)
08-07 11:59:08.404  1448  2432 W MiuiCompatModePackages: 	at libcore.io.ForwardingOs.open(ForwardingOs.java:166)
08-07 11:59:08.404  1448  2432 W MiuiCompatModePackages: 	at libcore.io.BlockGuardOs.open(BlockGuardOs.java:254)
08-07 11:59:08.404  1448  2432 W MiuiCompatModePackages: 	at libcore.io.IoBridge.open(IoBridge.java:478)
08-07 11:59:08.404  1448  2432 W MiuiCompatModePackages: 	... 9 more
08-07 11:59:08.439  1448  1448 E whetstone.activity: could not find removeTask
08-07 11:59:08.439  1448  1448 E whetstone.activity: could not find removeTaskByIdLocked
08-07 11:59:08.444  1448  1448 I SystemServiceManager: Starting com.android.server.display.ScreenEffectService
08-07 11:59:08.451  1448  1448 I SystemServerTiming: StartTurboSchedManager
08-07 11:59:08.454  1448  1448 I SystemServerTiming: StartBackupManager
08-07 11:59:08.454  1448  1448 I SystemServiceManager: Starting com.android.server.backup.BackupManagerService$Lifecycle
08-07 11:59:08.455  1448  1448 I SystemServerTiming: StartAppWidgetService
08-07 11:59:08.455  1448  1448 I SystemServiceManager: Starting com.android.server.appwidget.AppWidgetService
08-07 11:59:08.457  1448  1448 I SystemServerTiming: StartRoleManagerService
08-07 11:59:08.458  1448  1448 I SystemServerTiming: StartVoiceRecognitionManager
08-07 11:59:08.459  1448  1448 I SystemServiceManager: Starting com.android.server.voiceinteraction.VoiceInteractionManagerService
08-07 11:59:08.849  1448  1448 I SystemServerTiming: StartSensorNotification
08-07 11:59:08.849  1448  1448 I SystemServiceManager: Starting com.android.server.SensorNotificationService
08-07 11:59:08.849  1448  1448 I SystemServerTiming: StartDiskStatsService
08-07 11:59:08.852  1448  1448 I SystemServerTiming: RuntimeService
08-07 11:59:08.852  1448  1448 I SystemServerTiming: StartNetworkTimeUpdateService
08-07 11:59:08.854  1448  1448 I SystemServerTiming: CertBlacklister
08-07 11:59:08.855  1448  1448 I SystemServerTiming: StartEmergencyAffordanceService
08-07 11:59:08.855  1448  1448 I SystemServiceManager: Starting com.android.server.emergency.EmergencyAffordanceService
08-07 11:59:08.856  1448  1448 I SystemServerTiming: StartDreamManager
08-07 11:59:08.856  1448  2174 I SystemServerTimingAsync: InitThreadPoolExec:startBlobStoreManagerService
08-07 11:59:08.856  1448  1448 I SystemServiceManager: Starting com.android.server.dreams.DreamManagerService
08-07 11:59:08.856  1448  2174 I SystemServerTimingAsync: startBlobStoreManagerService
08-07 11:59:08.861  1448  1448 I SystemServerTiming: AddGraphicsStatsService
08-07 11:59:08.864  1448  2174 I SystemServiceManager: Starting com.android.server.blob.BlobStoreManagerService
08-07 11:59:08.865  1448  1448 I SystemServerTiming: StartPrintManager
08-07 11:59:08.865  1448  1448 I SystemServiceManager: Starting com.android.server.print.PrintManagerService
08-07 11:59:08.866  1448  1448 I SystemServerTiming: StartCompanionDeviceManager
08-07 11:59:08.867  1448  1448 I SystemServiceManager: Starting com.android.server.companion.CompanionDeviceManagerService
08-07 11:59:08.868  1448  1448 I SystemServerTiming: StartRestrictionManager
08-07 11:59:08.868  1448  1448 I SystemServiceManager: Starting com.android.server.restrictions.RestrictionsManagerService
08-07 11:59:08.870  1448  1448 I SystemServerTiming: StartMediaSessionService
08-07 11:59:08.870  1448  1448 I SystemServiceManager: Starting com.android.server.media.MediaSessionService
08-07 11:59:08.873  1448  1448 I SystemServerTiming: StartMediaResourceMonitor
08-07 11:59:08.873  1448  1448 I SystemServiceManager: Starting com.android.server.media.MediaResourceMonitorService
08-07 11:59:08.874  1448  1448 I SystemServerTiming: StartMediaRouterService
08-07 11:59:08.875  1448  1448 I SystemServerTiming: StartFingerprintSensor
08-07 11:59:08.875  1448  1448 I SystemServiceManager: Starting com.android.server.biometrics.fingerprint.FingerprintService
08-07 11:59:08.878  1448  1448 I SystemServerTiming: StartBiometricService
08-07 11:59:08.878  1448  2185 I SystemServerTimingAsync: InitThreadPoolExec:FingerprintService.onStart
08-07 11:59:08.878  1448  1448 I SystemServiceManager: Starting com.android.server.biometrics.BiometricService
08-07 11:59:08.881  1448  1448 I SystemServerTiming: StartAuthService
08-07 11:59:08.881  1448  1448 I SystemServiceManager: Starting com.android.server.biometrics.AuthService
08-07 11:59:08.885  1448  1448 I SystemServerTiming: StartBackgroundDexOptService
08-07 11:59:08.888  1448  1448 I SystemServerTiming: StartDynamicCodeLoggingService
08-07 11:59:08.890  1448  1448 I SystemServerTiming: StartPruneInstantAppsJobService
08-07 11:59:08.890  1448  1448 I SystemServerTiming: StartShortcutServiceLifecycle
08-07 11:59:08.890  1448  1448 I SystemServiceManager: Starting com.android.server.pm.ShortcutService$Lifecycle
08-07 11:59:08.891  1448  1448 E HistoricalRegistry: Interaction before persistence initialized
08-07 11:59:08.892  1448  1448 I SystemServerTiming: StartLauncherAppsService
08-07 11:59:08.892  1448  1448 I SystemServiceManager: Starting com.android.server.pm.LauncherAppsService
08-07 11:59:08.894  1448  1448 I SystemServerTiming: StartCrossProfileAppsService
08-07 11:59:08.894  1448  1448 I SystemServiceManager: Starting com.android.server.pm.CrossProfileAppsService
08-07 11:59:08.894  1448  1448 I SystemServerTiming: StartPeopleService
08-07 11:59:08.894  1448  1448 I SystemServiceManager: Starting com.android.server.people.PeopleService
08-07 11:59:08.895  1448  1448 I SystemServerTiming: StartMediaProjectionManager
08-07 11:59:08.895  1448  1448 I SystemServiceManager: Starting com.android.server.media.projection.MediaProjectionManagerService
08-07 11:59:08.897  1448  1448 I SystemServerTiming: StartSliceManagerService
08-07 11:59:08.897  1448  1448 I SystemServiceManager: Starting com.android.server.slice.SliceManagerService$Lifecycle
08-07 11:59:08.899  1448  1448 I SystemServerTiming: StartCameraServiceProxy
08-07 11:59:08.899  1448  1448 I SystemServiceManager: Starting com.android.server.camera.CameraServiceProxy
08-07 11:59:08.902  1448  1448 I SystemServerTiming: StartStatsCompanion
08-07 11:59:08.919  1448  1448 I SystemServiceManager: Starting com.android.server.stats.StatsCompanion$Lifecycle
08-07 11:59:08.926  1448  1448 I SystemServerTiming: StartStatsPullAtomService
08-07 11:59:08.938  1448  1448 I SystemServiceManager: Starting com.android.server.stats.pull.StatsPullAtomService
08-07 11:59:08.938  1448  1448 I SystemServerTiming: StartIncidentCompanionService
08-07 11:59:08.938  1448  1448 I SystemServiceManager: Starting com.android.server.incident.IncidentCompanionService
08-07 11:59:08.939  1448  1448 I SystemServerTiming: StartMmsService
08-07 11:59:08.939  1448  1448 I SystemServiceManager: Starting com.android.server.MmsServiceBroker
08-07 11:59:08.940  1448  1448 I SystemServerTiming: StartAutoFillService
08-07 11:59:08.948  1448  1448 I SystemServiceManager: Starting com.android.server.autofill.AutofillManagerService
08-07 11:59:08.953  1448  1448 E AutofillManagerServiceImpl: Bad service name: com.google.android.gms/.autofill.service.AutofillService
08-07 11:59:08.955  1448  1448 I SystemServerTiming: StartClipboardService
08-07 11:59:08.955  1448  1448 I SystemServiceManager: Starting com.android.server.clipboard.ClipboardService
08-07 11:59:08.956  1448  1448 I SystemServerTiming: AppServiceManager
08-07 11:59:08.956  1448  1448 I SystemServiceManager: Starting com.android.server.appbinding.AppBindingService$Lifecycle
08-07 11:59:08.957  1448  1448 I SystemServerTiming: MakeVibratorServiceReady
08-07 11:59:08.958  1448  1448 E HistoricalRegistry: Interaction before persistence initialized
08-07 11:59:08.960  1448  1448 I SystemServerTiming: MakeBsGamePadServiceReady
08-07 11:59:08.960  1448  1448 W SystemServer: ***********************************************
08-07 11:59:08.961  1448  1448 E SystemServer: BOOT FAILURE making BsGamePad Service ready
08-07 11:59:08.961  1448  1448 E SystemServer: java.lang.NullPointerException: Attempt to invoke virtual method 'void com.android.server.gamepad.BsGamePadService.systemReady()' on a null object reference
08-07 11:59:08.961  1448  1448 E SystemServer: 	at com.android.server.SystemServer.startOtherServices(SystemServer.java:2278)
08-07 11:59:08.961  1448  1448 E SystemServer: 	at com.android.server.SystemServer.run(SystemServer.java:626)
08-07 11:59:08.961  1448  1448 E SystemServer: 	at com.android.server.SystemServer.main(SystemServer.java:433)
08-07 11:59:08.961  1448  1448 E SystemServer: 	at java.lang.reflect.Method.invoke(Native Method)
08-07 11:59:08.961  1448  1448 E SystemServer: 	at com.android.internal.os.RuntimeInit$MethodAndArgsCaller.run(RuntimeInit.java:656)
08-07 11:59:08.961  1448  1448 E SystemServer: 	at com.android.internal.os.ZygoteInit.main(ZygoteInit.java:945)
08-07 11:59:08.961  1448  1448 I SystemServerTiming: MakeLockSettingsServiceReady
08-07 11:59:08.963  1448  1608 I DropBoxManagerService: add tag=system_server_wtf isTagEnabled=true flags=0x2
08-07 11:59:08.972  1448  1448 I SyntheticPasswordManager: Device does not support weaver
08-07 11:59:08.972  1448  1448 I LockSettingsService: Device doesn't implement AuthSecret HAL
08-07 11:59:08.998  1448  1448 I SystemServerTiming: StartBootPhaseLockSettingsReady
08-07 11:59:08.998  1448  1448 I SystemServiceManager: Starting phase 480
08-07 11:59:08.998  1448  1448 I SystemServerTiming: OnBootPhase_480
08-07 11:59:08.998  1448  1448 I SystemServerTiming: OnBootPhase_480_com.android.server.security.FileIntegrityService
08-07 11:59:08.998  1448  1448 I SystemServerTiming: OnBootPhase_480_com.android.server.pm.Installer
08-07 11:59:08.998  1448  1448 I SystemServerTiming: OnBootPhase_480_com.android.server.os.DeviceIdentifiersPolicyService
08-07 11:59:08.998  1448  1448 I SystemServerTiming: OnBootPhase_480_com.android.server.uri.UriGrantsManagerService$Lifecycle
08-07 11:59:08.998  1448  1448 I SystemServerTiming: OnBootPhase_480_com.android.server.wm.ActivityTaskManagerService$Lifecycle
08-07 11:59:08.998  1448  1448 I SystemServerTiming: OnBootPhase_480_com.android.server.am.PeriodicCleanerService
08-07 11:59:08.998  1448  1448 I SystemServerTiming: OnBootPhase_480_com.android.server.am.ActivityManagerService$Lifecycle
08-07 11:59:08.998  1448  1448 I SystemServerTiming: OnBootPhase_480_com.android.server.pm.DataLoaderManagerService
08-07 11:59:08.998  1448  1448 I SystemServerTiming: OnBootPhase_480_com.android.server.power.PowerManagerService
08-07 11:59:08.998  1448  1448 I SystemServerTiming: OnBootPhase_480_com.android.server.power.ThermalManagerService
08-07 11:59:08.998  1448  1448 I SystemServerTiming: OnBootPhase_480_com.android.server.recoverysystem.RecoverySystemService$Lifecycle
08-07 11:59:08.998  1448  1448 I SystemServerTiming: OnBootPhase_480_com.android.server.lights.MiuiLightsService
08-07 11:59:08.998  1448  1448 I SystemServerTiming: OnBootPhase_480_com.android.server.display.DisplayManagerService
08-07 11:59:08.998  1448  1448 I SystemServerTiming: OnBootPhase_480_com.android.server.pm.CloudControlPreinstallService
08-07 11:59:08.998  1448  1448 I SystemServerTiming: OnBootPhase_480_com.android.server.pm.AdvancePreinstallService
08-07 11:59:08.998  1448  1448 I SystemServerTiming: OnBootPhase_480_com.android.server.pm.UserManagerService$LifeCycle
08-07 11:59:08.998  1448  1448 I SystemServerTiming: OnBootPhase_480_com.android.server.om.OverlayManagerService
08-07 11:59:08.998  1448  1448 I SystemServerTiming: OnBootPhase_480_com.android.server.SensorPrivacyService
08-07 11:59:08.998  1448  1448 I SystemServerTiming: OnBootPhase_480_com.android.server.SystemConfigService
08-07 11:59:08.998  1448  1448 I SystemServerTiming: OnBootPhase_480_com.android.server.BatteryService
08-07 11:59:08.998  1448  1448 I SystemServerTiming: OnBootPhase_480_com.android.server.usage.UsageStatsService
08-07 11:59:08.999  1448  1448 I SystemServerTiming: OnBootPhase_480_com.android.server.webkit.WebViewUpdateService
08-07 11:59:08.999  1448  1448 I SystemServerTiming: OnBootPhase_480_com.android.server.CachedDeviceStateService
08-07 11:59:08.999  1448  1448 I SystemServerTiming: OnBootPhase_480_com.android.server.BinderCallsStatsService$LifeCycle
08-07 11:59:08.999  1448  1448 I SystemServerTiming: OnBootPhase_480_com.android.server.LooperStatsService$Lifecycle
08-07 11:59:08.999  1448  1448 I SystemServerTiming: OnBootPhase_480_com.android.server.rollback.RollbackManagerService
08-07 11:59:08.999  1448  1448 I SystemServerTiming: OnBootPhase_480_com.android.server.os.BugreportManagerService
08-07 11:59:08.999  1448  1448 I SystemServerTiming: OnBootPhase_480_com.android.server.gpu.GpuService
08-07 11:59:08.999  1448  1448 I SystemServerTiming: OnBootPhase_480_com.android.server.security.KeyChainSystemService
08-07 11:59:08.999  1448  1448 I SystemServerTiming: OnBootPhase_480_com.android.server.telecom.TelecomLoaderService
08-07 11:59:08.999  1448  1448 I SystemServerTiming: OnBootPhase_480_com.android.server.accounts.AccountManagerService$Lifecycle
08-07 11:59:08.999  1448  1448 I SystemServerTiming: OnBootPhase_480_com.android.server.content.ContentService$Lifecycle
08-07 11:59:08.999  1448  1448 I SystemServerTiming: OnBootPhase_480_com.android.server.DropBoxManagerService
08-07 11:59:08.999  1448  1448 I SystemServerTiming: OnBootPhase_480_com.android.server.AlarmManagerService
08-07 11:59:08.999  1448  1448 I SystemServerTiming: OnBootPhase_480_com.android.server.BluetoothService
08-07 11:59:08.999  1448  1448 I SystemServerTiming: OnBootPhase_480_com.android.server.connectivity.IpConnectivityMetrics
08-07 11:59:08.999  1448  1448 I SystemServerTiming: OnBootPhase_480_com.android.server.net.watchlist.NetworkWatchlistService$Lifecycle
08-07 11:59:08.999  1448  1448 I SystemServerTiming: OnBootPhase_480_com.android.server.PinnerService
08-07 11:59:08.999  1448  1448 I SystemServerTiming: OnBootPhase_480_com.google.android.startop.iorap.IorapForwardingService
08-07 11:59:08.999  1448  1448 I SystemServerTiming: OnBootPhase_480_com.android.server.ActivityTriggerService
08-07 11:59:08.999  1448  1448 I SystemServerTiming: OnBootPhase_480_com.android.server.integrity.AppIntegrityManagerService
08-07 11:59:08.999  1448  1448 I SystemServerTiming: OnBootPhase_480_com.android.server.inputmethod.InputMethodManagerService$Lifecycle
08-07 11:59:08.999  1448  1448 I SystemServerTiming: OnBootPhase_480_com.android.server.accessibility.AccessibilityManagerService$Lifecycle
08-07 11:59:08.999  1448  1448 I SystemServerTiming: OnBootPhase_480_com.android.server.StorageManagerService$Lifecycle
08-07 11:59:08.999  1448  1448 I SystemServerTiming: OnBootPhase_480_com.android.server.usage.StorageStatsService$Lifecycle
08-07 11:59:08.999  1448  1448 I SystemServerTiming: OnBootPhase_480_com.android.server.UiModeManagerService
08-07 11:59:08.999  1448  1448 I SystemServerTiming: OnBootPhase_480_com.android.server.locksettings.LockSettingsService$Lifecycle
08-07 11:59:08.999  1448  1448 I SystemServerTiming: OnBootPhase_480_com.android.server.PersistentDataBlockService
08-07 11:59:08.999  1448  1448 I SystemServerTiming: OnBootPhase_480_com.android.server.testharness.TestHarnessModeService
08-07 11:59:08.999  1448  1448 I SystemServerTiming: OnBootPhase_480_com.android.server.oemlock.OemLockService
08-07 11:59:08.999  1448  1448 I SystemServerTiming: OnBootPhase_480_com.android.server.DeviceIdleController
08-07 11:59:08.999  1448  1448 I SystemServerTiming: OnBootPhase_480_com.android.server.devicepolicy.DevicePolicyManagerService$Lifecycle
08-07 11:59:09.070  1448  1448 W SystemServiceManager: Service com.android.server.devicepolicy.DevicePolicyManagerService$Lifecycle took 71 ms in onBootPhase
08-07 11:59:09.070  1448  1448 I SystemServerTiming: OnBootPhase_480_com.android.server.textservices.TextServicesManagerService$Lifecycle
08-07 11:59:09.070  1448  1448 I SystemServerTiming: OnBootPhase_480_com.android.server.textclassifier.TextClassificationManagerService$Lifecycle
08-07 11:59:09.070  1448  1448 I SystemServerTiming: OnBootPhase_480_com.android.server.NetworkScoreService$Lifecycle
08-07 11:59:09.070  1448  1448 I SystemServerTiming: OnBootPhase_480_com.android.server.wifi.WifiService
08-07 11:59:09.070  1448  1448 I SystemServerTiming: OnBootPhase_480_com.android.server.wifi.scanner.WifiScanningService
08-07 11:59:09.070  1448  1448 I SystemServerTiming: OnBootPhase_480_com.android.server.wifi.p2p.WifiP2pService
08-07 11:59:09.070  1448  1448 I SystemServerTiming: OnBootPhase_480_com.android.server.ethernet.EthernetService
08-07 11:59:09.070  1448  1448 I SystemServerTiming: OnBootPhase_480_com.android.server.notification.NotificationManagerService
08-07 11:59:09.070  1448  1448 I SystemServerTiming: OnBootPhase_480_com.android.server.storage.DeviceStorageMonitorService
08-07 11:59:09.070  1448  2258 I SystemServerTimingAsync: InitThreadPoolExec:DevicePolicyManager
08-07 11:59:09.070  1448  1448 I SystemServerTiming: OnBootPhase_480_com.android.server.location.LocationManagerService$Lifecycle
08-07 11:59:09.070  1448  1448 I SystemServerTiming: OnBootPhase_480_com.android.server.timedetector.TimeDetectorService$Lifecycle
08-07 11:59:09.070  1448  1448 I SystemServerTiming: OnBootPhase_480_com.android.server.timezonedetector.TimeZoneDetectorService$Lifecycle
08-07 11:59:09.070  1448  1448 I SystemServerTiming: OnBootPhase_480_com.android.server.search.SearchManagerService$Lifecycle
08-07 11:59:09.071  1448  1448 I SystemServerTiming: OnBootPhase_480_com.android.server.wallpaper.WallpaperManagerService$Lifecycle
08-07 11:59:09.071  1448  1448 I SystemServerTiming: OnBootPhase_480_com.android.server.audio.AudioService$Lifecycle
08-07 11:59:09.071  1448  1448 I SystemServerTiming: OnBootPhase_480_com.android.server.soundtrigger_middleware.SoundTriggerMiddlewareService$Lifecycle
08-07 11:59:09.071  1448  1448 I SystemServerTiming: OnBootPhase_480_com.android.server.DockObserver
08-07 11:59:09.071  1448  1448 I SystemServerTiming: OnBootPhase_480_com.android.server.midi.MidiService$Lifecycle
08-07 11:59:09.071  1448  1448 I SystemServerTiming: OnBootPhase_480_com.android.server.adb.AdbService$Lifecycle
08-07 11:59:09.071  1448  1448 I SystemServerTiming: OnBootPhase_480_com.android.server.usb.UsbService$Lifecycle
